=== RUN   TestParseArgsDefaultsToStdin
--- PASS: TestParseArgsDefaultsToStdin (0.00s)
=== RUN   TestParseArgsFormatValidation
--- PASS: TestParseArgsFormatValidation (0.00s)
=== RUN   TestChooseExitCodePriority
--- PASS: TestChooseExitCodePriority (0.00s)
=== RUN   TestParseConfigFileVersionedShape
--- PASS: TestParseConfigFileVersionedShape (0.00s)
=== RUN   TestParseConfigFileRejectsUnsupportedSchemaVersion
--- PASS: TestParseConfigFileRejectsUnsupportedSchemaVersion (0.00s)
PASS
ok  	github.com/CyanAutomation/merm8/cmd/merm8-cli	0.010s
?   	github.com/CyanAutomation/merm8/cmd/server	[no test files]
=== RUN   TestClientIdentifier_IgnoresForwardedForWithoutTrustedProxy
--- PASS: TestClientIdentifier_IgnoresForwardedForWithoutTrustedProxy (0.00s)
=== RUN   TestClientIdentifier_UsesForwardedForFromTrustedProxy
--- PASS: TestClientIdentifier_UsesForwardedForFromTrustedProxy (0.00s)
=== RUN   TestRateLimiterDeleteExpiredEntries_BoundedByBatchSize
--- PASS: TestRateLimiterDeleteExpiredEntries_BoundedByBatchSize (0.00s)
=== RUN   TestRequestIDMiddleware_PropagatesIncomingHeader
--- PASS: TestRequestIDMiddleware_PropagatesIncomingHeader (0.00s)
=== RUN   TestRequestIDMiddleware_GeneratesHeaderWhenMissing
--- PASS: TestRequestIDMiddleware_GeneratesHeaderWhenMissing (0.00s)
=== RUN   TestAnalyze_MissingCode
--- PASS: TestAnalyze_MissingCode (0.00s)
=== RUN   TestAnalyze_InvalidJSON
--- PASS: TestAnalyze_InvalidJSON (0.00s)
=== RUN   TestAnalyze_RequestBodyTooLarge
--- PASS: TestAnalyze_RequestBodyTooLarge (0.02s)
=== RUN   TestAnalyze_ParserFails_Returns500
{"time":"2026-03-03T22:10:37.295344169Z","level":"ERROR","msg":"parser failure","component":"api","request_id":"","route":"/analyze","method":"POST","parser_outcome":"internal_error","error":"mock parser error"}
{"time":"2026-03-03T22:10:37.295510483Z","level":"ERROR","msg":"write parser failure response","component":"api","request_id":"","parser_outcome":"internal_error","error":"mock parser error"}
--- PASS: TestAnalyze_ParserFails_Returns500 (0.00s)
=== RUN   TestAnalyze_ParserTimeout_Returns504
{"time":"2026-03-03T22:10:37.29578872Z","level":"ERROR","msg":"parser failure","component":"api","request_id":"","route":"/analyze","method":"POST","parser_outcome":"parser_timeout","error":"parser timeout: after 2s"}
{"time":"2026-03-03T22:10:37.295833808Z","level":"ERROR","msg":"write parser failure response","component":"api","request_id":"","parser_outcome":"parser_timeout","error":"parser timeout: after 2s"}
--- PASS: TestAnalyze_ParserTimeout_Returns504 (0.00s)
=== RUN   TestAnalyze_ParserSubprocessError_Returns500
{"time":"2026-03-03T22:10:37.296078924Z","level":"ERROR","msg":"parser failure","component":"api","request_id":"","route":"/analyze","method":"POST","parser_outcome":"parser_subprocess_error","error":"parser subprocess error: exit status 1"}
{"time":"2026-03-03T22:10:37.296109228Z","level":"ERROR","msg":"write parser failure response","component":"api","request_id":"","parser_outcome":"parser_subprocess_error","error":"parser subprocess error: exit status 1"}
--- PASS: TestAnalyze_ParserSubprocessError_Returns500 (0.00s)
=== RUN   TestAnalyze_ParserDecodeError_Returns500
{"time":"2026-03-03T22:10:37.296546949Z","level":"ERROR","msg":"parser failure","component":"api","request_id":"","route":"/analyze","method":"POST","parser_outcome":"parser_decode_error","error":"parser decode error: malformed json"}
{"time":"2026-03-03T22:10:37.296555522Z","level":"ERROR","msg":"write parser failure response","component":"api","request_id":"","parser_outcome":"parser_decode_error","error":"parser decode error: malformed json"}
--- PASS: TestAnalyze_ParserDecodeError_Returns500 (0.00s)
=== RUN   TestAnalyze_ParserContractViolation_Returns500
{"time":"2026-03-03T22:10:37.296693084Z","level":"ERROR","msg":"parser failure","component":"api","request_id":"","route":"/analyze","method":"POST","parser_outcome":"parser_contract_violation","error":"parser contract violation: missing ast"}
{"time":"2026-03-03T22:10:37.296699257Z","level":"ERROR","msg":"write parser failure response","component":"api","request_id":"","parser_outcome":"parser_contract_violation","error":"parser contract violation: missing ast"}
--- PASS: TestAnalyze_ParserContractViolation_Returns500 (0.00s)
=== RUN   TestAnalyze_ParserReturnsNilDiagram_Returns500
{"time":"2026-03-03T22:10:37.296836589Z","level":"ERROR","msg":"parser returned nil diagram","component":"api","request_id":"","route":"/analyze","method":"POST"}
--- PASS: TestAnalyze_ParserReturnsNilDiagram_Returns500 (0.00s)
=== RUN   TestAnalyze_NoPanicOnNilDiagram
{"time":"2026-03-03T22:10:37.2970117Z","level":"ERROR","msg":"parser returned nil diagram","component":"api","request_id":"","route":"/analyze","method":"POST"}
--- PASS: TestAnalyze_NoPanicOnNilDiagram (0.00s)
=== RUN   TestAnalyze_ValidDiagram_SuccessPath
{"time":"2026-03-03T22:10:37.297153393Z","level":"INFO","msg":"engine rule metrics","component":"api","request_id":"","rule_id":"max-depth","executions":1,"issues_emitted":0,"total_duration_ns":3694}
{"time":"2026-03-03T22:10:37.297161374Z","level":"INFO","msg":"engine rule metrics","component":"api","request_id":"","rule_id":"max-fanout","executions":1,"issues_emitted":0,"total_duration_ns":1339}
{"time":"2026-03-03T22:10:37.297165172Z","level":"INFO","msg":"engine rule metrics","component":"api","request_id":"","rule_id":"no-cycles","executions":1,"issues_emitted":0,"total_duration_ns":3051}
{"time":"2026-03-03T22:10:37.29718238Z","level":"INFO","msg":"engine rule metrics","component":"api","request_id":"","rule_id":"no-disconnected-nodes","executions":1,"issues_emitted":0,"total_duration_ns":925}
{"time":"2026-03-03T22:10:37.297452973Z","level":"INFO","msg":"engine rule metrics","component":"api","request_id":"","rule_id":"no-duplicate-node-ids","executions":1,"issues_emitted":0,"total_duration_ns":802}
--- PASS: TestAnalyze_ValidDiagram_SuccessPath (0.00s)
=== RUN   TestAnalyze_SyntaxError_Returns200
--- PASS: TestAnalyze_SyntaxError_Returns200 (0.00s)
=== RUN   TestAnalyze_SyntaxError_UsesDetectedDiagramTypeForDefaults
--- PASS: TestAnalyze_SyntaxError_UsesDetectedDiagramTypeForDefaults (0.00s)
=== RUN   TestAnalyze_UnsupportedDiagramType_ReturnsStructuredError
--- PASS: TestAnalyze_UnsupportedDiagramType_ReturnsStructuredError (0.00s)
=== RUN   TestAnalyze_ConfigApplied_MaxFanout
{"time":"2026-03-03T22:10:37.298524733Z","level":"INFO","msg":"engine rule metrics","component":"api","request_id":"","rule_id":"max-depth","executions":1,"issues_emitted":0,"total_duration_ns":2978}
{"time":"2026-03-03T22:10:37.298553123Z","level":"INFO","msg":"engine rule metrics","component":"api","request_id":"","rule_id":"max-fanout","executions":1,"issues_emitted":1,"total_duration_ns":3022}
{"time":"2026-03-03T22:10:37.298565463Z","level":"INFO","msg":"engine rule metrics","component":"api","request_id":"","rule_id":"no-cycles","executions":1,"issues_emitted":0,"total_duration_ns":2484}
{"time":"2026-03-03T22:10:37.298576669Z","level":"INFO","msg":"engine rule metrics","component":"api","request_id":"","rule_id":"no-disconnected-nodes","executions":1,"issues_emitted":0,"total_duration_ns":740}
{"time":"2026-03-03T22:10:37.298588291Z","level":"INFO","msg":"engine rule metrics","component":"api","request_id":"","rule_id":"no-duplicate-node-ids","executions":1,"issues_emitted":0,"total_duration_ns":711}
--- PASS: TestAnalyze_ConfigApplied_MaxFanout (0.00s)
=== RUN   TestAnalyze_ConfigParsing
=== RUN   TestAnalyze_ConfigParsing/canonical_versioned_format
{"time":"2026-03-03T22:10:37.298897608Z","level":"INFO","msg":"engine rule metrics","component":"api","request_id":"","rule_id":"max-depth","executions":1,"issues_emitted":0,"total_duration_ns":3021}
{"time":"2026-03-03T22:10:37.29892274Z","level":"INFO","msg":"engine rule metrics","component":"api","request_id":"","rule_id":"max-fanout","executions":1,"issues_emitted":1,"total_duration_ns":2468}
{"time":"2026-03-03T22:10:37.29893452Z","level":"INFO","msg":"engine rule metrics","component":"api","request_id":"","rule_id":"no-cycles","executions":1,"issues_emitted":0,"total_duration_ns":2546}
{"time":"2026-03-03T22:10:37.298945082Z","level":"INFO","msg":"engine rule metrics","component":"api","request_id":"","rule_id":"no-disconnected-nodes","executions":1,"issues_emitted":0,"total_duration_ns":695}
{"time":"2026-03-03T22:10:37.298962177Z","level":"INFO","msg":"engine rule metrics","component":"api","request_id":"","rule_id":"no-duplicate-node-ids","executions":1,"issues_emitted":0,"total_duration_ns":553}
--- PASS: TestAnalyze_ConfigParsing (0.00s)
    --- PASS: TestAnalyze_ConfigParsing/canonical_versioned_format (0.00s)
=== RUN   TestAnalyze_ConfigLegacySnakeCaseKeysAcceptedWithWarning
{"time":"2026-03-03T22:10:37.299249116Z","level":"INFO","msg":"engine rule metrics","component":"api","request_id":"","rule_id":"max-depth","executions":1,"issues_emitted":0,"total_duration_ns":2145}
{"time":"2026-03-03T22:10:37.299275076Z","level":"INFO","msg":"engine rule metrics","component":"api","request_id":"","rule_id":"max-fanout","executions":1,"issues_emitted":0,"total_duration_ns":830}
{"time":"2026-03-03T22:10:37.299294461Z","level":"INFO","msg":"engine rule metrics","component":"api","request_id":"","rule_id":"no-cycles","executions":1,"issues_emitted":0,"total_duration_ns":1437}
{"time":"2026-03-03T22:10:37.299305914Z","level":"INFO","msg":"engine rule metrics","component":"api","request_id":"","rule_id":"no-disconnected-nodes","executions":1,"issues_emitted":0,"total_duration_ns":426}
{"time":"2026-03-03T22:10:37.299316448Z","level":"INFO","msg":"engine rule metrics","component":"api","request_id":"","rule_id":"no-duplicate-node-ids","executions":1,"issues_emitted":0,"total_duration_ns":406}
--- PASS: TestAnalyze_ConfigLegacySnakeCaseKeysAcceptedWithWarning (0.00s)
=== RUN   TestAnalyze_ConfigLegacySnakeCaseKeysRejectedWhenPhaseFlips
--- PASS: TestAnalyze_ConfigLegacySnakeCaseKeysRejectedWhenPhaseFlips (0.00s)
=== RUN   TestAnalyze_ConfigSchemaVersion_Validation
=== RUN   TestAnalyze_ConfigSchemaVersion_Validation/accepts_versioned_config
{"time":"2026-03-03T22:10:37.29982256Z","level":"INFO","msg":"engine rule metrics","component":"api","request_id":"","rule_id":"max-depth","executions":1,"issues_emitted":0,"total_duration_ns":3157}
{"time":"2026-03-03T22:10:37.299850136Z","level":"INFO","msg":"engine rule metrics","component":"api","request_id":"","rule_id":"max-fanout","executions":1,"issues_emitted":1,"total_duration_ns":2561}
{"time":"2026-03-03T22:10:37.299861902Z","level":"INFO","msg":"engine rule metrics","component":"api","request_id":"","rule_id":"no-cycles","executions":1,"issues_emitted":0,"total_duration_ns":2363}
{"time":"2026-03-03T22:10:37.299873302Z","level":"INFO","msg":"engine rule metrics","component":"api","request_id":"","rule_id":"no-disconnected-nodes","executions":1,"issues_emitted":0,"total_duration_ns":523}
{"time":"2026-03-03T22:10:37.299884451Z","level":"INFO","msg":"engine rule metrics","component":"api","request_id":"","rule_id":"no-duplicate-node-ids","executions":1,"issues_emitted":0,"total_duration_ns":480}
=== RUN   TestAnalyze_ConfigSchemaVersion_Validation/rejects_unknown_schema_version
=== RUN   TestAnalyze_ConfigSchemaVersion_Validation/legacy_formats_are_rejected_in_strict_mode
--- PASS: TestAnalyze_ConfigSchemaVersion_Validation (0.00s)
    --- PASS: TestAnalyze_ConfigSchemaVersion_Validation/accepts_versioned_config (0.00s)
    --- PASS: TestAnalyze_ConfigSchemaVersion_Validation/rejects_unknown_schema_version (0.00s)
    --- PASS: TestAnalyze_ConfigSchemaVersion_Validation/legacy_formats_are_rejected_in_strict_mode (0.00s)
=== RUN   TestAnalyze_MultipleRulesAggregate
{"time":"2026-03-03T22:10:37.30053309Z","level":"INFO","msg":"engine rule metrics","component":"api","request_id":"","rule_id":"max-depth","executions":1,"issues_emitted":0,"total_duration_ns":2022}
{"time":"2026-03-03T22:10:37.300557409Z","level":"INFO","msg":"engine rule metrics","component":"api","request_id":"","rule_id":"max-fanout","executions":1,"issues_emitted":0,"total_duration_ns":943}
{"time":"2026-03-03T22:10:37.300569994Z","level":"INFO","msg":"engine rule metrics","component":"api","request_id":"","rule_id":"no-cycles","executions":1,"issues_emitted":0,"total_duration_ns":1567}
{"time":"2026-03-03T22:10:37.300581918Z","level":"INFO","msg":"engine rule metrics","component":"api","request_id":"","rule_id":"no-disconnected-nodes","executions":1,"issues_emitted":1,"total_duration_ns":767}
{"time":"2026-03-03T22:10:37.300593222Z","level":"INFO","msg":"engine rule metrics","component":"api","request_id":"","rule_id":"no-duplicate-node-ids","executions":1,"issues_emitted":1,"total_duration_ns":1101}
    handler_test.go:1083: rules fired: map[no-disconnected-nodes:1 no-duplicate-node-ids:1]
--- PASS: TestAnalyze_MultipleRulesAggregate (0.00s)
=== RUN   TestAnalyze_MetricsExtendedFields
{"time":"2026-03-03T22:10:37.300825744Z","level":"INFO","msg":"engine rule metrics","component":"api","request_id":"","rule_id":"max-depth","executions":1,"issues_emitted":0,"total_duration_ns":3462}
{"time":"2026-03-03T22:10:37.30084779Z","level":"INFO","msg":"engine rule metrics","component":"api","request_id":"","rule_id":"max-fanout","executions":1,"issues_emitted":0,"total_duration_ns":877}
{"time":"2026-03-03T22:10:37.300859926Z","level":"INFO","msg":"engine rule metrics","component":"api","request_id":"","rule_id":"no-cycles","executions":1,"issues_emitted":0,"total_duration_ns":2257}
{"time":"2026-03-03T22:10:37.300871105Z","level":"INFO","msg":"engine rule metrics","component":"api","request_id":"","rule_id":"no-disconnected-nodes","executions":1,"issues_emitted":1,"total_duration_ns":878}
{"time":"2026-03-03T22:10:37.300883218Z","level":"INFO","msg":"engine rule metrics","component":"api","request_id":"","rule_id":"no-duplicate-node-ids","executions":1,"issues_emitted":1,"total_duration_ns":1046}
--- PASS: TestAnalyze_MetricsExtendedFields (0.00s)
=== RUN   TestAnalyze_LargeDiagram
{"time":"2026-03-03T22:10:37.303559511Z","level":"INFO","msg":"engine rule metrics","component":"api","request_id":"","rule_id":"max-depth","executions":1,"issues_emitted":1,"total_duration_ns":1322575}
{"time":"2026-03-03T22:10:37.303571132Z","level":"INFO","msg":"engine rule metrics","component":"api","request_id":"","rule_id":"max-fanout","executions":1,"issues_emitted":0,"total_duration_ns":141965}
{"time":"2026-03-03T22:10:37.303574818Z","level":"INFO","msg":"engine rule metrics","component":"api","request_id":"","rule_id":"no-cycles","executions":1,"issues_emitted":0,"total_duration_ns":616521}
{"time":"2026-03-03T22:10:37.303577817Z","level":"INFO","msg":"engine rule metrics","component":"api","request_id":"","rule_id":"no-disconnected-nodes","executions":1,"issues_emitted":0,"total_duration_ns":41850}
{"time":"2026-03-03T22:10:37.303580841Z","level":"INFO","msg":"engine rule metrics","component":"api","request_id":"","rule_id":"no-duplicate-node-ids","executions":1,"issues_emitted":0,"total_duration_ns":29118}
    handler_test.go:1213: Large diagram analysis completed in 2.572016ms (nodes: 500, edges: 499)
--- PASS: TestAnalyze_LargeDiagram (0.00s)
=== RUN   TestAnalyze_LargeTopologyMetricsAndFindings
=== RUN   TestAnalyze_LargeTopologyMetricsAndFindings/linear_chain_(10000_nodes)
{"time":"2026-03-03T22:10:38.564466404Z","level":"INFO","msg":"engine rule metrics","component":"api","request_id":"","rule_id":"max-depth","executions":1,"issues_emitted":1,"total_duration_ns":1197352131}
{"time":"2026-03-03T22:10:38.564495301Z","level":"INFO","msg":"engine rule metrics","component":"api","request_id":"","rule_id":"max-fanout","executions":1,"issues_emitted":0,"total_duration_ns":11428879}
{"time":"2026-03-03T22:10:38.564500284Z","level":"INFO","msg":"engine rule metrics","component":"api","request_id":"","rule_id":"no-cycles","executions":1,"issues_emitted":0,"total_duration_ns":31658345}
{"time":"2026-03-03T22:10:38.56450961Z","level":"INFO","msg":"engine rule metrics","component":"api","request_id":"","rule_id":"no-disconnected-nodes","executions":1,"issues_emitted":0,"total_duration_ns":1450250}
{"time":"2026-03-03T22:10:38.564512887Z","level":"INFO","msg":"engine rule metrics","component":"api","request_id":"","rule_id":"no-duplicate-node-ids","executions":1,"issues_emitted":0,"total_duration_ns":631973}
=== RUN   TestAnalyze_LargeTopologyMetricsAndFindings/single_hub_high_fan-out
{"time":"2026-03-03T22:10:38.589486198Z","level":"INFO","msg":"engine rule metrics","component":"api","request_id":"","rule_id":"max-depth","executions":1,"issues_emitted":0,"total_duration_ns":3344049}
{"time":"2026-03-03T22:10:38.589570625Z","level":"INFO","msg":"engine rule metrics","component":"api","request_id":"","rule_id":"max-fanout","executions":1,"issues_emitted":1,"total_duration_ns":644161}
{"time":"2026-03-03T22:10:38.589587002Z","level":"INFO","msg":"engine rule metrics","component":"api","request_id":"","rule_id":"no-cycles","executions":1,"issues_emitted":0,"total_duration_ns":9901162}
{"time":"2026-03-03T22:10:38.589599243Z","level":"INFO","msg":"engine rule metrics","component":"api","request_id":"","rule_id":"no-disconnected-nodes","executions":1,"issues_emitted":0,"total_duration_ns":583874}
{"time":"2026-03-03T22:10:38.589611808Z","level":"INFO","msg":"engine rule metrics","component":"api","request_id":"","rule_id":"no-duplicate-node-ids","executions":1,"issues_emitted":0,"total_duration_ns":336402}
=== RUN   TestAnalyze_LargeTopologyMetricsAndFindings/high_fan-in_target_node
{"time":"2026-03-03T22:10:38.623866957Z","level":"INFO","msg":"engine rule metrics","component":"api","request_id":"","rule_id":"max-depth","executions":1,"issues_emitted":0,"total_duration_ns":10410426}
{"time":"2026-03-03T22:10:38.623935729Z","level":"INFO","msg":"engine rule metrics","component":"api","request_id":"","rule_id":"max-fanout","executions":1,"issues_emitted":0,"total_duration_ns":7419113}
{"time":"2026-03-03T22:10:38.623948668Z","level":"INFO","msg":"engine rule metrics","component":"api","request_id":"","rule_id":"no-cycles","executions":1,"issues_emitted":0,"total_duration_ns":10765305}
{"time":"2026-03-03T22:10:38.623958841Z","level":"INFO","msg":"engine rule metrics","component":"api","request_id":"","rule_id":"no-disconnected-nodes","executions":1,"issues_emitted":0,"total_duration_ns":2555036}
{"time":"2026-03-03T22:10:38.623968855Z","level":"INFO","msg":"engine rule metrics","component":"api","request_id":"","rule_id":"no-duplicate-node-ids","executions":1,"issues_emitted":0,"total_duration_ns":873770}
--- PASS: TestAnalyze_LargeTopologyMetricsAndFindings (1.33s)
    --- PASS: TestAnalyze_LargeTopologyMetricsAndFindings/linear_chain_(10000_nodes) (1.25s)
    --- PASS: TestAnalyze_LargeTopologyMetricsAndFindings/single_hub_high_fan-out (0.02s)
    --- PASS: TestAnalyze_LargeTopologyMetricsAndFindings/high_fan-in_target_node (0.04s)
=== RUN   TestAnalyze_Stress_ConcurrentMixedPayloads
=== PAUSE TestAnalyze_Stress_ConcurrentMixedPayloads
=== RUN   TestDiagramTypes_ReturnsParserAndLintSupport
--- PASS: TestDiagramTypes_ReturnsParserAndLintSupport (0.00s)
=== RUN   TestHealthz_ReturnsOK
=== RUN   TestHealthz_ReturnsOK/healthz
=== RUN   TestHealthz_ReturnsOK/health
--- PASS: TestHealthz_ReturnsOK (0.00s)
    --- PASS: TestHealthz_ReturnsOK/healthz (0.00s)
    --- PASS: TestHealthz_ReturnsOK/health (0.00s)
=== RUN   TestMetrics_ReturnsNotImplementedWhenExporterMissing
--- PASS: TestMetrics_ReturnsNotImplementedWhenExporterMissing (0.00s)
=== RUN   TestMetrics_ExporterExposesPrometheusText
--- PASS: TestMetrics_ExporterExposesPrometheusText (0.00s)
=== RUN   TestInfo_ReturnsServiceAndParserMetadata
--- PASS: TestInfo_ReturnsServiceAndParserMetadata (0.00s)
=== RUN   TestReady_OptionallyIncludesVersionMetadata
--- PASS: TestReady_OptionallyIncludesVersionMetadata (0.00s)
=== RUN   TestReady_ReturnsReadyWhenDependencyHealthy
--- PASS: TestReady_ReturnsReadyWhenDependencyHealthy (0.00s)
=== RUN   TestReady_ReturnsUnavailableWhenDependencyUnhealthy
--- PASS: TestReady_ReturnsUnavailableWhenDependencyUnhealthy (0.00s)
=== RUN   TestAnalyze_Integration_SingleRuleSuppression
{"time":"2026-03-03T22:10:38.772312317Z","level":"INFO","msg":"engine rule metrics","component":"api","request_id":"","rule_id":"max-depth","executions":1,"issues_emitted":0,"total_duration_ns":3968}
{"time":"2026-03-03T22:10:38.772334279Z","level":"INFO","msg":"engine rule metrics","component":"api","request_id":"","rule_id":"max-fanout","executions":1,"issues_emitted":1,"total_duration_ns":7391}
{"time":"2026-03-03T22:10:38.772338862Z","level":"INFO","msg":"engine rule metrics","component":"api","request_id":"","rule_id":"no-cycles","executions":1,"issues_emitted":0,"total_duration_ns":2519}
{"time":"2026-03-03T22:10:38.772342608Z","level":"INFO","msg":"engine rule metrics","component":"api","request_id":"","rule_id":"no-disconnected-nodes","executions":1,"issues_emitted":0,"total_duration_ns":1202}
{"time":"2026-03-03T22:10:38.772346113Z","level":"INFO","msg":"engine rule metrics","component":"api","request_id":"","rule_id":"no-duplicate-node-ids","executions":1,"issues_emitted":0,"total_duration_ns":942}
--- PASS: TestAnalyze_Integration_SingleRuleSuppression (0.14s)
=== RUN   TestAnalyze_Integration_GlobalSuppression
{"time":"2026-03-03T22:10:39.22268346Z","level":"INFO","msg":"engine rule metrics","component":"api","request_id":"","rule_id":"max-depth","executions":1,"issues_emitted":0,"total_duration_ns":4366}
{"time":"2026-03-03T22:10:39.223388602Z","level":"INFO","msg":"engine rule metrics","component":"api","request_id":"","rule_id":"max-fanout","executions":1,"issues_emitted":1,"total_duration_ns":336727}
{"time":"2026-03-03T22:10:39.223393539Z","level":"INFO","msg":"engine rule metrics","component":"api","request_id":"","rule_id":"no-cycles","executions":1,"issues_emitted":0,"total_duration_ns":4477}
{"time":"2026-03-03T22:10:39.22339712Z","level":"INFO","msg":"engine rule metrics","component":"api","request_id":"","rule_id":"no-disconnected-nodes","executions":1,"issues_emitted":0,"total_duration_ns":1026}
{"time":"2026-03-03T22:10:39.224660272Z","level":"INFO","msg":"engine rule metrics","component":"api","request_id":"","rule_id":"no-duplicate-node-ids","executions":1,"issues_emitted":0,"total_duration_ns":1049}
--- PASS: TestAnalyze_Integration_GlobalSuppression (0.45s)
=== RUN   TestAnalyze_Integration_UnsupportedDiagramTypes
=== RUN   TestAnalyze_Integration_UnsupportedDiagramTypes/class_diagram
=== RUN   TestAnalyze_Integration_UnsupportedDiagramTypes/state_diagram
--- PASS: TestAnalyze_Integration_UnsupportedDiagramTypes (0.53s)
    --- PASS: TestAnalyze_Integration_UnsupportedDiagramTypes/class_diagram (0.22s)
    --- PASS: TestAnalyze_Integration_UnsupportedDiagramTypes/state_diagram (0.21s)
=== RUN   TestAnalyze_Integration_IgnoreNextLineSuppressesOnlyTargetLineForMatchingRule
{"time":"2026-03-03T22:10:40.254276869Z","level":"INFO","msg":"engine rule metrics","component":"api","request_id":"","rule_id":"next-line-probe","executions":1,"issues_emitted":2,"total_duration_ns":2685}
{"time":"2026-03-03T22:10:40.254297703Z","level":"INFO","msg":"engine rule metrics","component":"api","request_id":"","rule_id":"other-probe","executions":1,"issues_emitted":1,"total_duration_ns":399}
--- PASS: TestAnalyze_Integration_IgnoreNextLineSuppressesOnlyTargetLineForMatchingRule (0.50s)
=== RUN   TestAnalyze_Integration_ParserTimeout_Returns504AndHandlerStaysResponsive
{"time":"2026-03-03T22:10:45.389634399Z","level":"ERROR","msg":"parser failure","component":"api","request_id":"","route":"/analyze","method":"POST","parser_outcome":"parser_timeout","error":"parser timeout: after 5s"}
{"time":"2026-03-03T22:10:45.389652263Z","level":"ERROR","msg":"write parser failure response","component":"api","request_id":"","parser_outcome":"parser_timeout","error":"parser timeout: after 5s"}
--- PASS: TestAnalyze_Integration_ParserTimeout_Returns504AndHandlerStaysResponsive (5.13s)
=== RUN   TestAnalyze_MalformedConfigObjects_Returns400
=== RUN   TestAnalyze_MalformedConfigObjects_Returns400/config_must_be_object
=== RUN   TestAnalyze_MalformedConfigObjects_Returns400/config_rules_must_be_object
=== RUN   TestAnalyze_MalformedConfigObjects_Returns400/rule_config_must_be_object
=== RUN   TestAnalyze_MalformedConfigObjects_Returns400/nested_rule_config_must_be_object
--- PASS: TestAnalyze_MalformedConfigObjects_Returns400 (0.00s)
    --- PASS: TestAnalyze_MalformedConfigObjects_Returns400/config_must_be_object (0.00s)
    --- PASS: TestAnalyze_MalformedConfigObjects_Returns400/config_rules_must_be_object (0.00s)
    --- PASS: TestAnalyze_MalformedConfigObjects_Returns400/rule_config_must_be_object (0.00s)
    --- PASS: TestAnalyze_MalformedConfigObjects_Returns400/nested_rule_config_must_be_object (0.00s)
=== RUN   TestAnalyze_InvalidSeverityConfig_Returns400
--- PASS: TestAnalyze_InvalidSeverityConfig_Returns400 (0.00s)
=== RUN   TestAnalyze_InvalidUnknownRuleConfigNested_Returns400
--- PASS: TestAnalyze_InvalidUnknownRuleConfigNested_Returns400 (0.00s)
=== RUN   TestAnalyze_InvalidUnknownRuleConfigWithoutSchemaVersion_Returns400
--- PASS: TestAnalyze_InvalidUnknownRuleConfigWithoutSchemaVersion_Returns400 (0.00s)
=== RUN   TestAnalyze_InvalidUnknownOptionConfig_Returns400
--- PASS: TestAnalyze_InvalidUnknownOptionConfig_Returns400 (0.00s)
=== RUN   TestAnalyze_InvalidMaxFanoutLimitConfig_Returns400
--- PASS: TestAnalyze_InvalidMaxFanoutLimitConfig_Returns400 (0.00s)
=== RUN   TestAnalyze_DisableRuleViaConfig
{"time":"2026-03-03T22:10:45.391270444Z","level":"INFO","msg":"engine rule metrics","component":"api","request_id":"","rule_id":"max-depth","executions":1,"issues_emitted":0,"total_duration_ns":2487}
{"time":"2026-03-03T22:10:45.391281942Z","level":"INFO","msg":"engine rule metrics","component":"api","request_id":"","rule_id":"max-fanout","executions":1,"issues_emitted":0,"total_duration_ns":1441}
{"time":"2026-03-03T22:10:45.391285859Z","level":"INFO","msg":"engine rule metrics","component":"api","request_id":"","rule_id":"no-cycles","executions":1,"issues_emitted":0,"total_duration_ns":1515}
{"time":"2026-03-03T22:10:45.391288992Z","level":"INFO","msg":"engine rule metrics","component":"api","request_id":"","rule_id":"no-disconnected-nodes","executions":1,"issues_emitted":0,"total_duration_ns":527}
--- PASS: TestAnalyze_DisableRuleViaConfig (0.00s)
=== RUN   TestAnalyze_SeverityOverride
{"time":"2026-03-03T22:10:45.391435099Z","level":"INFO","msg":"engine rule metrics","component":"api","request_id":"","rule_id":"max-depth","executions":1,"issues_emitted":0,"total_duration_ns":1179}
{"time":"2026-03-03T22:10:45.391443256Z","level":"INFO","msg":"engine rule metrics","component":"api","request_id":"","rule_id":"max-fanout","executions":1,"issues_emitted":0,"total_duration_ns":466}
{"time":"2026-03-03T22:10:45.391447363Z","level":"INFO","msg":"engine rule metrics","component":"api","request_id":"","rule_id":"no-cycles","executions":1,"issues_emitted":0,"total_duration_ns":877}
{"time":"2026-03-03T22:10:45.391450559Z","level":"INFO","msg":"engine rule metrics","component":"api","request_id":"","rule_id":"no-disconnected-nodes","executions":1,"issues_emitted":0,"total_duration_ns":258}
{"time":"2026-03-03T22:10:45.391453584Z","level":"INFO","msg":"engine rule metrics","component":"api","request_id":"","rule_id":"no-duplicate-node-ids","executions":1,"issues_emitted":1,"total_duration_ns":906}
--- PASS: TestAnalyze_SeverityOverride (0.00s)
=== RUN   TestAnalyze_SeverityOverride_NormalizesCaseAndWhitespace
{"time":"2026-03-03T22:10:45.391588475Z","level":"INFO","msg":"engine rule metrics","component":"api","request_id":"","rule_id":"max-depth","executions":1,"issues_emitted":0,"total_duration_ns":1114}
{"time":"2026-03-03T22:10:45.391595724Z","level":"INFO","msg":"engine rule metrics","component":"api","request_id":"","rule_id":"max-fanout","executions":1,"issues_emitted":0,"total_duration_ns":418}
{"time":"2026-03-03T22:10:45.391599026Z","level":"INFO","msg":"engine rule metrics","component":"api","request_id":"","rule_id":"no-cycles","executions":1,"issues_emitted":0,"total_duration_ns":973}
{"time":"2026-03-03T22:10:45.391602084Z","level":"INFO","msg":"engine rule metrics","component":"api","request_id":"","rule_id":"no-disconnected-nodes","executions":1,"issues_emitted":0,"total_duration_ns":250}
{"time":"2026-03-03T22:10:45.391605205Z","level":"INFO","msg":"engine rule metrics","component":"api","request_id":"","rule_id":"no-duplicate-node-ids","executions":1,"issues_emitted":1,"total_duration_ns":651}
--- PASS: TestAnalyze_SeverityOverride_NormalizesCaseAndWhitespace (0.00s)
=== RUN   TestAnalyze_WarnSeverityAliasRejected_Returns400
--- PASS: TestAnalyze_WarnSeverityAliasRejected_Returns400 (0.00s)
=== RUN   TestAnalyze_Integration_NonMatchingSuppressionDoesNotHideIssue
{"time":"2026-03-03T22:10:45.730695922Z","level":"INFO","msg":"engine rule metrics","component":"api","request_id":"","rule_id":"max-depth","executions":1,"issues_emitted":0,"total_duration_ns":4936}
{"time":"2026-03-03T22:10:45.730739414Z","level":"INFO","msg":"engine rule metrics","component":"api","request_id":"","rule_id":"max-fanout","executions":1,"issues_emitted":1,"total_duration_ns":8143}
{"time":"2026-03-03T22:10:45.730743957Z","level":"INFO","msg":"engine rule metrics","component":"api","request_id":"","rule_id":"no-cycles","executions":1,"issues_emitted":0,"total_duration_ns":3043}
{"time":"2026-03-03T22:10:45.730747386Z","level":"INFO","msg":"engine rule metrics","component":"api","request_id":"","rule_id":"no-disconnected-nodes","executions":1,"issues_emitted":0,"total_duration_ns":818}
{"time":"2026-03-03T22:10:45.730750262Z","level":"INFO","msg":"engine rule metrics","component":"api","request_id":"","rule_id":"no-duplicate-node-ids","executions":1,"issues_emitted":0,"total_duration_ns":954}
--- PASS: TestAnalyze_Integration_NonMatchingSuppressionDoesNotHideIssue (0.34s)
=== RUN   TestAnalyze_ParserConcurrencyLimitReached_Returns503
--- PASS: TestAnalyze_ParserConcurrencyLimitReached_Returns503 (0.00s)
=== RUN   TestAnalyzeBearerAuthMiddleware_RequiresTokenInProduction
--- PASS: TestAnalyzeBearerAuthMiddleware_RequiresTokenInProduction (0.00s)
=== RUN   TestAnalyzeRateLimitMiddleware_Returns429
--- PASS: TestAnalyzeRateLimitMiddleware_Returns429 (0.00s)
=== RUN   TestAnalyzeAuthMiddleware_PrecedesRateLimitQuotaConsumption
--- PASS: TestAnalyzeAuthMiddleware_PrecedesRateLimitQuotaConsumption (0.00s)
=== RUN   TestRuleConfigSchema_ResponseShape
--- PASS: TestRuleConfigSchema_ResponseShape (0.00s)
=== RUN   TestListRules_ResponseShape
--- PASS: TestListRules_ResponseShape (0.00s)
=== RUN   TestListRules_ContainsAllBuiltins
--- PASS: TestListRules_ContainsAllBuiltins (0.00s)
=== RUN   TestListRules_MetadataConsistencyWithRegistry
--- PASS: TestListRules_MetadataConsistencyWithRegistry (0.00s)
=== RUN   TestAnalyze_InvalidMaxDepthLimitConfig_Returns400
--- PASS: TestAnalyze_InvalidMaxDepthLimitConfig_Returns400 (0.00s)
=== RUN   TestAnalyze_InvalidNoCyclesAllowSelfLoopType_Returns400
--- PASS: TestAnalyze_InvalidNoCyclesAllowSelfLoopType_Returns400 (0.00s)
=== RUN   TestAnalyzeSARIF_ReturnsSARIFForValidAnalysis
{"time":"2026-03-03T22:10:45.73709038Z","level":"INFO","msg":"engine rule metrics","component":"api","request_id":"","rule_id":"sarif-probe","executions":1,"issues_emitted":1,"total_duration_ns":312}
--- PASS: TestAnalyzeSARIF_ReturnsSARIFForValidAnalysis (0.00s)
=== RUN   TestAnalyzeSARIF_SeverityMapping
{"time":"2026-03-03T22:10:45.737485195Z","level":"INFO","msg":"engine rule metrics","component":"api","request_id":"","rule_id":"severity-probe","executions":1,"issues_emitted":3,"total_duration_ns":499}
--- PASS: TestAnalyzeSARIF_SeverityMapping (0.00s)
=== RUN   TestAnalyzeSARIF_NilURLDoesNotPanic
{"time":"2026-03-03T22:10:45.737618337Z","level":"INFO","msg":"engine rule metrics","component":"api","request_id":"","rule_id":"sarif-probe","executions":1,"issues_emitted":1,"total_duration_ns":277}
--- PASS: TestAnalyzeSARIF_NilURLDoesNotPanic (0.00s)
=== RUN   TestAnalyze_ConfigSuppressionSelectors_Node
{"time":"2026-03-03T22:10:45.737783478Z","level":"INFO","msg":"engine rule metrics","component":"api","request_id":"","rule_id":"max-depth","executions":1,"issues_emitted":0,"total_duration_ns":2973}
{"time":"2026-03-03T22:10:45.737794319Z","level":"INFO","msg":"engine rule metrics","component":"api","request_id":"","rule_id":"max-fanout","executions":1,"issues_emitted":1,"total_duration_ns":2432}
{"time":"2026-03-03T22:10:45.737797988Z","level":"INFO","msg":"engine rule metrics","component":"api","request_id":"","rule_id":"no-cycles","executions":1,"issues_emitted":0,"total_duration_ns":1871}
{"time":"2026-03-03T22:10:45.737801276Z","level":"INFO","msg":"engine rule metrics","component":"api","request_id":"","rule_id":"no-disconnected-nodes","executions":1,"issues_emitted":0,"total_duration_ns":646}
{"time":"2026-03-03T22:10:45.737804664Z","level":"INFO","msg":"engine rule metrics","component":"api","request_id":"","rule_id":"no-duplicate-node-ids","executions":1,"issues_emitted":0,"total_duration_ns":598}
--- PASS: TestAnalyze_ConfigSuppressionSelectors_Node (0.00s)
=== RUN   TestAnalyze_ConfigSuppressionSelectors_MalformedIgnored
{"time":"2026-03-03T22:10:45.737984554Z","level":"INFO","msg":"engine rule metrics","component":"api","request_id":"","rule_id":"max-depth","executions":1,"issues_emitted":0,"total_duration_ns":3898}
{"time":"2026-03-03T22:10:45.737998009Z","level":"INFO","msg":"engine rule metrics","component":"api","request_id":"","rule_id":"max-fanout","executions":1,"issues_emitted":1,"total_duration_ns":2718}
{"time":"2026-03-03T22:10:45.738002574Z","level":"INFO","msg":"engine rule metrics","component":"api","request_id":"","rule_id":"no-cycles","executions":1,"issues_emitted":0,"total_duration_ns":1712}
{"time":"2026-03-03T22:10:45.738005845Z","level":"INFO","msg":"engine rule metrics","component":"api","request_id":"","rule_id":"no-disconnected-nodes","executions":1,"issues_emitted":0,"total_duration_ns":439}
{"time":"2026-03-03T22:10:45.738009084Z","level":"INFO","msg":"engine rule metrics","component":"api","request_id":"","rule_id":"no-duplicate-node-ids","executions":1,"issues_emitted":0,"total_duration_ns":396}
--- PASS: TestAnalyze_ConfigSuppressionSelectors_MalformedIgnored (0.00s)
=== RUN   TestAnalyze_RequestIDHeaderPropagation
{"time":"2026-03-03T22:10:45.738144928Z","level":"INFO","msg":"engine rule metrics","component":"api","request_id":"req-123","rule_id":"max-depth","executions":1,"issues_emitted":0,"total_duration_ns":822}
{"time":"2026-03-03T22:10:45.73815521Z","level":"INFO","msg":"engine rule metrics","component":"api","request_id":"req-123","rule_id":"max-fanout","executions":1,"issues_emitted":0,"total_duration_ns":437}
{"time":"2026-03-03T22:10:45.738158843Z","level":"INFO","msg":"engine rule metrics","component":"api","request_id":"req-123","rule_id":"no-cycles","executions":1,"issues_emitted":0,"total_duration_ns":283}
{"time":"2026-03-03T22:10:45.738162242Z","level":"INFO","msg":"engine rule metrics","component":"api","request_id":"req-123","rule_id":"no-disconnected-nodes","executions":1,"issues_emitted":0,"total_duration_ns":145}
{"time":"2026-03-03T22:10:45.738165521Z","level":"INFO","msg":"engine rule metrics","component":"api","request_id":"req-123","rule_id":"no-duplicate-node-ids","executions":1,"issues_emitted":0,"total_duration_ns":184}
--- PASS: TestAnalyze_RequestIDHeaderPropagation (0.00s)
=== RUN   TestAnalyze_RequestIDHeaderGeneratedWhenMissing
{"time":"2026-03-03T22:10:45.73839302Z","level":"ERROR","msg":"parser failure","component":"api","request_id":"4ba15339-691f-4ab5-b2d4-077cd120446a","route":"/analyze","method":"POST","parser_outcome":"internal_error","error":"boom"}
{"time":"2026-03-03T22:10:45.738425378Z","level":"ERROR","msg":"write parser failure response","component":"api","request_id":"4ba15339-691f-4ab5-b2d4-077cd120446a","parser_outcome":"internal_error","error":"boom"}
--- PASS: TestAnalyze_RequestIDHeaderGeneratedWhenMissing (0.00s)
=== RUN   TestMetricsEndpoint_ExposesCoreMetricFamilies
{"time":"2026-03-03T22:10:45.738596943Z","level":"INFO","msg":"engine rule metrics","component":"api","request_id":"","rule_id":"max-depth","executions":1,"issues_emitted":0,"total_duration_ns":936}
{"time":"2026-03-03T22:10:45.738629807Z","level":"INFO","msg":"engine rule metrics","component":"api","request_id":"","rule_id":"max-fanout","executions":1,"issues_emitted":0,"total_duration_ns":433}
{"time":"2026-03-03T22:10:45.738641012Z","level":"INFO","msg":"engine rule metrics","component":"api","request_id":"","rule_id":"no-cycles","executions":1,"issues_emitted":0,"total_duration_ns":302}
{"time":"2026-03-03T22:10:45.738651296Z","level":"INFO","msg":"engine rule metrics","component":"api","request_id":"","rule_id":"no-disconnected-nodes","executions":1,"issues_emitted":0,"total_duration_ns":202}
{"time":"2026-03-03T22:10:45.738661704Z","level":"INFO","msg":"engine rule metrics","component":"api","request_id":"","rule_id":"no-duplicate-node-ids","executions":1,"issues_emitted":0,"total_duration_ns":329}
--- PASS: TestMetricsEndpoint_ExposesCoreMetricFamilies (0.00s)
=== RUN   TestAnalyzeErrorMetrics_OutcomesRecorded
{"time":"2026-03-03T22:10:45.739015492Z","level":"ERROR","msg":"parser failure","component":"api","request_id":"","route":"/analyze","method":"POST","parser_outcome":"internal_error","error":"boom"}
{"time":"2026-03-03T22:10:45.739045992Z","level":"ERROR","msg":"write parser failure response","component":"api","request_id":"","parser_outcome":"internal_error","error":"boom"}
--- PASS: TestAnalyzeErrorMetrics_OutcomesRecorded (0.00s)
=== RUN   TestServeSpec_HasRequiredOpenAPIFieldsAndRefs
=== RUN   TestServeSpec_HasRequiredOpenAPIFieldsAndRefs/Analyze_request_schema
=== RUN   TestServeSpec_HasRequiredOpenAPIFieldsAndRefs/Analyze_200_response_schema
=== RUN   TestServeSpec_HasRequiredOpenAPIFieldsAndRefs/Analyze_SARIF_200_response_schema
=== RUN   TestServeSpec_HasRequiredOpenAPIFieldsAndRefs/Analyze_400_response_schema
=== RUN   TestServeSpec_HasRequiredOpenAPIFieldsAndRefs/Analyze_500_response_schema
=== RUN   TestServeSpec_HasRequiredOpenAPIFieldsAndRefs/Analyze_504_response_schema
--- PASS: TestServeSpec_HasRequiredOpenAPIFieldsAndRefs (0.00s)
    --- PASS: TestServeSpec_HasRequiredOpenAPIFieldsAndRefs/Analyze_request_schema (0.00s)
    --- PASS: TestServeSpec_HasRequiredOpenAPIFieldsAndRefs/Analyze_200_response_schema (0.00s)
    --- PASS: TestServeSpec_HasRequiredOpenAPIFieldsAndRefs/Analyze_SARIF_200_response_schema (0.00s)
    --- PASS: TestServeSpec_HasRequiredOpenAPIFieldsAndRefs/Analyze_400_response_schema (0.00s)
    --- PASS: TestServeSpec_HasRequiredOpenAPIFieldsAndRefs/Analyze_500_response_schema (0.00s)
    --- PASS: TestServeSpec_HasRequiredOpenAPIFieldsAndRefs/Analyze_504_response_schema (0.00s)
=== RUN   TestServeSpec_AnalyzeExamplesMatchExpectedShape
--- PASS: TestServeSpec_AnalyzeExamplesMatchExpectedShape (0.00s)
=== RUN   TestServeSpec_AnalyzeDescriptionDocumentsOperationalEnvVars
--- PASS: TestServeSpec_AnalyzeDescriptionDocumentsOperationalEnvVars (0.00s)
=== RUN   TestServeSpec_AnalyzeResponseDescriptionsDocumentModeSemantics
--- PASS: TestServeSpec_AnalyzeResponseDescriptionsDocumentModeSemantics (0.00s)
=== RUN   TestOpenAPIDrift_SelectedFieldsStayInSync
=== RUN   TestOpenAPIDrift_SelectedFieldsStayInSync/openapi
=== RUN   TestOpenAPIDrift_SelectedFieldsStayInSync/info.title
=== RUN   TestOpenAPIDrift_SelectedFieldsStayInSync/paths./analyze.post.operationId
=== RUN   TestOpenAPIDrift_SelectedFieldsStayInSync/paths./diagram-types.get.operationId
=== RUN   TestOpenAPIDrift_SelectedFieldsStayInSync/paths./analyze.post.responses.400.content.application/json.schema.$ref
=== RUN   TestOpenAPIDrift_SelectedFieldsStayInSync/components.schemas.Issue.properties.severity.enum
=== RUN   TestOpenAPIDrift_SelectedFieldsStayInSync/paths./analyze.post.requestBody.content.application/json.examples.withConfigVersioned.value.config.rules.max-fanout.severity
=== RUN   TestOpenAPIDrift_SelectedFieldsStayInSync/paths./analyze/sarif.post.responses.200.content.application/sarif+json.schema.$ref
--- PASS: TestOpenAPIDrift_SelectedFieldsStayInSync (0.01s)
    --- PASS: TestOpenAPIDrift_SelectedFieldsStayInSync/openapi (0.00s)
    --- PASS: TestOpenAPIDrift_SelectedFieldsStayInSync/info.title (0.00s)
    --- PASS: TestOpenAPIDrift_SelectedFieldsStayInSync/paths./analyze.post.operationId (0.00s)
    --- PASS: TestOpenAPIDrift_SelectedFieldsStayInSync/paths./diagram-types.get.operationId (0.00s)
    --- PASS: TestOpenAPIDrift_SelectedFieldsStayInSync/paths./analyze.post.responses.400.content.application/json.schema.$ref (0.00s)
    --- PASS: TestOpenAPIDrift_SelectedFieldsStayInSync/components.schemas.Issue.properties.severity.enum (0.00s)
    --- PASS: TestOpenAPIDrift_SelectedFieldsStayInSync/paths./analyze.post.requestBody.content.application/json.examples.withConfigVersioned.value.config.rules.max-fanout.severity (0.00s)
    --- PASS: TestOpenAPIDrift_SelectedFieldsStayInSync/paths./analyze/sarif.post.responses.200.content.application/sarif+json.schema.$ref (0.00s)
=== RUN   TestServeSpec_IssueLocationFieldsAreOptionalAndNullable
--- PASS: TestServeSpec_IssueLocationFieldsAreOptionalAndNullable (0.00s)
=== RUN   TestServeSpec_Regression_ConfigValidationAndSeverityExamples
--- PASS: TestServeSpec_Regression_ConfigValidationAndSeverityExamples (0.00s)
=== RUN   TestServeSpec_ExposesDiagramTypesEndpointAndSchema
--- PASS: TestServeSpec_ExposesDiagramTypesEndpointAndSchema (0.00s)
=== RUN   TestServeSpec_ExposesRulesEndpointAndSchemas
--- PASS: TestServeSpec_ExposesRulesEndpointAndSchemas (0.00s)
=== RUN   TestServeSpec_ExposesRuleConfigSchemaAndEndpoint
--- PASS: TestServeSpec_ExposesRuleConfigSchemaAndEndpoint (0.00s)
=== CONT  TestAnalyze_Stress_ConcurrentMixedPayloads
{"time":"2026-03-03T22:10:45.773722214Z","level":"INFO","msg":"engine rule metrics","component":"api","request_id":"","rule_id":"max-depth","executions":1,"issues_emitted":0,"total_duration_ns":6044}
{"time":"2026-03-03T22:10:45.773740226Z","level":"INFO","msg":"engine rule metrics","component":"api","request_id":"","rule_id":"max-fanout","executions":1,"issues_emitted":0,"total_duration_ns":1850}
{"time":"2026-03-03T22:10:45.773744414Z","level":"INFO","msg":"engine rule metrics","component":"api","request_id":"","rule_id":"no-cycles","executions":1,"issues_emitted":0,"total_duration_ns":17577}
{"time":"2026-03-03T22:10:45.773747636Z","level":"INFO","msg":"engine rule metrics","component":"api","request_id":"","rule_id":"no-disconnected-nodes","executions":1,"issues_emitted":0,"total_duration_ns":1104}
{"time":"2026-03-03T22:10:45.773751543Z","level":"INFO","msg":"engine rule metrics","component":"api","request_id":"","rule_id":"no-duplicate-node-ids","executions":1,"issues_emitted":0,"total_duration_ns":1019}
{"time":"2026-03-03T22:10:45.773835528Z","level":"INFO","msg":"engine rule metrics","component":"api","request_id":"","rule_id":"max-depth","executions":1,"issues_emitted":0,"total_duration_ns":4817}
{"time":"2026-03-03T22:10:45.773845112Z","level":"INFO","msg":"engine rule metrics","component":"api","request_id":"","rule_id":"max-fanout","executions":1,"issues_emitted":0,"total_duration_ns":1076}
{"time":"2026-03-03T22:10:45.773848828Z","level":"INFO","msg":"engine rule metrics","component":"api","request_id":"","rule_id":"no-cycles","executions":1,"issues_emitted":0,"total_duration_ns":11499}
{"time":"2026-03-03T22:10:45.773851931Z","level":"INFO","msg":"engine rule metrics","component":"api","request_id":"","rule_id":"no-disconnected-nodes","executions":1,"issues_emitted":0,"total_duration_ns":783}
{"time":"2026-03-03T22:10:45.773855642Z","level":"INFO","msg":"engine rule metrics","component":"api","request_id":"","rule_id":"no-duplicate-node-ids","executions":1,"issues_emitted":0,"total_duration_ns":701}
{"time":"2026-03-03T22:10:45.77392477Z","level":"INFO","msg":"engine rule metrics","component":"api","request_id":"","rule_id":"max-depth","executions":1,"issues_emitted":0,"total_duration_ns":4072}
{"time":"2026-03-03T22:10:45.773932879Z","level":"INFO","msg":"engine rule metrics","component":"api","request_id":"","rule_id":"max-fanout","executions":1,"issues_emitted":0,"total_duration_ns":1009}
{"time":"2026-03-03T22:10:45.773936211Z","level":"INFO","msg":"engine rule metrics","component":"api","request_id":"","rule_id":"no-cycles","executions":1,"issues_emitted":0,"total_duration_ns":10194}
{"time":"2026-03-03T22:10:45.773939382Z","level":"INFO","msg":"engine rule metrics","component":"api","request_id":"","rule_id":"no-disconnected-nodes","executions":1,"issues_emitted":0,"total_duration_ns":643}
{"time":"2026-03-03T22:10:45.773942621Z","level":"INFO","msg":"engine rule metrics","component":"api","request_id":"","rule_id":"no-duplicate-node-ids","executions":1,"issues_emitted":0,"total_duration_ns":489}
{"time":"2026-03-03T22:10:45.774001357Z","level":"INFO","msg":"engine rule metrics","component":"api","request_id":"","rule_id":"max-depth","executions":1,"issues_emitted":0,"total_duration_ns":3632}
{"time":"2026-03-03T22:10:45.774005441Z","level":"INFO","msg":"engine rule metrics","component":"api","request_id":"","rule_id":"max-fanout","executions":1,"issues_emitted":0,"total_duration_ns":870}
{"time":"2026-03-03T22:10:45.774008783Z","level":"INFO","msg":"engine rule metrics","component":"api","request_id":"","rule_id":"no-cycles","executions":1,"issues_emitted":0,"total_duration_ns":9178}
{"time":"2026-03-03T22:10:45.774011821Z","level":"INFO","msg":"engine rule metrics","component":"api","request_id":"","rule_id":"no-disconnected-nodes","executions":1,"issues_emitted":0,"total_duration_ns":819}
{"time":"2026-03-03T22:10:45.774015106Z","level":"INFO","msg":"engine rule metrics","component":"api","request_id":"","rule_id":"no-duplicate-node-ids","executions":1,"issues_emitted":0,"total_duration_ns":505}
{"time":"2026-03-03T22:10:45.774024655Z","level":"INFO","msg":"engine rule metrics","component":"api","request_id":"","rule_id":"max-depth","executions":1,"issues_emitted":0,"total_duration_ns":4290}
{"time":"2026-03-03T22:10:45.774042849Z","level":"INFO","msg":"engine rule metrics","component":"api","request_id":"","rule_id":"max-fanout","executions":1,"issues_emitted":1,"total_duration_ns":3486}
{"time":"2026-03-03T22:10:45.774046745Z","level":"INFO","msg":"engine rule metrics","component":"api","request_id":"","rule_id":"no-cycles","executions":1,"issues_emitted":0,"total_duration_ns":3233}
{"time":"2026-03-03T22:10:45.774050013Z","level":"INFO","msg":"engine rule metrics","component":"api","request_id":"","rule_id":"no-disconnected-nodes","executions":1,"issues_emitted":0,"total_duration_ns":864}
{"time":"2026-03-03T22:10:45.774053317Z","level":"INFO","msg":"engine rule metrics","component":"api","request_id":"","rule_id":"no-duplicate-node-ids","executions":1,"issues_emitted":0,"total_duration_ns":611}
{"time":"2026-03-03T22:10:45.774072732Z","level":"INFO","msg":"engine rule metrics","component":"api","request_id":"","rule_id":"max-depth","executions":1,"issues_emitted":0,"total_duration_ns":3699}
{"time":"2026-03-03T22:10:45.774076838Z","level":"INFO","msg":"engine rule metrics","component":"api","request_id":"","rule_id":"max-fanout","executions":1,"issues_emitted":0,"total_duration_ns":1039}
{"time":"2026-03-03T22:10:45.774080206Z","level":"INFO","msg":"engine rule metrics","component":"api","request_id":"","rule_id":"no-cycles","executions":1,"issues_emitted":0,"total_duration_ns":9061}
{"time":"2026-03-03T22:10:45.774083245Z","level":"INFO","msg":"engine rule metrics","component":"api","request_id":"","rule_id":"no-disconnected-nodes","executions":1,"issues_emitted":0,"total_duration_ns":602}
{"time":"2026-03-03T22:10:45.774086236Z","level":"INFO","msg":"engine rule metrics","component":"api","request_id":"","rule_id":"no-duplicate-node-ids","executions":1,"issues_emitted":0,"total_duration_ns":599}
{"time":"2026-03-03T22:10:45.774140504Z","level":"INFO","msg":"engine rule metrics","component":"api","request_id":"","rule_id":"max-depth","executions":1,"issues_emitted":0,"total_duration_ns":3803}
{"time":"2026-03-03T22:10:45.774146202Z","level":"INFO","msg":"engine rule metrics","component":"api","request_id":"","rule_id":"max-fanout","executions":1,"issues_emitted":0,"total_duration_ns":1113}
{"time":"2026-03-03T22:10:45.774149839Z","level":"INFO","msg":"engine rule metrics","component":"api","request_id":"","rule_id":"no-cycles","executions":1,"issues_emitted":0,"total_duration_ns":9321}
{"time":"2026-03-03T22:10:45.774152956Z","level":"INFO","msg":"engine rule metrics","component":"api","request_id":"","rule_id":"no-disconnected-nodes","executions":1,"issues_emitted":0,"total_duration_ns":565}
{"time":"2026-03-03T22:10:45.774156294Z","level":"INFO","msg":"engine rule metrics","component":"api","request_id":"","rule_id":"no-duplicate-node-ids","executions":1,"issues_emitted":0,"total_duration_ns":444}
{"time":"2026-03-03T22:10:45.774245746Z","level":"INFO","msg":"engine rule metrics","component":"api","request_id":"","rule_id":"max-depth","executions":1,"issues_emitted":0,"total_duration_ns":4035}
{"time":"2026-03-03T22:10:45.774251188Z","level":"INFO","msg":"engine rule metrics","component":"api","request_id":"","rule_id":"max-fanout","executions":1,"issues_emitted":0,"total_duration_ns":1015}
{"time":"2026-03-03T22:10:45.774254769Z","level":"INFO","msg":"engine rule metrics","component":"api","request_id":"","rule_id":"no-cycles","executions":1,"issues_emitted":0,"total_duration_ns":10296}
{"time":"2026-03-03T22:10:45.774258142Z","level":"INFO","msg":"engine rule metrics","component":"api","request_id":"","rule_id":"no-disconnected-nodes","executions":1,"issues_emitted":0,"total_duration_ns":633}
{"time":"2026-03-03T22:10:45.774262247Z","level":"INFO","msg":"engine rule metrics","component":"api","request_id":"","rule_id":"no-duplicate-node-ids","executions":1,"issues_emitted":0,"total_duration_ns":548}
{"time":"2026-03-03T22:10:45.774320063Z","level":"INFO","msg":"engine rule metrics","component":"api","request_id":"","rule_id":"max-depth","executions":1,"issues_emitted":0,"total_duration_ns":3957}
{"time":"2026-03-03T22:10:45.774324101Z","level":"INFO","msg":"engine rule metrics","component":"api","request_id":"","rule_id":"max-fanout","executions":1,"issues_emitted":0,"total_duration_ns":881}
{"time":"2026-03-03T22:10:45.774327548Z","level":"INFO","msg":"engine rule metrics","component":"api","request_id":"","rule_id":"no-cycles","executions":1,"issues_emitted":0,"total_duration_ns":10753}
{"time":"2026-03-03T22:10:45.774330951Z","level":"INFO","msg":"engine rule metrics","component":"api","request_id":"","rule_id":"no-disconnected-nodes","executions":1,"issues_emitted":0,"total_duration_ns":609}
{"time":"2026-03-03T22:10:45.77433434Z","level":"INFO","msg":"engine rule metrics","component":"api","request_id":"","rule_id":"no-duplicate-node-ids","executions":1,"issues_emitted":0,"total_duration_ns":492}
{"time":"2026-03-03T22:10:45.774392053Z","level":"INFO","msg":"engine rule metrics","component":"api","request_id":"","rule_id":"max-depth","executions":1,"issues_emitted":0,"total_duration_ns":3651}
{"time":"2026-03-03T22:10:45.774395964Z","level":"INFO","msg":"engine rule metrics","component":"api","request_id":"","rule_id":"max-fanout","executions":1,"issues_emitted":0,"total_duration_ns":923}
{"time":"2026-03-03T22:10:45.774399513Z","level":"INFO","msg":"engine rule metrics","component":"api","request_id":"","rule_id":"no-cycles","executions":1,"issues_emitted":0,"total_duration_ns":10601}
{"time":"2026-03-03T22:10:45.774402875Z","level":"INFO","msg":"engine rule metrics","component":"api","request_id":"","rule_id":"no-disconnected-nodes","executions":1,"issues_emitted":0,"total_duration_ns":741}
{"time":"2026-03-03T22:10:45.774406325Z","level":"INFO","msg":"engine rule metrics","component":"api","request_id":"","rule_id":"no-duplicate-node-ids","executions":1,"issues_emitted":0,"total_duration_ns":444}
{"time":"2026-03-03T22:10:45.77446152Z","level":"INFO","msg":"engine rule metrics","component":"api","request_id":"","rule_id":"max-depth","executions":1,"issues_emitted":0,"total_duration_ns":3526}
{"time":"2026-03-03T22:10:45.774466923Z","level":"INFO","msg":"engine rule metrics","component":"api","request_id":"","rule_id":"max-fanout","executions":1,"issues_emitted":0,"total_duration_ns":1038}
{"time":"2026-03-03T22:10:45.774470508Z","level":"INFO","msg":"engine rule metrics","component":"api","request_id":"","rule_id":"no-cycles","executions":1,"issues_emitted":0,"total_duration_ns":9428}
{"time":"2026-03-03T22:10:45.774473699Z","level":"INFO","msg":"engine rule metrics","component":"api","request_id":"","rule_id":"no-disconnected-nodes","executions":1,"issues_emitted":0,"total_duration_ns":630}
{"time":"2026-03-03T22:10:45.774477033Z","level":"INFO","msg":"engine rule metrics","component":"api","request_id":"","rule_id":"no-duplicate-node-ids","executions":1,"issues_emitted":0,"total_duration_ns":536}
{"time":"2026-03-03T22:10:45.774532325Z","level":"INFO","msg":"engine rule metrics","component":"api","request_id":"","rule_id":"max-depth","executions":1,"issues_emitted":0,"total_duration_ns":3613}
{"time":"2026-03-03T22:10:45.774532855Z","level":"INFO","msg":"engine rule metrics","component":"api","request_id":"","rule_id":"max-depth","executions":1,"issues_emitted":0,"total_duration_ns":3880}
{"time":"2026-03-03T22:10:45.774536437Z","level":"INFO","msg":"engine rule metrics","component":"api","request_id":"","rule_id":"max-fanout","executions":1,"issues_emitted":0,"total_duration_ns":848}
{"time":"2026-03-03T22:10:45.774538952Z","level":"INFO","msg":"engine rule metrics","component":"api","request_id":"","rule_id":"max-fanout","executions":1,"issues_emitted":0,"total_duration_ns":1008}
{"time":"2026-03-03T22:10:45.774539821Z","level":"INFO","msg":"engine rule metrics","component":"api","request_id":"","rule_id":"no-cycles","executions":1,"issues_emitted":0,"total_duration_ns":9486}
{"time":"2026-03-03T22:10:45.774542471Z","level":"INFO","msg":"engine rule metrics","component":"api","request_id":"","rule_id":"no-cycles","executions":1,"issues_emitted":0,"total_duration_ns":10154}
{"time":"2026-03-03T22:10:45.774545979Z","level":"INFO","msg":"engine rule metrics","component":"api","request_id":"","rule_id":"no-disconnected-nodes","executions":1,"issues_emitted":0,"total_duration_ns":579}
{"time":"2026-03-03T22:10:45.774549034Z","level":"INFO","msg":"engine rule metrics","component":"api","request_id":"","rule_id":"no-duplicate-node-ids","executions":1,"issues_emitted":0,"total_duration_ns":524}
{"time":"2026-03-03T22:10:45.774543122Z","level":"INFO","msg":"engine rule metrics","component":"api","request_id":"","rule_id":"no-disconnected-nodes","executions":1,"issues_emitted":0,"total_duration_ns":736}
{"time":"2026-03-03T22:10:45.774558996Z","level":"INFO","msg":"engine rule metrics","component":"api","request_id":"","rule_id":"no-duplicate-node-ids","executions":1,"issues_emitted":0,"total_duration_ns":463}
{"time":"2026-03-03T22:10:45.774618478Z","level":"INFO","msg":"engine rule metrics","component":"api","request_id":"","rule_id":"max-depth","executions":1,"issues_emitted":0,"total_duration_ns":3706}
{"time":"2026-03-03T22:10:45.774623043Z","level":"INFO","msg":"engine rule metrics","component":"api","request_id":"","rule_id":"max-fanout","executions":1,"issues_emitted":0,"total_duration_ns":1079}
{"time":"2026-03-03T22:10:45.774626851Z","level":"INFO","msg":"engine rule metrics","component":"api","request_id":"","rule_id":"no-cycles","executions":1,"issues_emitted":0,"total_duration_ns":9328}
{"time":"2026-03-03T22:10:45.774630193Z","level":"INFO","msg":"engine rule metrics","component":"api","request_id":"","rule_id":"no-disconnected-nodes","executions":1,"issues_emitted":0,"total_duration_ns":648}
{"time":"2026-03-03T22:10:45.774633591Z","level":"INFO","msg":"engine rule metrics","component":"api","request_id":"","rule_id":"no-duplicate-node-ids","executions":1,"issues_emitted":0,"total_duration_ns":481}
{"time":"2026-03-03T22:10:45.774687849Z","level":"INFO","msg":"engine rule metrics","component":"api","request_id":"","rule_id":"max-depth","executions":1,"issues_emitted":0,"total_duration_ns":3628}
{"time":"2026-03-03T22:10:45.774692835Z","level":"INFO","msg":"engine rule metrics","component":"api","request_id":"","rule_id":"max-fanout","executions":1,"issues_emitted":0,"total_duration_ns":955}
{"time":"2026-03-03T22:10:45.774696255Z","level":"INFO","msg":"engine rule metrics","component":"api","request_id":"","rule_id":"no-cycles","executions":1,"issues_emitted":0,"total_duration_ns":9791}
{"time":"2026-03-03T22:10:45.774699428Z","level":"INFO","msg":"engine rule metrics","component":"api","request_id":"","rule_id":"no-disconnected-nodes","executions":1,"issues_emitted":0,"total_duration_ns":660}
{"time":"2026-03-03T22:10:45.774702437Z","level":"INFO","msg":"engine rule metrics","component":"api","request_id":"","rule_id":"no-duplicate-node-ids","executions":1,"issues_emitted":0,"total_duration_ns":489}
{"time":"2026-03-03T22:10:45.774761525Z","level":"INFO","msg":"engine rule metrics","component":"api","request_id":"","rule_id":"max-depth","executions":1,"issues_emitted":0,"total_duration_ns":3909}
{"time":"2026-03-03T22:10:45.774766218Z","level":"INFO","msg":"engine rule metrics","component":"api","request_id":"","rule_id":"max-fanout","executions":1,"issues_emitted":0,"total_duration_ns":973}
{"time":"2026-03-03T22:10:45.774769534Z","level":"INFO","msg":"engine rule metrics","component":"api","request_id":"","rule_id":"no-cycles","executions":1,"issues_emitted":0,"total_duration_ns":9621}
{"time":"2026-03-03T22:10:45.774772429Z","level":"INFO","msg":"engine rule metrics","component":"api","request_id":"","rule_id":"no-disconnected-nodes","executions":1,"issues_emitted":0,"total_duration_ns":632}
{"time":"2026-03-03T22:10:45.774775457Z","level":"INFO","msg":"engine rule metrics","component":"api","request_id":"","rule_id":"no-duplicate-node-ids","executions":1,"issues_emitted":0,"total_duration_ns":404}
{"time":"2026-03-03T22:10:45.774831466Z","level":"INFO","msg":"engine rule metrics","component":"api","request_id":"","rule_id":"max-depth","executions":1,"issues_emitted":0,"total_duration_ns":3968}
{"time":"2026-03-03T22:10:45.774835251Z","level":"INFO","msg":"engine rule metrics","component":"api","request_id":"","rule_id":"max-fanout","executions":1,"issues_emitted":0,"total_duration_ns":921}
{"time":"2026-03-03T22:10:45.774838768Z","level":"INFO","msg":"engine rule metrics","component":"api","request_id":"","rule_id":"no-cycles","executions":1,"issues_emitted":0,"total_duration_ns":9008}
{"time":"2026-03-03T22:10:45.774842003Z","level":"INFO","msg":"engine rule metrics","component":"api","request_id":"","rule_id":"no-disconnected-nodes","executions":1,"issues_emitted":0,"total_duration_ns":576}
{"time":"2026-03-03T22:10:45.774845262Z","level":"INFO","msg":"engine rule metrics","component":"api","request_id":"","rule_id":"no-duplicate-node-ids","executions":1,"issues_emitted":0,"total_duration_ns":496}
{"time":"2026-03-03T22:10:45.774902122Z","level":"INFO","msg":"engine rule metrics","component":"api","request_id":"","rule_id":"max-depth","executions":1,"issues_emitted":0,"total_duration_ns":3776}
{"time":"2026-03-03T22:10:45.774905925Z","level":"INFO","msg":"engine rule metrics","component":"api","request_id":"","rule_id":"max-fanout","executions":1,"issues_emitted":0,"total_duration_ns":829}
{"time":"2026-03-03T22:10:45.774909482Z","level":"INFO","msg":"engine rule metrics","component":"api","request_id":"","rule_id":"no-cycles","executions":1,"issues_emitted":0,"total_duration_ns":9704}
{"time":"2026-03-03T22:10:45.774912758Z","level":"INFO","msg":"engine rule metrics","component":"api","request_id":"","rule_id":"no-disconnected-nodes","executions":1,"issues_emitted":0,"total_duration_ns":540}
{"time":"2026-03-03T22:10:45.774915924Z","level":"INFO","msg":"engine rule metrics","component":"api","request_id":"","rule_id":"no-duplicate-node-ids","executions":1,"issues_emitted":0,"total_duration_ns":533}
{"time":"2026-03-03T22:10:45.77497296Z","level":"INFO","msg":"engine rule metrics","component":"api","request_id":"","rule_id":"max-depth","executions":1,"issues_emitted":0,"total_duration_ns":3907}
{"time":"2026-03-03T22:10:45.774978278Z","level":"INFO","msg":"engine rule metrics","component":"api","request_id":"","rule_id":"max-fanout","executions":1,"issues_emitted":0,"total_duration_ns":871}
{"time":"2026-03-03T22:10:45.774981808Z","level":"INFO","msg":"engine rule metrics","component":"api","request_id":"","rule_id":"no-cycles","executions":1,"issues_emitted":0,"total_duration_ns":9678}
{"time":"2026-03-03T22:10:45.774985191Z","level":"INFO","msg":"engine rule metrics","component":"api","request_id":"","rule_id":"no-disconnected-nodes","executions":1,"issues_emitted":0,"total_duration_ns":592}
{"time":"2026-03-03T22:10:45.774988554Z","level":"INFO","msg":"engine rule metrics","component":"api","request_id":"","rule_id":"no-duplicate-node-ids","executions":1,"issues_emitted":0,"total_duration_ns":622}
{"time":"2026-03-03T22:10:45.775042839Z","level":"INFO","msg":"engine rule metrics","component":"api","request_id":"","rule_id":"max-depth","executions":1,"issues_emitted":0,"total_duration_ns":3634}
{"time":"2026-03-03T22:10:45.775046699Z","level":"INFO","msg":"engine rule metrics","component":"api","request_id":"","rule_id":"max-fanout","executions":1,"issues_emitted":0,"total_duration_ns":1085}
{"time":"2026-03-03T22:10:45.775050007Z","level":"INFO","msg":"engine rule metrics","component":"api","request_id":"","rule_id":"no-cycles","executions":1,"issues_emitted":0,"total_duration_ns":9114}
{"time":"2026-03-03T22:10:45.775053392Z","level":"INFO","msg":"engine rule metrics","component":"api","request_id":"","rule_id":"no-disconnected-nodes","executions":1,"issues_emitted":0,"total_duration_ns":546}
{"time":"2026-03-03T22:10:45.775056705Z","level":"INFO","msg":"engine rule metrics","component":"api","request_id":"","rule_id":"no-duplicate-node-ids","executions":1,"issues_emitted":0,"total_duration_ns":517}
{"time":"2026-03-03T22:10:45.775110471Z","level":"INFO","msg":"engine rule metrics","component":"api","request_id":"","rule_id":"max-depth","executions":1,"issues_emitted":0,"total_duration_ns":3688}
{"time":"2026-03-03T22:10:45.775114525Z","level":"INFO","msg":"engine rule metrics","component":"api","request_id":"","rule_id":"max-fanout","executions":1,"issues_emitted":0,"total_duration_ns":917}
{"time":"2026-03-03T22:10:45.775117917Z","level":"INFO","msg":"engine rule metrics","component":"api","request_id":"","rule_id":"no-cycles","executions":1,"issues_emitted":0,"total_duration_ns":9808}
{"time":"2026-03-03T22:10:45.775121149Z","level":"INFO","msg":"engine rule metrics","component":"api","request_id":"","rule_id":"no-disconnected-nodes","executions":1,"issues_emitted":0,"total_duration_ns":464}
{"time":"2026-03-03T22:10:45.775124522Z","level":"INFO","msg":"engine rule metrics","component":"api","request_id":"","rule_id":"no-duplicate-node-ids","executions":1,"issues_emitted":0,"total_duration_ns":504}
{"time":"2026-03-03T22:10:45.776207898Z","level":"INFO","msg":"engine rule metrics","component":"api","request_id":"","rule_id":"max-depth","executions":1,"issues_emitted":0,"total_duration_ns":5339}
{"time":"2026-03-03T22:10:45.776223618Z","level":"INFO","msg":"engine rule metrics","component":"api","request_id":"","rule_id":"max-fanout","executions":1,"issues_emitted":0,"total_duration_ns":1032}
{"time":"2026-03-03T22:10:45.776232374Z","level":"INFO","msg":"engine rule metrics","component":"api","request_id":"","rule_id":"no-cycles","executions":1,"issues_emitted":0,"total_duration_ns":1033230}
{"time":"2026-03-03T22:10:45.776236165Z","level":"INFO","msg":"engine rule metrics","component":"api","request_id":"","rule_id":"no-disconnected-nodes","executions":1,"issues_emitted":0,"total_duration_ns":611}
{"time":"2026-03-03T22:10:45.776239498Z","level":"INFO","msg":"engine rule metrics","component":"api","request_id":"","rule_id":"no-duplicate-node-ids","executions":1,"issues_emitted":0,"total_duration_ns":463}
{"time":"2026-03-03T22:10:45.776315305Z","level":"INFO","msg":"engine rule metrics","component":"api","request_id":"","rule_id":"max-depth","executions":1,"issues_emitted":0,"total_duration_ns":4736}
{"time":"2026-03-03T22:10:45.776324538Z","level":"INFO","msg":"engine rule metrics","component":"api","request_id":"","rule_id":"max-fanout","executions":1,"issues_emitted":0,"total_duration_ns":1376}
{"time":"2026-03-03T22:10:45.776328405Z","level":"INFO","msg":"engine rule metrics","component":"api","request_id":"","rule_id":"no-cycles","executions":1,"issues_emitted":0,"total_duration_ns":13174}
{"time":"2026-03-03T22:10:45.776334674Z","level":"INFO","msg":"engine rule metrics","component":"api","request_id":"","rule_id":"no-disconnected-nodes","executions":1,"issues_emitted":0,"total_duration_ns":845}
{"time":"2026-03-03T22:10:45.776338115Z","level":"INFO","msg":"engine rule metrics","component":"api","request_id":"","rule_id":"no-duplicate-node-ids","executions":1,"issues_emitted":0,"total_duration_ns":600}
{"time":"2026-03-03T22:10:45.776399735Z","level":"INFO","msg":"engine rule metrics","component":"api","request_id":"","rule_id":"max-depth","executions":1,"issues_emitted":0,"total_duration_ns":5564}
{"time":"2026-03-03T22:10:45.776408528Z","level":"INFO","msg":"engine rule metrics","component":"api","request_id":"","rule_id":"max-fanout","executions":1,"issues_emitted":0,"total_duration_ns":1005}
{"time":"2026-03-03T22:10:45.776412147Z","level":"INFO","msg":"engine rule metrics","component":"api","request_id":"","rule_id":"no-cycles","executions":1,"issues_emitted":0,"total_duration_ns":10403}
{"time":"2026-03-03T22:10:45.776415436Z","level":"INFO","msg":"engine rule metrics","component":"api","request_id":"","rule_id":"no-disconnected-nodes","executions":1,"issues_emitted":0,"total_duration_ns":625}
{"time":"2026-03-03T22:10:45.77641886Z","level":"INFO","msg":"engine rule metrics","component":"api","request_id":"","rule_id":"no-duplicate-node-ids","executions":1,"issues_emitted":0,"total_duration_ns":457}
{"time":"2026-03-03T22:10:45.776490152Z","level":"INFO","msg":"engine rule metrics","component":"api","request_id":"","rule_id":"max-depth","executions":1,"issues_emitted":0,"total_duration_ns":3936}
{"time":"2026-03-03T22:10:45.776500068Z","level":"INFO","msg":"engine rule metrics","component":"api","request_id":"","rule_id":"max-fanout","executions":1,"issues_emitted":0,"total_duration_ns":1071}
{"time":"2026-03-03T22:10:45.776503806Z","level":"INFO","msg":"engine rule metrics","component":"api","request_id":"","rule_id":"no-cycles","executions":1,"issues_emitted":0,"total_duration_ns":10139}
{"time":"2026-03-03T22:10:45.77651088Z","level":"INFO","msg":"engine rule metrics","component":"api","request_id":"","rule_id":"no-disconnected-nodes","executions":1,"issues_emitted":0,"total_duration_ns":595}
{"time":"2026-03-03T22:10:45.776514325Z","level":"INFO","msg":"engine rule metrics","component":"api","request_id":"","rule_id":"no-duplicate-node-ids","executions":1,"issues_emitted":0,"total_duration_ns":509}
{"time":"2026-03-03T22:10:45.776585678Z","level":"INFO","msg":"engine rule metrics","component":"api","request_id":"","rule_id":"max-depth","executions":1,"issues_emitted":0,"total_duration_ns":4188}
{"time":"2026-03-03T22:10:45.77659443Z","level":"INFO","msg":"engine rule metrics","component":"api","request_id":"","rule_id":"max-fanout","executions":1,"issues_emitted":0,"total_duration_ns":1192}
{"time":"2026-03-03T22:10:45.776598133Z","level":"INFO","msg":"engine rule metrics","component":"api","request_id":"","rule_id":"no-cycles","executions":1,"issues_emitted":0,"total_duration_ns":10532}
{"time":"2026-03-03T22:10:45.776601165Z","level":"INFO","msg":"engine rule metrics","component":"api","request_id":"","rule_id":"no-disconnected-nodes","executions":1,"issues_emitted":0,"total_duration_ns":612}
{"time":"2026-03-03T22:10:45.776604362Z","level":"INFO","msg":"engine rule metrics","component":"api","request_id":"","rule_id":"no-duplicate-node-ids","executions":1,"issues_emitted":0,"total_duration_ns":454}
{"time":"2026-03-03T22:10:45.776666271Z","level":"INFO","msg":"engine rule metrics","component":"api","request_id":"","rule_id":"max-depth","executions":1,"issues_emitted":0,"total_duration_ns":4058}
{"time":"2026-03-03T22:10:45.776674843Z","level":"INFO","msg":"engine rule metrics","component":"api","request_id":"","rule_id":"max-fanout","executions":1,"issues_emitted":0,"total_duration_ns":1012}
{"time":"2026-03-03T22:10:45.776678316Z","level":"INFO","msg":"engine rule metrics","component":"api","request_id":"","rule_id":"no-cycles","executions":1,"issues_emitted":0,"total_duration_ns":10007}
{"time":"2026-03-03T22:10:45.776681448Z","level":"INFO","msg":"engine rule metrics","component":"api","request_id":"","rule_id":"no-disconnected-nodes","executions":1,"issues_emitted":0,"total_duration_ns":585}
{"time":"2026-03-03T22:10:45.776684613Z","level":"INFO","msg":"engine rule metrics","component":"api","request_id":"","rule_id":"no-duplicate-node-ids","executions":1,"issues_emitted":0,"total_duration_ns":439}
{"time":"2026-03-03T22:10:45.776748372Z","level":"INFO","msg":"engine rule metrics","component":"api","request_id":"","rule_id":"max-depth","executions":1,"issues_emitted":0,"total_duration_ns":3829}
{"time":"2026-03-03T22:10:45.776757902Z","level":"INFO","msg":"engine rule metrics","component":"api","request_id":"","rule_id":"max-fanout","executions":1,"issues_emitted":0,"total_duration_ns":884}
{"time":"2026-03-03T22:10:45.776761433Z","level":"INFO","msg":"engine rule metrics","component":"api","request_id":"","rule_id":"no-cycles","executions":1,"issues_emitted":0,"total_duration_ns":10049}
{"time":"2026-03-03T22:10:45.776764663Z","level":"INFO","msg":"engine rule metrics","component":"api","request_id":"","rule_id":"no-disconnected-nodes","executions":1,"issues_emitted":0,"total_duration_ns":539}
{"time":"2026-03-03T22:10:45.776768007Z","level":"INFO","msg":"engine rule metrics","component":"api","request_id":"","rule_id":"no-duplicate-node-ids","executions":1,"issues_emitted":0,"total_duration_ns":442}
{"time":"2026-03-03T22:10:45.776747911Z","level":"INFO","msg":"engine rule metrics","component":"api","request_id":"","rule_id":"max-depth","executions":1,"issues_emitted":0,"total_duration_ns":4018}
{"time":"2026-03-03T22:10:45.776802181Z","level":"INFO","msg":"engine rule metrics","component":"api","request_id":"","rule_id":"max-fanout","executions":1,"issues_emitted":0,"total_duration_ns":1171}
{"time":"2026-03-03T22:10:45.776806044Z","level":"INFO","msg":"engine rule metrics","component":"api","request_id":"","rule_id":"no-cycles","executions":1,"issues_emitted":0,"total_duration_ns":10465}
{"time":"2026-03-03T22:10:45.776809422Z","level":"INFO","msg":"engine rule metrics","component":"api","request_id":"","rule_id":"no-disconnected-nodes","executions":1,"issues_emitted":0,"total_duration_ns":624}
{"time":"2026-03-03T22:10:45.776817285Z","level":"INFO","msg":"engine rule metrics","component":"api","request_id":"","rule_id":"no-duplicate-node-ids","executions":1,"issues_emitted":0,"total_duration_ns":527}
{"time":"2026-03-03T22:10:45.776882451Z","level":"INFO","msg":"engine rule metrics","component":"api","request_id":"","rule_id":"max-depth","executions":1,"issues_emitted":0,"total_duration_ns":4040}
{"time":"2026-03-03T22:10:45.77689136Z","level":"INFO","msg":"engine rule metrics","component":"api","request_id":"","rule_id":"max-fanout","executions":1,"issues_emitted":0,"total_duration_ns":1023}
{"time":"2026-03-03T22:10:45.776894959Z","level":"INFO","msg":"engine rule metrics","component":"api","request_id":"","rule_id":"no-cycles","executions":1,"issues_emitted":0,"total_duration_ns":9586}
{"time":"2026-03-03T22:10:45.776897877Z","level":"INFO","msg":"engine rule metrics","component":"api","request_id":"","rule_id":"no-disconnected-nodes","executions":1,"issues_emitted":0,"total_duration_ns":607}
{"time":"2026-03-03T22:10:45.776901238Z","level":"INFO","msg":"engine rule metrics","component":"api","request_id":"","rule_id":"no-duplicate-node-ids","executions":1,"issues_emitted":0,"total_duration_ns":532}
{"time":"2026-03-03T22:10:45.776960282Z","level":"INFO","msg":"engine rule metrics","component":"api","request_id":"","rule_id":"max-depth","executions":1,"issues_emitted":0,"total_duration_ns":3360}
{"time":"2026-03-03T22:10:45.776968714Z","level":"INFO","msg":"engine rule metrics","component":"api","request_id":"","rule_id":"max-fanout","executions":1,"issues_emitted":0,"total_duration_ns":1243}
{"time":"2026-03-03T22:10:45.776972236Z","level":"INFO","msg":"engine rule metrics","component":"api","request_id":"","rule_id":"no-cycles","executions":1,"issues_emitted":0,"total_duration_ns":9739}
{"time":"2026-03-03T22:10:45.776975447Z","level":"INFO","msg":"engine rule metrics","component":"api","request_id":"","rule_id":"no-disconnected-nodes","executions":1,"issues_emitted":0,"total_duration_ns":765}
{"time":"2026-03-03T22:10:45.776978653Z","level":"INFO","msg":"engine rule metrics","component":"api","request_id":"","rule_id":"no-duplicate-node-ids","executions":1,"issues_emitted":0,"total_duration_ns":497}
{"time":"2026-03-03T22:10:45.777045457Z","level":"INFO","msg":"engine rule metrics","component":"api","request_id":"","rule_id":"max-depth","executions":1,"issues_emitted":0,"total_duration_ns":3801}
{"time":"2026-03-03T22:10:45.777054211Z","level":"INFO","msg":"engine rule metrics","component":"api","request_id":"","rule_id":"max-fanout","executions":1,"issues_emitted":0,"total_duration_ns":1002}
{"time":"2026-03-03T22:10:45.777057805Z","level":"INFO","msg":"engine rule metrics","component":"api","request_id":"","rule_id":"no-cycles","executions":1,"issues_emitted":0,"total_duration_ns":10133}
{"time":"2026-03-03T22:10:45.777060997Z","level":"INFO","msg":"engine rule metrics","component":"api","request_id":"","rule_id":"no-disconnected-nodes","executions":1,"issues_emitted":0,"total_duration_ns":640}
{"time":"2026-03-03T22:10:45.777064331Z","level":"INFO","msg":"engine rule metrics","component":"api","request_id":"","rule_id":"no-duplicate-node-ids","executions":1,"issues_emitted":0,"total_duration_ns":497}
{"time":"2026-03-03T22:10:45.777131169Z","level":"INFO","msg":"engine rule metrics","component":"api","request_id":"","rule_id":"max-depth","executions":1,"issues_emitted":0,"total_duration_ns":3903}
{"time":"2026-03-03T22:10:45.77714041Z","level":"INFO","msg":"engine rule metrics","component":"api","request_id":"","rule_id":"max-fanout","executions":1,"issues_emitted":0,"total_duration_ns":1087}
{"time":"2026-03-03T22:10:45.777144114Z","level":"INFO","msg":"engine rule metrics","component":"api","request_id":"","rule_id":"no-cycles","executions":1,"issues_emitted":0,"total_duration_ns":9532}
{"time":"2026-03-03T22:10:45.777147451Z","level":"INFO","msg":"engine rule metrics","component":"api","request_id":"","rule_id":"no-disconnected-nodes","executions":1,"issues_emitted":0,"total_duration_ns":594}
{"time":"2026-03-03T22:10:45.777150669Z","level":"INFO","msg":"engine rule metrics","component":"api","request_id":"","rule_id":"no-duplicate-node-ids","executions":1,"issues_emitted":0,"total_duration_ns":541}
{"time":"2026-03-03T22:10:45.778286338Z","level":"INFO","msg":"engine rule metrics","component":"api","request_id":"","rule_id":"max-depth","executions":1,"issues_emitted":0,"total_duration_ns":6037}
{"time":"2026-03-03T22:10:45.778299561Z","level":"INFO","msg":"engine rule metrics","component":"api","request_id":"","rule_id":"max-fanout","executions":1,"issues_emitted":0,"total_duration_ns":1671}
{"time":"2026-03-03T22:10:45.778313693Z","level":"INFO","msg":"engine rule metrics","component":"api","request_id":"","rule_id":"no-cycles","executions":1,"issues_emitted":0,"total_duration_ns":18301}
{"time":"2026-03-03T22:10:45.778317187Z","level":"INFO","msg":"engine rule metrics","component":"api","request_id":"","rule_id":"no-disconnected-nodes","executions":1,"issues_emitted":0,"total_duration_ns":901}
{"time":"2026-03-03T22:10:45.778320725Z","level":"INFO","msg":"engine rule metrics","component":"api","request_id":"","rule_id":"no-duplicate-node-ids","executions":1,"issues_emitted":0,"total_duration_ns":812}
{"time":"2026-03-03T22:10:45.778417256Z","level":"INFO","msg":"engine rule metrics","component":"api","request_id":"","rule_id":"max-depth","executions":1,"issues_emitted":0,"total_duration_ns":5286}
{"time":"2026-03-03T22:10:45.778421867Z","level":"INFO","msg":"engine rule metrics","component":"api","request_id":"","rule_id":"max-fanout","executions":1,"issues_emitted":0,"total_duration_ns":1339}
{"time":"2026-03-03T22:10:45.778429543Z","level":"INFO","msg":"engine rule metrics","component":"api","request_id":"","rule_id":"no-cycles","executions":1,"issues_emitted":0,"total_duration_ns":15299}
{"time":"2026-03-03T22:10:45.778432933Z","level":"INFO","msg":"engine rule metrics","component":"api","request_id":"","rule_id":"no-disconnected-nodes","executions":1,"issues_emitted":0,"total_duration_ns":736}
{"time":"2026-03-03T22:10:45.77843631Z","level":"INFO","msg":"engine rule metrics","component":"api","request_id":"","rule_id":"no-duplicate-node-ids","executions":1,"issues_emitted":0,"total_duration_ns":530}
{"time":"2026-03-03T22:10:45.77852342Z","level":"INFO","msg":"engine rule metrics","component":"api","request_id":"","rule_id":"max-depth","executions":1,"issues_emitted":0,"total_duration_ns":8357}
{"time":"2026-03-03T22:10:45.778528649Z","level":"INFO","msg":"engine rule metrics","component":"api","request_id":"","rule_id":"max-fanout","executions":1,"issues_emitted":0,"total_duration_ns":1060}
{"time":"2026-03-03T22:10:45.778532194Z","level":"INFO","msg":"engine rule metrics","component":"api","request_id":"","rule_id":"no-cycles","executions":1,"issues_emitted":0,"total_duration_ns":10512}
{"time":"2026-03-03T22:10:45.778535454Z","level":"INFO","msg":"engine rule metrics","component":"api","request_id":"","rule_id":"no-disconnected-nodes","executions":1,"issues_emitted":0,"total_duration_ns":630}
{"time":"2026-03-03T22:10:45.778542772Z","level":"INFO","msg":"engine rule metrics","component":"api","request_id":"","rule_id":"no-duplicate-node-ids","executions":1,"issues_emitted":0,"total_duration_ns":721}
{"time":"2026-03-03T22:10:45.778619474Z","level":"INFO","msg":"engine rule metrics","component":"api","request_id":"","rule_id":"max-depth","executions":1,"issues_emitted":0,"total_duration_ns":4547}
{"time":"2026-03-03T22:10:45.778626599Z","level":"INFO","msg":"engine rule metrics","component":"api","request_id":"","rule_id":"max-fanout","executions":1,"issues_emitted":0,"total_duration_ns":3819}
{"time":"2026-03-03T22:10:45.778630101Z","level":"INFO","msg":"engine rule metrics","component":"api","request_id":"","rule_id":"no-cycles","executions":1,"issues_emitted":0,"total_duration_ns":14446}
{"time":"2026-03-03T22:10:45.778633527Z","level":"INFO","msg":"engine rule metrics","component":"api","request_id":"","rule_id":"no-disconnected-nodes","executions":1,"issues_emitted":0,"total_duration_ns":525}
{"time":"2026-03-03T22:10:45.778636995Z","level":"INFO","msg":"engine rule metrics","component":"api","request_id":"","rule_id":"no-duplicate-node-ids","executions":1,"issues_emitted":0,"total_duration_ns":428}
{"time":"2026-03-03T22:10:45.778712636Z","level":"INFO","msg":"engine rule metrics","component":"api","request_id":"","rule_id":"max-depth","executions":1,"issues_emitted":0,"total_duration_ns":6668}
{"time":"2026-03-03T22:10:45.778718095Z","level":"INFO","msg":"engine rule metrics","component":"api","request_id":"","rule_id":"max-fanout","executions":1,"issues_emitted":0,"total_duration_ns":809}
{"time":"2026-03-03T22:10:45.778721793Z","level":"INFO","msg":"engine rule metrics","component":"api","request_id":"","rule_id":"no-cycles","executions":1,"issues_emitted":0,"total_duration_ns":7964}
{"time":"2026-03-03T22:10:45.778729489Z","level":"INFO","msg":"engine rule metrics","component":"api","request_id":"","rule_id":"no-disconnected-nodes","executions":1,"issues_emitted":0,"total_duration_ns":436}
{"time":"2026-03-03T22:10:45.778732928Z","level":"INFO","msg":"engine rule metrics","component":"api","request_id":"","rule_id":"no-duplicate-node-ids","executions":1,"issues_emitted":0,"total_duration_ns":373}
{"time":"2026-03-03T22:10:45.778814726Z","level":"INFO","msg":"engine rule metrics","component":"api","request_id":"","rule_id":"max-depth","executions":1,"issues_emitted":0,"total_duration_ns":5055}
{"time":"2026-03-03T22:10:45.778819809Z","level":"INFO","msg":"engine rule metrics","component":"api","request_id":"","rule_id":"max-fanout","executions":1,"issues_emitted":0,"total_duration_ns":1073}
{"time":"2026-03-03T22:10:45.778823709Z","level":"INFO","msg":"engine rule metrics","component":"api","request_id":"","rule_id":"no-cycles","executions":1,"issues_emitted":0,"total_duration_ns":11282}
{"time":"2026-03-03T22:10:45.778827324Z","level":"INFO","msg":"engine rule metrics","component":"api","request_id":"","rule_id":"no-disconnected-nodes","executions":1,"issues_emitted":0,"total_duration_ns":551}
{"time":"2026-03-03T22:10:45.778830902Z","level":"INFO","msg":"engine rule metrics","component":"api","request_id":"","rule_id":"no-duplicate-node-ids","executions":1,"issues_emitted":0,"total_duration_ns":469}
{"time":"2026-03-03T22:10:45.77891545Z","level":"INFO","msg":"engine rule metrics","component":"api","request_id":"","rule_id":"max-depth","executions":1,"issues_emitted":0,"total_duration_ns":4920}
{"time":"2026-03-03T22:10:45.778919788Z","level":"INFO","msg":"engine rule metrics","component":"api","request_id":"","rule_id":"max-fanout","executions":1,"issues_emitted":0,"total_duration_ns":1095}
{"time":"2026-03-03T22:10:45.778927215Z","level":"INFO","msg":"engine rule metrics","component":"api","request_id":"","rule_id":"no-cycles","executions":1,"issues_emitted":0,"total_duration_ns":13533}
{"time":"2026-03-03T22:10:45.778930792Z","level":"INFO","msg":"engine rule metrics","component":"api","request_id":"","rule_id":"no-disconnected-nodes","executions":1,"issues_emitted":0,"total_duration_ns":670}
{"time":"2026-03-03T22:10:45.778934453Z","level":"INFO","msg":"engine rule metrics","component":"api","request_id":"","rule_id":"no-duplicate-node-ids","executions":1,"issues_emitted":0,"total_duration_ns":523}
{"time":"2026-03-03T22:10:45.779009539Z","level":"INFO","msg":"engine rule metrics","component":"api","request_id":"","rule_id":"max-depth","executions":1,"issues_emitted":0,"total_duration_ns":6717}
{"time":"2026-03-03T22:10:45.779014609Z","level":"INFO","msg":"engine rule metrics","component":"api","request_id":"","rule_id":"max-fanout","executions":1,"issues_emitted":0,"total_duration_ns":825}
{"time":"2026-03-03T22:10:45.779018148Z","level":"INFO","msg":"engine rule metrics","component":"api","request_id":"","rule_id":"no-cycles","executions":1,"issues_emitted":0,"total_duration_ns":8788}
{"time":"2026-03-03T22:10:45.779021598Z","level":"INFO","msg":"engine rule metrics","component":"api","request_id":"","rule_id":"no-disconnected-nodes","executions":1,"issues_emitted":0,"total_duration_ns":491}
{"time":"2026-03-03T22:10:45.779029516Z","level":"INFO","msg":"engine rule metrics","component":"api","request_id":"","rule_id":"no-duplicate-node-ids","executions":1,"issues_emitted":0,"total_duration_ns":436}
{"time":"2026-03-03T22:10:45.779107219Z","level":"INFO","msg":"engine rule metrics","component":"api","request_id":"","rule_id":"max-depth","executions":1,"issues_emitted":0,"total_duration_ns":5280}
{"time":"2026-03-03T22:10:45.77911626Z","level":"INFO","msg":"engine rule metrics","component":"api","request_id":"","rule_id":"max-fanout","executions":1,"issues_emitted":0,"total_duration_ns":4086}
{"time":"2026-03-03T22:10:45.779120017Z","level":"INFO","msg":"engine rule metrics","component":"api","request_id":"","rule_id":"no-cycles","executions":1,"issues_emitted":0,"total_duration_ns":11089}
{"time":"2026-03-03T22:10:45.779123653Z","level":"INFO","msg":"engine rule metrics","component":"api","request_id":"","rule_id":"no-disconnected-nodes","executions":1,"issues_emitted":0,"total_duration_ns":648}
{"time":"2026-03-03T22:10:45.779127177Z","level":"INFO","msg":"engine rule metrics","component":"api","request_id":"","rule_id":"no-duplicate-node-ids","executions":1,"issues_emitted":0,"total_duration_ns":573}
{"time":"2026-03-03T22:10:45.779228Z","level":"INFO","msg":"engine rule metrics","component":"api","request_id":"","rule_id":"max-depth","executions":1,"issues_emitted":0,"total_duration_ns":4309}
{"time":"2026-03-03T22:10:45.779233673Z","level":"INFO","msg":"engine rule metrics","component":"api","request_id":"","rule_id":"max-fanout","executions":1,"issues_emitted":0,"total_duration_ns":1193}
{"time":"2026-03-03T22:10:45.779237404Z","level":"INFO","msg":"engine rule metrics","component":"api","request_id":"","rule_id":"no-cycles","executions":1,"issues_emitted":0,"total_duration_ns":10586}
{"time":"2026-03-03T22:10:45.779245186Z","level":"INFO","msg":"engine rule metrics","component":"api","request_id":"","rule_id":"no-disconnected-nodes","executions":1,"issues_emitted":0,"total_duration_ns":677}
{"time":"2026-03-03T22:10:45.779248757Z","level":"INFO","msg":"engine rule metrics","component":"api","request_id":"","rule_id":"no-duplicate-node-ids","executions":1,"issues_emitted":0,"total_duration_ns":617}
{"time":"2026-03-03T22:10:45.779327989Z","level":"INFO","msg":"engine rule metrics","component":"api","request_id":"","rule_id":"max-depth","executions":1,"issues_emitted":0,"total_duration_ns":4671}
{"time":"2026-03-03T22:10:45.779332303Z","level":"INFO","msg":"engine rule metrics","component":"api","request_id":"","rule_id":"max-fanout","executions":1,"issues_emitted":0,"total_duration_ns":927}
{"time":"2026-03-03T22:10:45.779340306Z","level":"INFO","msg":"engine rule metrics","component":"api","request_id":"","rule_id":"no-cycles","executions":1,"issues_emitted":0,"total_duration_ns":10826}
{"time":"2026-03-03T22:10:45.779343886Z","level":"INFO","msg":"engine rule metrics","component":"api","request_id":"","rule_id":"no-disconnected-nodes","executions":1,"issues_emitted":0,"total_duration_ns":513}
{"time":"2026-03-03T22:10:45.779347582Z","level":"INFO","msg":"engine rule metrics","component":"api","request_id":"","rule_id":"no-duplicate-node-ids","executions":1,"issues_emitted":0,"total_duration_ns":445}
{"time":"2026-03-03T22:10:45.779425847Z","level":"INFO","msg":"engine rule metrics","component":"api","request_id":"","rule_id":"max-depth","executions":1,"issues_emitted":0,"total_duration_ns":4731}
{"time":"2026-03-03T22:10:45.779430221Z","level":"INFO","msg":"engine rule metrics","component":"api","request_id":"","rule_id":"max-fanout","executions":1,"issues_emitted":0,"total_duration_ns":1179}
{"time":"2026-03-03T22:10:45.77943766Z","level":"INFO","msg":"engine rule metrics","component":"api","request_id":"","rule_id":"no-cycles","executions":1,"issues_emitted":0,"total_duration_ns":14067}
{"time":"2026-03-03T22:10:45.779441051Z","level":"INFO","msg":"engine rule metrics","component":"api","request_id":"","rule_id":"no-disconnected-nodes","executions":1,"issues_emitted":0,"total_duration_ns":574}
{"time":"2026-03-03T22:10:45.779444748Z","level":"INFO","msg":"engine rule metrics","component":"api","request_id":"","rule_id":"no-duplicate-node-ids","executions":1,"issues_emitted":0,"total_duration_ns":542}
{"time":"2026-03-03T22:10:45.779534774Z","level":"INFO","msg":"engine rule metrics","component":"api","request_id":"","rule_id":"max-depth","executions":1,"issues_emitted":0,"total_duration_ns":11747}
{"time":"2026-03-03T22:10:45.779539895Z","level":"INFO","msg":"engine rule metrics","component":"api","request_id":"","rule_id":"max-fanout","executions":1,"issues_emitted":0,"total_duration_ns":1181}
{"time":"2026-03-03T22:10:45.7795434Z","level":"INFO","msg":"engine rule metrics","component":"api","request_id":"","rule_id":"no-cycles","executions":1,"issues_emitted":0,"total_duration_ns":10718}
{"time":"2026-03-03T22:10:45.779546971Z","level":"INFO","msg":"engine rule metrics","component":"api","request_id":"","rule_id":"no-disconnected-nodes","executions":1,"issues_emitted":0,"total_duration_ns":497}
{"time":"2026-03-03T22:10:45.779554211Z","level":"INFO","msg":"engine rule metrics","component":"api","request_id":"","rule_id":"no-duplicate-node-ids","executions":1,"issues_emitted":0,"total_duration_ns":527}
{"time":"2026-03-03T22:10:45.779625532Z","level":"INFO","msg":"engine rule metrics","component":"api","request_id":"","rule_id":"max-depth","executions":1,"issues_emitted":0,"total_duration_ns":4801}
{"time":"2026-03-03T22:10:45.779633104Z","level":"INFO","msg":"engine rule metrics","component":"api","request_id":"","rule_id":"max-fanout","executions":1,"issues_emitted":0,"total_duration_ns":3802}
{"time":"2026-03-03T22:10:45.77963667Z","level":"INFO","msg":"engine rule metrics","component":"api","request_id":"","rule_id":"no-cycles","executions":1,"issues_emitted":0,"total_duration_ns":10201}
{"time":"2026-03-03T22:10:45.779640407Z","level":"INFO","msg":"engine rule metrics","component":"api","request_id":"","rule_id":"no-disconnected-nodes","executions":1,"issues_emitted":0,"total_duration_ns":605}
{"time":"2026-03-03T22:10:45.779644047Z","level":"INFO","msg":"engine rule metrics","component":"api","request_id":"","rule_id":"no-duplicate-node-ids","executions":1,"issues_emitted":0,"total_duration_ns":557}
{"time":"2026-03-03T22:10:45.779729359Z","level":"INFO","msg":"engine rule metrics","component":"api","request_id":"","rule_id":"max-depth","executions":1,"issues_emitted":0,"total_duration_ns":7272}
{"time":"2026-03-03T22:10:45.779733589Z","level":"INFO","msg":"engine rule metrics","component":"api","request_id":"","rule_id":"max-fanout","executions":1,"issues_emitted":0,"total_duration_ns":1031}
{"time":"2026-03-03T22:10:45.779737051Z","level":"INFO","msg":"engine rule metrics","component":"api","request_id":"","rule_id":"no-cycles","executions":1,"issues_emitted":0,"total_duration_ns":9408}
{"time":"2026-03-03T22:10:45.779744391Z","level":"INFO","msg":"engine rule metrics","component":"api","request_id":"","rule_id":"no-disconnected-nodes","executions":1,"issues_emitted":0,"total_duration_ns":567}
{"time":"2026-03-03T22:10:45.779748073Z","level":"INFO","msg":"engine rule metrics","component":"api","request_id":"","rule_id":"no-duplicate-node-ids","executions":1,"issues_emitted":0,"total_duration_ns":479}
{"time":"2026-03-03T22:10:45.779824376Z","level":"INFO","msg":"engine rule metrics","component":"api","request_id":"","rule_id":"max-depth","executions":1,"issues_emitted":0,"total_duration_ns":4425}
{"time":"2026-03-03T22:10:45.779828709Z","level":"INFO","msg":"engine rule metrics","component":"api","request_id":"","rule_id":"max-fanout","executions":1,"issues_emitted":0,"total_duration_ns":1327}
{"time":"2026-03-03T22:10:45.779832598Z","level":"INFO","msg":"engine rule metrics","component":"api","request_id":"","rule_id":"no-cycles","executions":1,"issues_emitted":0,"total_duration_ns":10352}
{"time":"2026-03-03T22:10:45.779836092Z","level":"INFO","msg":"engine rule metrics","component":"api","request_id":"","rule_id":"no-disconnected-nodes","executions":1,"issues_emitted":0,"total_duration_ns":520}
{"time":"2026-03-03T22:10:45.779839402Z","level":"INFO","msg":"engine rule metrics","component":"api","request_id":"","rule_id":"no-duplicate-node-ids","executions":1,"issues_emitted":0,"total_duration_ns":398}
{"time":"2026-03-03T22:10:45.779935138Z","level":"INFO","msg":"engine rule metrics","component":"api","request_id":"","rule_id":"max-depth","executions":1,"issues_emitted":0,"total_duration_ns":4995}
{"time":"2026-03-03T22:10:45.779940817Z","level":"INFO","msg":"engine rule metrics","component":"api","request_id":"","rule_id":"max-fanout","executions":1,"issues_emitted":0,"total_duration_ns":1321}
{"time":"2026-03-03T22:10:45.779948429Z","level":"INFO","msg":"engine rule metrics","component":"api","request_id":"","rule_id":"no-cycles","executions":1,"issues_emitted":0,"total_duration_ns":13243}
{"time":"2026-03-03T22:10:45.779951979Z","level":"INFO","msg":"engine rule metrics","component":"api","request_id":"","rule_id":"no-disconnected-nodes","executions":1,"issues_emitted":0,"total_duration_ns":636}
{"time":"2026-03-03T22:10:45.779955313Z","level":"INFO","msg":"engine rule metrics","component":"api","request_id":"","rule_id":"no-duplicate-node-ids","executions":1,"issues_emitted":0,"total_duration_ns":521}
{"time":"2026-03-03T22:10:45.780033566Z","level":"INFO","msg":"engine rule metrics","component":"api","request_id":"","rule_id":"max-depth","executions":1,"issues_emitted":0,"total_duration_ns":7846}
{"time":"2026-03-03T22:10:45.780037814Z","level":"INFO","msg":"engine rule metrics","component":"api","request_id":"","rule_id":"max-fanout","executions":1,"issues_emitted":0,"total_duration_ns":1011}
{"time":"2026-03-03T22:10:45.78004157Z","level":"INFO","msg":"engine rule metrics","component":"api","request_id":"","rule_id":"no-cycles","executions":1,"issues_emitted":0,"total_duration_ns":12233}
{"time":"2026-03-03T22:10:45.780045212Z","level":"INFO","msg":"engine rule metrics","component":"api","request_id":"","rule_id":"no-disconnected-nodes","executions":1,"issues_emitted":0,"total_duration_ns":587}
{"time":"2026-03-03T22:10:45.780052933Z","level":"INFO","msg":"engine rule metrics","component":"api","request_id":"","rule_id":"no-duplicate-node-ids","executions":1,"issues_emitted":0,"total_duration_ns":501}
{"time":"2026-03-03T22:10:45.780133727Z","level":"INFO","msg":"engine rule metrics","component":"api","request_id":"","rule_id":"max-depth","executions":1,"issues_emitted":0,"total_duration_ns":5084}
{"time":"2026-03-03T22:10:45.780141368Z","level":"INFO","msg":"engine rule metrics","component":"api","request_id":"","rule_id":"max-fanout","executions":1,"issues_emitted":0,"total_duration_ns":1041}
{"time":"2026-03-03T22:10:45.780145217Z","level":"INFO","msg":"engine rule metrics","component":"api","request_id":"","rule_id":"no-cycles","executions":1,"issues_emitted":0,"total_duration_ns":10258}
{"time":"2026-03-03T22:10:45.780149092Z","level":"INFO","msg":"engine rule metrics","component":"api","request_id":"","rule_id":"no-disconnected-nodes","executions":1,"issues_emitted":0,"total_duration_ns":654}
{"time":"2026-03-03T22:10:45.780152753Z","level":"INFO","msg":"engine rule metrics","component":"api","request_id":"","rule_id":"no-duplicate-node-ids","executions":1,"issues_emitted":0,"total_duration_ns":611}
{"time":"2026-03-03T22:10:45.78270791Z","level":"INFO","msg":"engine rule metrics","component":"api","request_id":"","rule_id":"max-depth","executions":1,"issues_emitted":0,"total_duration_ns":4537}
{"time":"2026-03-03T22:10:45.782719895Z","level":"INFO","msg":"engine rule metrics","component":"api","request_id":"","rule_id":"max-fanout","executions":1,"issues_emitted":0,"total_duration_ns":1553}
{"time":"2026-03-03T22:10:45.782723884Z","level":"INFO","msg":"engine rule metrics","component":"api","request_id":"","rule_id":"no-cycles","executions":1,"issues_emitted":0,"total_duration_ns":14032}
{"time":"2026-03-03T22:10:45.782727304Z","level":"INFO","msg":"engine rule metrics","component":"api","request_id":"","rule_id":"no-disconnected-nodes","executions":1,"issues_emitted":0,"total_duration_ns":890}
{"time":"2026-03-03T22:10:45.782730805Z","level":"INFO","msg":"engine rule metrics","component":"api","request_id":"","rule_id":"no-duplicate-node-ids","executions":1,"issues_emitted":0,"total_duration_ns":756}
{"time":"2026-03-03T22:10:45.78280369Z","level":"INFO","msg":"engine rule metrics","component":"api","request_id":"","rule_id":"max-depth","executions":1,"issues_emitted":0,"total_duration_ns":4220}
{"time":"2026-03-03T22:10:45.782807782Z","level":"INFO","msg":"engine rule metrics","component":"api","request_id":"","rule_id":"max-fanout","executions":1,"issues_emitted":0,"total_duration_ns":1125}
{"time":"2026-03-03T22:10:45.782811238Z","level":"INFO","msg":"engine rule metrics","component":"api","request_id":"","rule_id":"no-cycles","executions":1,"issues_emitted":0,"total_duration_ns":10924}
{"time":"2026-03-03T22:10:45.78281425Z","level":"INFO","msg":"engine rule metrics","component":"api","request_id":"","rule_id":"no-disconnected-nodes","executions":1,"issues_emitted":0,"total_duration_ns":723}
{"time":"2026-03-03T22:10:45.782817482Z","level":"INFO","msg":"engine rule metrics","component":"api","request_id":"","rule_id":"no-duplicate-node-ids","executions":1,"issues_emitted":0,"total_duration_ns":610}
{"time":"2026-03-03T22:10:45.782874801Z","level":"INFO","msg":"engine rule metrics","component":"api","request_id":"","rule_id":"max-depth","executions":1,"issues_emitted":0,"total_duration_ns":3843}
{"time":"2026-03-03T22:10:45.782878984Z","level":"INFO","msg":"engine rule metrics","component":"api","request_id":"","rule_id":"max-fanout","executions":1,"issues_emitted":0,"total_duration_ns":929}
{"time":"2026-03-03T22:10:45.782882437Z","level":"INFO","msg":"engine rule metrics","component":"api","request_id":"","rule_id":"no-cycles","executions":1,"issues_emitted":0,"total_duration_ns":10371}
{"time":"2026-03-03T22:10:45.782885568Z","level":"INFO","msg":"engine rule metrics","component":"api","request_id":"","rule_id":"no-disconnected-nodes","executions":1,"issues_emitted":0,"total_duration_ns":609}
{"time":"2026-03-03T22:10:45.782888946Z","level":"INFO","msg":"engine rule metrics","component":"api","request_id":"","rule_id":"no-duplicate-node-ids","executions":1,"issues_emitted":0,"total_duration_ns":480}
{"time":"2026-03-03T22:10:45.782941868Z","level":"INFO","msg":"engine rule metrics","component":"api","request_id":"","rule_id":"max-depth","executions":1,"issues_emitted":0,"total_duration_ns":3793}
{"time":"2026-03-03T22:10:45.782946281Z","level":"INFO","msg":"engine rule metrics","component":"api","request_id":"","rule_id":"max-fanout","executions":1,"issues_emitted":0,"total_duration_ns":871}
{"time":"2026-03-03T22:10:45.78294983Z","level":"INFO","msg":"engine rule metrics","component":"api","request_id":"","rule_id":"no-cycles","executions":1,"issues_emitted":0,"total_duration_ns":9627}
{"time":"2026-03-03T22:10:45.782953189Z","level":"INFO","msg":"engine rule metrics","component":"api","request_id":"","rule_id":"no-disconnected-nodes","executions":1,"issues_emitted":0,"total_duration_ns":593}
{"time":"2026-03-03T22:10:45.782956375Z","level":"INFO","msg":"engine rule metrics","component":"api","request_id":"","rule_id":"no-duplicate-node-ids","executions":1,"issues_emitted":0,"total_duration_ns":452}
{"time":"2026-03-03T22:10:45.783005848Z","level":"INFO","msg":"engine rule metrics","component":"api","request_id":"","rule_id":"max-depth","executions":1,"issues_emitted":0,"total_duration_ns":3509}
{"time":"2026-03-03T22:10:45.783010939Z","level":"INFO","msg":"engine rule metrics","component":"api","request_id":"","rule_id":"max-fanout","executions":1,"issues_emitted":0,"total_duration_ns":884}
{"time":"2026-03-03T22:10:45.783015257Z","level":"INFO","msg":"engine rule metrics","component":"api","request_id":"","rule_id":"no-cycles","executions":1,"issues_emitted":0,"total_duration_ns":8082}
{"time":"2026-03-03T22:10:45.783018486Z","level":"INFO","msg":"engine rule metrics","component":"api","request_id":"","rule_id":"no-disconnected-nodes","executions":1,"issues_emitted":0,"total_duration_ns":537}
{"time":"2026-03-03T22:10:45.783021978Z","level":"INFO","msg":"engine rule metrics","component":"api","request_id":"","rule_id":"no-duplicate-node-ids","executions":1,"issues_emitted":0,"total_duration_ns":434}
{"time":"2026-03-03T22:10:45.783078085Z","level":"INFO","msg":"engine rule metrics","component":"api","request_id":"","rule_id":"max-depth","executions":1,"issues_emitted":0,"total_duration_ns":3781}
{"time":"2026-03-03T22:10:45.783082187Z","level":"INFO","msg":"engine rule metrics","component":"api","request_id":"","rule_id":"max-fanout","executions":1,"issues_emitted":0,"total_duration_ns":896}
{"time":"2026-03-03T22:10:45.783085602Z","level":"INFO","msg":"engine rule metrics","component":"api","request_id":"","rule_id":"no-cycles","executions":1,"issues_emitted":0,"total_duration_ns":9198}
{"time":"2026-03-03T22:10:45.783089229Z","level":"INFO","msg":"engine rule metrics","component":"api","request_id":"","rule_id":"no-disconnected-nodes","executions":1,"issues_emitted":0,"total_duration_ns":616}
{"time":"2026-03-03T22:10:45.7830926Z","level":"INFO","msg":"engine rule metrics","component":"api","request_id":"","rule_id":"no-duplicate-node-ids","executions":1,"issues_emitted":0,"total_duration_ns":581}
{"time":"2026-03-03T22:10:45.783144446Z","level":"INFO","msg":"engine rule metrics","component":"api","request_id":"","rule_id":"max-depth","executions":1,"issues_emitted":0,"total_duration_ns":3804}
{"time":"2026-03-03T22:10:45.783148447Z","level":"INFO","msg":"engine rule metrics","component":"api","request_id":"","rule_id":"max-fanout","executions":1,"issues_emitted":0,"total_duration_ns":859}
{"time":"2026-03-03T22:10:45.783152197Z","level":"INFO","msg":"engine rule metrics","component":"api","request_id":"","rule_id":"no-cycles","executions":1,"issues_emitted":0,"total_duration_ns":8926}
{"time":"2026-03-03T22:10:45.783155365Z","level":"INFO","msg":"engine rule metrics","component":"api","request_id":"","rule_id":"no-disconnected-nodes","executions":1,"issues_emitted":0,"total_duration_ns":581}
{"time":"2026-03-03T22:10:45.783158655Z","level":"INFO","msg":"engine rule metrics","component":"api","request_id":"","rule_id":"no-duplicate-node-ids","executions":1,"issues_emitted":0,"total_duration_ns":456}
{"time":"2026-03-03T22:10:45.783236588Z","level":"INFO","msg":"engine rule metrics","component":"api","request_id":"","rule_id":"max-depth","executions":1,"issues_emitted":0,"total_duration_ns":4620}
{"time":"2026-03-03T22:10:45.783241776Z","level":"INFO","msg":"engine rule metrics","component":"api","request_id":"","rule_id":"max-fanout","executions":1,"issues_emitted":0,"total_duration_ns":906}
{"time":"2026-03-03T22:10:45.783245336Z","level":"INFO","msg":"engine rule metrics","component":"api","request_id":"","rule_id":"no-cycles","executions":1,"issues_emitted":0,"total_duration_ns":8805}
{"time":"2026-03-03T22:10:45.783249131Z","level":"INFO","msg":"engine rule metrics","component":"api","request_id":"","rule_id":"no-disconnected-nodes","executions":1,"issues_emitted":0,"total_duration_ns":524}
{"time":"2026-03-03T22:10:45.783252335Z","level":"INFO","msg":"engine rule metrics","component":"api","request_id":"","rule_id":"no-duplicate-node-ids","executions":1,"issues_emitted":0,"total_duration_ns":444}
{"time":"2026-03-03T22:10:45.783306479Z","level":"INFO","msg":"engine rule metrics","component":"api","request_id":"","rule_id":"max-depth","executions":1,"issues_emitted":0,"total_duration_ns":3158}
{"time":"2026-03-03T22:10:45.783311163Z","level":"INFO","msg":"engine rule metrics","component":"api","request_id":"","rule_id":"max-fanout","executions":1,"issues_emitted":0,"total_duration_ns":763}
{"time":"2026-03-03T22:10:45.783314363Z","level":"INFO","msg":"engine rule metrics","component":"api","request_id":"","rule_id":"no-cycles","executions":1,"issues_emitted":0,"total_duration_ns":9456}
{"time":"2026-03-03T22:10:45.783317473Z","level":"INFO","msg":"engine rule metrics","component":"api","request_id":"","rule_id":"no-disconnected-nodes","executions":1,"issues_emitted":0,"total_duration_ns":455}
{"time":"2026-03-03T22:10:45.783320724Z","level":"INFO","msg":"engine rule metrics","component":"api","request_id":"","rule_id":"no-duplicate-node-ids","executions":1,"issues_emitted":0,"total_duration_ns":404}
{"time":"2026-03-03T22:10:45.783375031Z","level":"INFO","msg":"engine rule metrics","component":"api","request_id":"","rule_id":"max-depth","executions":1,"issues_emitted":0,"total_duration_ns":3872}
{"time":"2026-03-03T22:10:45.783378597Z","level":"INFO","msg":"engine rule metrics","component":"api","request_id":"","rule_id":"max-fanout","executions":1,"issues_emitted":0,"total_duration_ns":995}
{"time":"2026-03-03T22:10:45.783381555Z","level":"INFO","msg":"engine rule metrics","component":"api","request_id":"","rule_id":"no-cycles","executions":1,"issues_emitted":0,"total_duration_ns":8500}
{"time":"2026-03-03T22:10:45.783384252Z","level":"INFO","msg":"engine rule metrics","component":"api","request_id":"","rule_id":"no-disconnected-nodes","executions":1,"issues_emitted":0,"total_duration_ns":539}
{"time":"2026-03-03T22:10:45.783387279Z","level":"INFO","msg":"engine rule metrics","component":"api","request_id":"","rule_id":"no-duplicate-node-ids","executions":1,"issues_emitted":0,"total_duration_ns":469}
{"time":"2026-03-03T22:10:45.783438776Z","level":"INFO","msg":"engine rule metrics","component":"api","request_id":"","rule_id":"max-depth","executions":1,"issues_emitted":0,"total_duration_ns":3789}
{"time":"2026-03-03T22:10:45.783442572Z","level":"INFO","msg":"engine rule metrics","component":"api","request_id":"","rule_id":"max-fanout","executions":1,"issues_emitted":0,"total_duration_ns":874}
{"time":"2026-03-03T22:10:45.783445648Z","level":"INFO","msg":"engine rule metrics","component":"api","request_id":"","rule_id":"no-cycles","executions":1,"issues_emitted":0,"total_duration_ns":8947}
{"time":"2026-03-03T22:10:45.783448885Z","level":"INFO","msg":"engine rule metrics","component":"api","request_id":"","rule_id":"no-disconnected-nodes","executions":1,"issues_emitted":0,"total_duration_ns":746}
{"time":"2026-03-03T22:10:45.783451894Z","level":"INFO","msg":"engine rule metrics","component":"api","request_id":"","rule_id":"no-duplicate-node-ids","executions":1,"issues_emitted":0,"total_duration_ns":457}
{"time":"2026-03-03T22:10:45.783503035Z","level":"INFO","msg":"engine rule metrics","component":"api","request_id":"","rule_id":"max-depth","executions":1,"issues_emitted":0,"total_duration_ns":3630}
{"time":"2026-03-03T22:10:45.783506535Z","level":"INFO","msg":"engine rule metrics","component":"api","request_id":"","rule_id":"max-fanout","executions":1,"issues_emitted":0,"total_duration_ns":1006}
{"time":"2026-03-03T22:10:45.783509558Z","level":"INFO","msg":"engine rule metrics","component":"api","request_id":"","rule_id":"no-cycles","executions":1,"issues_emitted":0,"total_duration_ns":9243}
{"time":"2026-03-03T22:10:45.783512293Z","level":"INFO","msg":"engine rule metrics","component":"api","request_id":"","rule_id":"no-disconnected-nodes","executions":1,"issues_emitted":0,"total_duration_ns":598}
{"time":"2026-03-03T22:10:45.783515168Z","level":"INFO","msg":"engine rule metrics","component":"api","request_id":"","rule_id":"no-duplicate-node-ids","executions":1,"issues_emitted":0,"total_duration_ns":559}
{"time":"2026-03-03T22:10:45.783576601Z","level":"INFO","msg":"engine rule metrics","component":"api","request_id":"","rule_id":"max-depth","executions":1,"issues_emitted":0,"total_duration_ns":3377}
{"time":"2026-03-03T22:10:45.783581629Z","level":"INFO","msg":"engine rule metrics","component":"api","request_id":"","rule_id":"max-fanout","executions":1,"issues_emitted":0,"total_duration_ns":827}
{"time":"2026-03-03T22:10:45.783585001Z","level":"INFO","msg":"engine rule metrics","component":"api","request_id":"","rule_id":"no-cycles","executions":1,"issues_emitted":0,"total_duration_ns":9085}
{"time":"2026-03-03T22:10:45.783588148Z","level":"INFO","msg":"engine rule metrics","component":"api","request_id":"","rule_id":"no-disconnected-nodes","executions":1,"issues_emitted":0,"total_duration_ns":643}
{"time":"2026-03-03T22:10:45.78359139Z","level":"INFO","msg":"engine rule metrics","component":"api","request_id":"","rule_id":"no-duplicate-node-ids","executions":1,"issues_emitted":0,"total_duration_ns":483}
{"time":"2026-03-03T22:10:45.783648134Z","level":"INFO","msg":"engine rule metrics","component":"api","request_id":"","rule_id":"max-depth","executions":1,"issues_emitted":0,"total_duration_ns":4650}
{"time":"2026-03-03T22:10:45.783652065Z","level":"INFO","msg":"engine rule metrics","component":"api","request_id":"","rule_id":"max-fanout","executions":1,"issues_emitted":0,"total_duration_ns":767}
{"time":"2026-03-03T22:10:45.783654916Z","level":"INFO","msg":"engine rule metrics","component":"api","request_id":"","rule_id":"no-cycles","executions":1,"issues_emitted":0,"total_duration_ns":9157}
{"time":"2026-03-03T22:10:45.783657469Z","level":"INFO","msg":"engine rule metrics","component":"api","request_id":"","rule_id":"no-disconnected-nodes","executions":1,"issues_emitted":0,"total_duration_ns":476}
{"time":"2026-03-03T22:10:45.783660378Z","level":"INFO","msg":"engine rule metrics","component":"api","request_id":"","rule_id":"no-duplicate-node-ids","executions":1,"issues_emitted":0,"total_duration_ns":369}
{"time":"2026-03-03T22:10:45.783713484Z","level":"INFO","msg":"engine rule metrics","component":"api","request_id":"","rule_id":"max-depth","executions":1,"issues_emitted":0,"total_duration_ns":3906}
{"time":"2026-03-03T22:10:45.783717139Z","level":"INFO","msg":"engine rule metrics","component":"api","request_id":"","rule_id":"max-fanout","executions":1,"issues_emitted":0,"total_duration_ns":802}
{"time":"2026-03-03T22:10:45.783720213Z","level":"INFO","msg":"engine rule metrics","component":"api","request_id":"","rule_id":"no-cycles","executions":1,"issues_emitted":0,"total_duration_ns":8728}
{"time":"2026-03-03T22:10:45.783723263Z","level":"INFO","msg":"engine rule metrics","component":"api","request_id":"","rule_id":"no-disconnected-nodes","executions":1,"issues_emitted":0,"total_duration_ns":493}
{"time":"2026-03-03T22:10:45.783726395Z","level":"INFO","msg":"engine rule metrics","component":"api","request_id":"","rule_id":"no-duplicate-node-ids","executions":1,"issues_emitted":0,"total_duration_ns":425}
{"time":"2026-03-03T22:10:45.783777144Z","level":"INFO","msg":"engine rule metrics","component":"api","request_id":"","rule_id":"max-depth","executions":1,"issues_emitted":0,"total_duration_ns":3268}
{"time":"2026-03-03T22:10:45.78378082Z","level":"INFO","msg":"engine rule metrics","component":"api","request_id":"","rule_id":"max-fanout","executions":1,"issues_emitted":0,"total_duration_ns":909}
{"time":"2026-03-03T22:10:45.783784182Z","level":"INFO","msg":"engine rule metrics","component":"api","request_id":"","rule_id":"no-cycles","executions":1,"issues_emitted":0,"total_duration_ns":8500}
{"time":"2026-03-03T22:10:45.783787137Z","level":"INFO","msg":"engine rule metrics","component":"api","request_id":"","rule_id":"no-disconnected-nodes","executions":1,"issues_emitted":0,"total_duration_ns":603}
{"time":"2026-03-03T22:10:45.783790188Z","level":"INFO","msg":"engine rule metrics","component":"api","request_id":"","rule_id":"no-duplicate-node-ids","executions":1,"issues_emitted":0,"total_duration_ns":390}
{"time":"2026-03-03T22:10:45.783845011Z","level":"INFO","msg":"engine rule metrics","component":"api","request_id":"","rule_id":"max-depth","executions":1,"issues_emitted":0,"total_duration_ns":3625}
{"time":"2026-03-03T22:10:45.783850433Z","level":"INFO","msg":"engine rule metrics","component":"api","request_id":"","rule_id":"max-fanout","executions":1,"issues_emitted":0,"total_duration_ns":790}
{"time":"2026-03-03T22:10:45.783853452Z","level":"INFO","msg":"engine rule metrics","component":"api","request_id":"","rule_id":"no-cycles","executions":1,"issues_emitted":0,"total_duration_ns":10598}
{"time":"2026-03-03T22:10:45.783856707Z","level":"INFO","msg":"engine rule metrics","component":"api","request_id":"","rule_id":"no-disconnected-nodes","executions":1,"issues_emitted":0,"total_duration_ns":546}
{"time":"2026-03-03T22:10:45.783859634Z","level":"INFO","msg":"engine rule metrics","component":"api","request_id":"","rule_id":"no-duplicate-node-ids","executions":1,"issues_emitted":0,"total_duration_ns":542}
{"time":"2026-03-03T22:10:45.783912563Z","level":"INFO","msg":"engine rule metrics","component":"api","request_id":"","rule_id":"max-depth","executions":1,"issues_emitted":0,"total_duration_ns":3060}
{"time":"2026-03-03T22:10:45.783916188Z","level":"INFO","msg":"engine rule metrics","component":"api","request_id":"","rule_id":"max-fanout","executions":1,"issues_emitted":0,"total_duration_ns":992}
{"time":"2026-03-03T22:10:45.78391893Z","level":"INFO","msg":"engine rule metrics","component":"api","request_id":"","rule_id":"no-cycles","executions":1,"issues_emitted":0,"total_duration_ns":9297}
{"time":"2026-03-03T22:10:45.783921574Z","level":"INFO","msg":"engine rule metrics","component":"api","request_id":"","rule_id":"no-disconnected-nodes","executions":1,"issues_emitted":0,"total_duration_ns":711}
{"time":"2026-03-03T22:10:45.78392427Z","level":"INFO","msg":"engine rule metrics","component":"api","request_id":"","rule_id":"no-duplicate-node-ids","executions":1,"issues_emitted":0,"total_duration_ns":444}
{"time":"2026-03-03T22:10:45.783972209Z","level":"INFO","msg":"engine rule metrics","component":"api","request_id":"","rule_id":"max-depth","executions":1,"issues_emitted":0,"total_duration_ns":3426}
{"time":"2026-03-03T22:10:45.783976484Z","level":"INFO","msg":"engine rule metrics","component":"api","request_id":"","rule_id":"max-fanout","executions":1,"issues_emitted":0,"total_duration_ns":800}
{"time":"2026-03-03T22:10:45.783979756Z","level":"INFO","msg":"engine rule metrics","component":"api","request_id":"","rule_id":"no-cycles","executions":1,"issues_emitted":0,"total_duration_ns":7205}
{"time":"2026-03-03T22:10:45.783982827Z","level":"INFO","msg":"engine rule metrics","component":"api","request_id":"","rule_id":"no-disconnected-nodes","executions":1,"issues_emitted":0,"total_duration_ns":517}
{"time":"2026-03-03T22:10:45.783985591Z","level":"INFO","msg":"engine rule metrics","component":"api","request_id":"","rule_id":"no-duplicate-node-ids","executions":1,"issues_emitted":0,"total_duration_ns":440}
{"time":"2026-03-03T22:10:45.784035819Z","level":"INFO","msg":"engine rule metrics","component":"api","request_id":"","rule_id":"max-depth","executions":1,"issues_emitted":0,"total_duration_ns":3735}
{"time":"2026-03-03T22:10:45.784039431Z","level":"INFO","msg":"engine rule metrics","component":"api","request_id":"","rule_id":"max-fanout","executions":1,"issues_emitted":0,"total_duration_ns":920}
{"time":"2026-03-03T22:10:45.784042802Z","level":"INFO","msg":"engine rule metrics","component":"api","request_id":"","rule_id":"no-cycles","executions":1,"issues_emitted":0,"total_duration_ns":8931}
{"time":"2026-03-03T22:10:45.784045894Z","level":"INFO","msg":"engine rule metrics","component":"api","request_id":"","rule_id":"no-disconnected-nodes","executions":1,"issues_emitted":0,"total_duration_ns":633}
{"time":"2026-03-03T22:10:45.784050451Z","level":"INFO","msg":"engine rule metrics","component":"api","request_id":"","rule_id":"no-duplicate-node-ids","executions":1,"issues_emitted":0,"total_duration_ns":432}
{"time":"2026-03-03T22:10:45.784101778Z","level":"INFO","msg":"engine rule metrics","component":"api","request_id":"","rule_id":"max-depth","executions":1,"issues_emitted":0,"total_duration_ns":3780}
{"time":"2026-03-03T22:10:45.78410682Z","level":"INFO","msg":"engine rule metrics","component":"api","request_id":"","rule_id":"max-fanout","executions":1,"issues_emitted":0,"total_duration_ns":865}
{"time":"2026-03-03T22:10:45.784110127Z","level":"INFO","msg":"engine rule metrics","component":"api","request_id":"","rule_id":"no-cycles","executions":1,"issues_emitted":0,"total_duration_ns":9228}
{"time":"2026-03-03T22:10:45.784113306Z","level":"INFO","msg":"engine rule metrics","component":"api","request_id":"","rule_id":"no-disconnected-nodes","executions":1,"issues_emitted":0,"total_duration_ns":531}
{"time":"2026-03-03T22:10:45.784116381Z","level":"INFO","msg":"engine rule metrics","component":"api","request_id":"","rule_id":"no-duplicate-node-ids","executions":1,"issues_emitted":0,"total_duration_ns":422}
{"time":"2026-03-03T22:10:45.784165069Z","level":"INFO","msg":"engine rule metrics","component":"api","request_id":"","rule_id":"max-depth","executions":1,"issues_emitted":0,"total_duration_ns":3304}
{"time":"2026-03-03T22:10:45.78882219Z","level":"INFO","msg":"engine rule metrics","component":"api","request_id":"","rule_id":"max-fanout","executions":1,"issues_emitted":0,"total_duration_ns":814}
{"time":"2026-03-03T22:10:45.788831496Z","level":"INFO","msg":"engine rule metrics","component":"api","request_id":"","rule_id":"no-cycles","executions":1,"issues_emitted":0,"total_duration_ns":8951}
{"time":"2026-03-03T22:10:45.788835522Z","level":"INFO","msg":"engine rule metrics","component":"api","request_id":"","rule_id":"no-disconnected-nodes","executions":1,"issues_emitted":0,"total_duration_ns":476}
{"time":"2026-03-03T22:10:45.788839005Z","level":"INFO","msg":"engine rule metrics","component":"api","request_id":"","rule_id":"no-duplicate-node-ids","executions":1,"issues_emitted":0,"total_duration_ns":367}
{"time":"2026-03-03T22:10:45.784294506Z","level":"INFO","msg":"engine rule metrics","component":"api","request_id":"","rule_id":"max-depth","executions":1,"issues_emitted":0,"total_duration_ns":11148}
{"time":"2026-03-03T22:10:45.788867509Z","level":"INFO","msg":"engine rule metrics","component":"api","request_id":"","rule_id":"max-fanout","executions":1,"issues_emitted":0,"total_duration_ns":839}
{"time":"2026-03-03T22:10:45.788871201Z","level":"INFO","msg":"engine rule metrics","component":"api","request_id":"","rule_id":"no-cycles","executions":1,"issues_emitted":0,"total_duration_ns":12083}
{"time":"2026-03-03T22:10:45.788874653Z","level":"INFO","msg":"engine rule metrics","component":"api","request_id":"","rule_id":"no-disconnected-nodes","executions":1,"issues_emitted":0,"total_duration_ns":600}
{"time":"2026-03-03T22:10:45.788877898Z","level":"INFO","msg":"engine rule metrics","component":"api","request_id":"","rule_id":"no-duplicate-node-ids","executions":1,"issues_emitted":0,"total_duration_ns":554}
{"time":"2026-03-03T22:10:45.784334154Z","level":"INFO","msg":"engine rule metrics","component":"api","request_id":"","rule_id":"max-depth","executions":1,"issues_emitted":0,"total_duration_ns":3219}
{"time":"2026-03-03T22:10:45.788902141Z","level":"INFO","msg":"engine rule metrics","component":"api","request_id":"","rule_id":"max-fanout","executions":1,"issues_emitted":0,"total_duration_ns":786}
{"time":"2026-03-03T22:10:45.78890578Z","level":"INFO","msg":"engine rule metrics","component":"api","request_id":"","rule_id":"no-cycles","executions":1,"issues_emitted":0,"total_duration_ns":9083}
{"time":"2026-03-03T22:10:45.788909055Z","level":"INFO","msg":"engine rule metrics","component":"api","request_id":"","rule_id":"no-disconnected-nodes","executions":1,"issues_emitted":0,"total_duration_ns":462}
{"time":"2026-03-03T22:10:45.788912269Z","level":"INFO","msg":"engine rule metrics","component":"api","request_id":"","rule_id":"no-duplicate-node-ids","executions":1,"issues_emitted":0,"total_duration_ns":434}
{"time":"2026-03-03T22:10:45.784370547Z","level":"INFO","msg":"engine rule metrics","component":"api","request_id":"","rule_id":"max-depth","executions":1,"issues_emitted":0,"total_duration_ns":3453}
{"time":"2026-03-03T22:10:45.788931902Z","level":"INFO","msg":"engine rule metrics","component":"api","request_id":"","rule_id":"max-fanout","executions":1,"issues_emitted":0,"total_duration_ns":771}
{"time":"2026-03-03T22:10:45.788935337Z","level":"INFO","msg":"engine rule metrics","component":"api","request_id":"","rule_id":"no-cycles","executions":1,"issues_emitted":0,"total_duration_ns":10161}
{"time":"2026-03-03T22:10:45.788938272Z","level":"INFO","msg":"engine rule metrics","component":"api","request_id":"","rule_id":"no-disconnected-nodes","executions":1,"issues_emitted":0,"total_duration_ns":486}
{"time":"2026-03-03T22:10:45.788941323Z","level":"INFO","msg":"engine rule metrics","component":"api","request_id":"","rule_id":"no-duplicate-node-ids","executions":1,"issues_emitted":0,"total_duration_ns":535}
{"time":"2026-03-03T22:10:45.784410606Z","level":"INFO","msg":"engine rule metrics","component":"api","request_id":"","rule_id":"max-depth","executions":1,"issues_emitted":0,"total_duration_ns":3412}
{"time":"2026-03-03T22:10:45.791878083Z","level":"INFO","msg":"engine rule metrics","component":"api","request_id":"","rule_id":"max-fanout","executions":1,"issues_emitted":0,"total_duration_ns":1014}
{"time":"2026-03-03T22:10:45.791892684Z","level":"INFO","msg":"engine rule metrics","component":"api","request_id":"","rule_id":"no-cycles","executions":1,"issues_emitted":0,"total_duration_ns":9438}
{"time":"2026-03-03T22:10:45.79189606Z","level":"INFO","msg":"engine rule metrics","component":"api","request_id":"","rule_id":"no-disconnected-nodes","executions":1,"issues_emitted":0,"total_duration_ns":635}
{"time":"2026-03-03T22:10:45.791899414Z","level":"INFO","msg":"engine rule metrics","component":"api","request_id":"","rule_id":"no-duplicate-node-ids","executions":1,"issues_emitted":0,"total_duration_ns":364}
{"time":"2026-03-03T22:10:45.784449637Z","level":"INFO","msg":"engine rule metrics","component":"api","request_id":"","rule_id":"max-depth","executions":1,"issues_emitted":0,"total_duration_ns":3297}
{"time":"2026-03-03T22:10:45.791937665Z","level":"INFO","msg":"engine rule metrics","component":"api","request_id":"","rule_id":"max-fanout","executions":1,"issues_emitted":0,"total_duration_ns":839}
{"time":"2026-03-03T22:10:45.791945765Z","level":"INFO","msg":"engine rule metrics","component":"api","request_id":"","rule_id":"no-cycles","executions":1,"issues_emitted":0,"total_duration_ns":11188}
{"time":"2026-03-03T22:10:45.791949452Z","level":"INFO","msg":"engine rule metrics","component":"api","request_id":"","rule_id":"no-disconnected-nodes","executions":1,"issues_emitted":0,"total_duration_ns":525}
{"time":"2026-03-03T22:10:45.791952913Z","level":"INFO","msg":"engine rule metrics","component":"api","request_id":"","rule_id":"no-duplicate-node-ids","executions":1,"issues_emitted":0,"total_duration_ns":421}
{"time":"2026-03-03T22:10:45.784485679Z","level":"INFO","msg":"engine rule metrics","component":"api","request_id":"","rule_id":"max-depth","executions":1,"issues_emitted":0,"total_duration_ns":3520}
{"time":"2026-03-03T22:10:45.791984906Z","level":"INFO","msg":"engine rule metrics","component":"api","request_id":"","rule_id":"max-fanout","executions":1,"issues_emitted":0,"total_duration_ns":828}
{"time":"2026-03-03T22:10:45.791988868Z","level":"INFO","msg":"engine rule metrics","component":"api","request_id":"","rule_id":"no-cycles","executions":1,"issues_emitted":0,"total_duration_ns":9257}
{"time":"2026-03-03T22:10:45.79199613Z","level":"INFO","msg":"engine rule metrics","component":"api","request_id":"","rule_id":"no-disconnected-nodes","executions":1,"issues_emitted":0,"total_duration_ns":533}
{"time":"2026-03-03T22:10:45.79199937Z","level":"INFO","msg":"engine rule metrics","component":"api","request_id":"","rule_id":"no-duplicate-node-ids","executions":1,"issues_emitted":0,"total_duration_ns":401}
{"time":"2026-03-03T22:10:45.784531655Z","level":"INFO","msg":"engine rule metrics","component":"api","request_id":"","rule_id":"max-depth","executions":1,"issues_emitted":0,"total_duration_ns":3578}
{"time":"2026-03-03T22:10:45.79202787Z","level":"INFO","msg":"engine rule metrics","component":"api","request_id":"","rule_id":"max-fanout","executions":1,"issues_emitted":0,"total_duration_ns":848}
{"time":"2026-03-03T22:10:45.792031609Z","level":"INFO","msg":"engine rule metrics","component":"api","request_id":"","rule_id":"no-cycles","executions":1,"issues_emitted":0,"total_duration_ns":9573}
{"time":"2026-03-03T22:10:45.792034937Z","level":"INFO","msg":"engine rule metrics","component":"api","request_id":"","rule_id":"no-disconnected-nodes","executions":1,"issues_emitted":0,"total_duration_ns":586}
{"time":"2026-03-03T22:10:45.792041761Z","level":"INFO","msg":"engine rule metrics","component":"api","request_id":"","rule_id":"no-duplicate-node-ids","executions":1,"issues_emitted":0,"total_duration_ns":418}
{"time":"2026-03-03T22:10:45.78456631Z","level":"INFO","msg":"engine rule metrics","component":"api","request_id":"","rule_id":"max-depth","executions":1,"issues_emitted":0,"total_duration_ns":3045}
{"time":"2026-03-03T22:10:45.792070863Z","level":"INFO","msg":"engine rule metrics","component":"api","request_id":"","rule_id":"max-fanout","executions":1,"issues_emitted":0,"total_duration_ns":879}
{"time":"2026-03-03T22:10:45.792076067Z","level":"INFO","msg":"engine rule metrics","component":"api","request_id":"","rule_id":"no-cycles","executions":1,"issues_emitted":0,"total_duration_ns":11045}
{"time":"2026-03-03T22:10:45.792079733Z","level":"INFO","msg":"engine rule metrics","component":"api","request_id":"","rule_id":"no-disconnected-nodes","executions":1,"issues_emitted":0,"total_duration_ns":452}
{"time":"2026-03-03T22:10:45.792082513Z","level":"INFO","msg":"engine rule metrics","component":"api","request_id":"","rule_id":"no-duplicate-node-ids","executions":1,"issues_emitted":0,"total_duration_ns":409}
{"time":"2026-03-03T22:10:45.784606736Z","level":"INFO","msg":"engine rule metrics","component":"api","request_id":"","rule_id":"max-depth","executions":1,"issues_emitted":0,"total_duration_ns":3451}
{"time":"2026-03-03T22:10:45.792114081Z","level":"INFO","msg":"engine rule metrics","component":"api","request_id":"","rule_id":"max-fanout","executions":1,"issues_emitted":0,"total_duration_ns":984}
{"time":"2026-03-03T22:10:45.792118263Z","level":"INFO","msg":"engine rule metrics","component":"api","request_id":"","rule_id":"no-cycles","executions":1,"issues_emitted":0,"total_duration_ns":10357}
{"time":"2026-03-03T22:10:45.792121406Z","level":"INFO","msg":"engine rule metrics","component":"api","request_id":"","rule_id":"no-disconnected-nodes","executions":1,"issues_emitted":0,"total_duration_ns":504}
{"time":"2026-03-03T22:10:45.792124461Z","level":"INFO","msg":"engine rule metrics","component":"api","request_id":"","rule_id":"no-duplicate-node-ids","executions":1,"issues_emitted":0,"total_duration_ns":416}
{"time":"2026-03-03T22:10:45.784656593Z","level":"INFO","msg":"engine rule metrics","component":"api","request_id":"","rule_id":"max-depth","executions":1,"issues_emitted":0,"total_duration_ns":3228}
{"time":"2026-03-03T22:10:45.792159129Z","level":"INFO","msg":"engine rule metrics","component":"api","request_id":"","rule_id":"max-fanout","executions":1,"issues_emitted":0,"total_duration_ns":895}
{"time":"2026-03-03T22:10:45.792162906Z","level":"INFO","msg":"engine rule metrics","component":"api","request_id":"","rule_id":"no-cycles","executions":1,"issues_emitted":0,"total_duration_ns":9942}
{"time":"2026-03-03T22:10:45.792166065Z","level":"INFO","msg":"engine rule metrics","component":"api","request_id":"","rule_id":"no-disconnected-nodes","executions":1,"issues_emitted":0,"total_duration_ns":577}
{"time":"2026-03-03T22:10:45.792182005Z","level":"INFO","msg":"engine rule metrics","component":"api","request_id":"","rule_id":"no-duplicate-node-ids","executions":1,"issues_emitted":0,"total_duration_ns":354}
{"time":"2026-03-03T22:10:45.784697242Z","level":"INFO","msg":"engine rule metrics","component":"api","request_id":"","rule_id":"max-depth","executions":1,"issues_emitted":0,"total_duration_ns":3617}
{"time":"2026-03-03T22:10:45.79221454Z","level":"INFO","msg":"engine rule metrics","component":"api","request_id":"","rule_id":"max-fanout","executions":1,"issues_emitted":0,"total_duration_ns":831}
{"time":"2026-03-03T22:10:45.792222611Z","level":"INFO","msg":"engine rule metrics","component":"api","request_id":"","rule_id":"no-cycles","executions":1,"issues_emitted":0,"total_duration_ns":10576}
{"time":"2026-03-03T22:10:45.792226928Z","level":"INFO","msg":"engine rule metrics","component":"api","request_id":"","rule_id":"no-disconnected-nodes","executions":1,"issues_emitted":0,"total_duration_ns":496}
{"time":"2026-03-03T22:10:45.792231028Z","level":"INFO","msg":"engine rule metrics","component":"api","request_id":"","rule_id":"no-duplicate-node-ids","executions":1,"issues_emitted":0,"total_duration_ns":517}
{"time":"2026-03-03T22:10:45.784738176Z","level":"INFO","msg":"engine rule metrics","component":"api","request_id":"","rule_id":"max-depth","executions":1,"issues_emitted":0,"total_duration_ns":3507}
{"time":"2026-03-03T22:10:45.792260737Z","level":"INFO","msg":"engine rule metrics","component":"api","request_id":"","rule_id":"max-fanout","executions":1,"issues_emitted":0,"total_duration_ns":766}
{"time":"2026-03-03T22:10:45.792267124Z","level":"INFO","msg":"engine rule metrics","component":"api","request_id":"","rule_id":"no-cycles","executions":1,"issues_emitted":0,"total_duration_ns":8486}
{"time":"2026-03-03T22:10:45.792275208Z","level":"INFO","msg":"engine rule metrics","component":"api","request_id":"","rule_id":"no-disconnected-nodes","executions":1,"issues_emitted":0,"total_duration_ns":454}
{"time":"2026-03-03T22:10:45.792279564Z","level":"INFO","msg":"engine rule metrics","component":"api","request_id":"","rule_id":"no-duplicate-node-ids","executions":1,"issues_emitted":0,"total_duration_ns":452}
{"time":"2026-03-03T22:10:45.784776123Z","level":"INFO","msg":"engine rule metrics","component":"api","request_id":"","rule_id":"max-depth","executions":1,"issues_emitted":0,"total_duration_ns":3281}
{"time":"2026-03-03T22:10:45.792308633Z","level":"INFO","msg":"engine rule metrics","component":"api","request_id":"","rule_id":"max-fanout","executions":1,"issues_emitted":0,"total_duration_ns":925}
{"time":"2026-03-03T22:10:45.792313288Z","level":"INFO","msg":"engine rule metrics","component":"api","request_id":"","rule_id":"no-cycles","executions":1,"issues_emitted":0,"total_duration_ns":10947}
{"time":"2026-03-03T22:10:45.792317737Z","level":"INFO","msg":"engine rule metrics","component":"api","request_id":"","rule_id":"no-disconnected-nodes","executions":1,"issues_emitted":0,"total_duration_ns":540}
{"time":"2026-03-03T22:10:45.792325143Z","level":"INFO","msg":"engine rule metrics","component":"api","request_id":"","rule_id":"no-duplicate-node-ids","executions":1,"issues_emitted":0,"total_duration_ns":393}
{"time":"2026-03-03T22:10:45.784810074Z","level":"INFO","msg":"engine rule metrics","component":"api","request_id":"","rule_id":"max-depth","executions":1,"issues_emitted":0,"total_duration_ns":3608}
{"time":"2026-03-03T22:10:45.792353803Z","level":"INFO","msg":"engine rule metrics","component":"api","request_id":"","rule_id":"max-fanout","executions":1,"issues_emitted":0,"total_duration_ns":1030}
{"time":"2026-03-03T22:10:45.792358679Z","level":"INFO","msg":"engine rule metrics","component":"api","request_id":"","rule_id":"no-cycles","executions":1,"issues_emitted":0,"total_duration_ns":8178}
{"time":"2026-03-03T22:10:45.792363027Z","level":"INFO","msg":"engine rule metrics","component":"api","request_id":"","rule_id":"no-disconnected-nodes","executions":1,"issues_emitted":0,"total_duration_ns":563}
{"time":"2026-03-03T22:10:45.792370599Z","level":"INFO","msg":"engine rule metrics","component":"api","request_id":"","rule_id":"no-duplicate-node-ids","executions":1,"issues_emitted":0,"total_duration_ns":295}
{"time":"2026-03-03T22:10:45.784847914Z","level":"INFO","msg":"engine rule metrics","component":"api","request_id":"","rule_id":"max-depth","executions":1,"issues_emitted":0,"total_duration_ns":3397}
{"time":"2026-03-03T22:10:45.792398399Z","level":"INFO","msg":"engine rule metrics","component":"api","request_id":"","rule_id":"max-fanout","executions":1,"issues_emitted":0,"total_duration_ns":805}
{"time":"2026-03-03T22:10:45.792402979Z","level":"INFO","msg":"engine rule metrics","component":"api","request_id":"","rule_id":"no-cycles","executions":1,"issues_emitted":0,"total_duration_ns":8810}
{"time":"2026-03-03T22:10:45.792407108Z","level":"INFO","msg":"engine rule metrics","component":"api","request_id":"","rule_id":"no-disconnected-nodes","executions":1,"issues_emitted":0,"total_duration_ns":515}
{"time":"2026-03-03T22:10:45.792411268Z","level":"INFO","msg":"engine rule metrics","component":"api","request_id":"","rule_id":"no-duplicate-node-ids","executions":1,"issues_emitted":0,"total_duration_ns":527}
{"time":"2026-03-03T22:10:45.784889847Z","level":"INFO","msg":"engine rule metrics","component":"api","request_id":"","rule_id":"max-depth","executions":1,"issues_emitted":0,"total_duration_ns":3299}
{"time":"2026-03-03T22:10:45.792440008Z","level":"INFO","msg":"engine rule metrics","component":"api","request_id":"","rule_id":"max-fanout","executions":1,"issues_emitted":0,"total_duration_ns":867}
{"time":"2026-03-03T22:10:45.792444767Z","level":"INFO","msg":"engine rule metrics","component":"api","request_id":"","rule_id":"no-cycles","executions":1,"issues_emitted":0,"total_duration_ns":9349}
{"time":"2026-03-03T22:10:45.792449253Z","level":"INFO","msg":"engine rule metrics","component":"api","request_id":"","rule_id":"no-disconnected-nodes","executions":1,"issues_emitted":0,"total_duration_ns":573}
{"time":"2026-03-03T22:10:45.792452386Z","level":"INFO","msg":"engine rule metrics","component":"api","request_id":"","rule_id":"no-duplicate-node-ids","executions":1,"issues_emitted":0,"total_duration_ns":464}
{"time":"2026-03-03T22:10:45.784927234Z","level":"INFO","msg":"engine rule metrics","component":"api","request_id":"","rule_id":"max-depth","executions":1,"issues_emitted":0,"total_duration_ns":4077}
{"time":"2026-03-03T22:10:45.792479678Z","level":"INFO","msg":"engine rule metrics","component":"api","request_id":"","rule_id":"max-fanout","executions":1,"issues_emitted":0,"total_duration_ns":839}
{"time":"2026-03-03T22:10:45.792482837Z","level":"INFO","msg":"engine rule metrics","component":"api","request_id":"","rule_id":"no-cycles","executions":1,"issues_emitted":0,"total_duration_ns":10486}
{"time":"2026-03-03T22:10:45.792486106Z","level":"INFO","msg":"engine rule metrics","component":"api","request_id":"","rule_id":"no-disconnected-nodes","executions":1,"issues_emitted":0,"total_duration_ns":507}
{"time":"2026-03-03T22:10:45.792489468Z","level":"INFO","msg":"engine rule metrics","component":"api","request_id":"","rule_id":"no-duplicate-node-ids","executions":1,"issues_emitted":0,"total_duration_ns":334}
{"time":"2026-03-03T22:10:45.78496641Z","level":"INFO","msg":"engine rule metrics","component":"api","request_id":"","rule_id":"max-depth","executions":1,"issues_emitted":0,"total_duration_ns":3455}
{"time":"2026-03-03T22:10:45.79251784Z","level":"INFO","msg":"engine rule metrics","component":"api","request_id":"","rule_id":"max-fanout","executions":1,"issues_emitted":0,"total_duration_ns":860}
{"time":"2026-03-03T22:10:45.792524322Z","level":"INFO","msg":"engine rule metrics","component":"api","request_id":"","rule_id":"no-cycles","executions":1,"issues_emitted":0,"total_duration_ns":10091}
{"time":"2026-03-03T22:10:45.792527435Z","level":"INFO","msg":"engine rule metrics","component":"api","request_id":"","rule_id":"no-disconnected-nodes","executions":1,"issues_emitted":0,"total_duration_ns":539}
{"time":"2026-03-03T22:10:45.792530808Z","level":"INFO","msg":"engine rule metrics","component":"api","request_id":"","rule_id":"no-duplicate-node-ids","executions":1,"issues_emitted":0,"total_duration_ns":473}
{"time":"2026-03-03T22:10:45.78500757Z","level":"INFO","msg":"engine rule metrics","component":"api","request_id":"","rule_id":"max-depth","executions":1,"issues_emitted":0,"total_duration_ns":4018}
{"time":"2026-03-03T22:10:45.79255732Z","level":"INFO","msg":"engine rule metrics","component":"api","request_id":"","rule_id":"max-fanout","executions":1,"issues_emitted":0,"total_duration_ns":791}
{"time":"2026-03-03T22:10:45.792561513Z","level":"INFO","msg":"engine rule metrics","component":"api","request_id":"","rule_id":"no-cycles","executions":1,"issues_emitted":0,"total_duration_ns":11328}
{"time":"2026-03-03T22:10:45.792568286Z","level":"INFO","msg":"engine rule metrics","component":"api","request_id":"","rule_id":"no-disconnected-nodes","executions":1,"issues_emitted":0,"total_duration_ns":458}
{"time":"2026-03-03T22:10:45.792571775Z","level":"INFO","msg":"engine rule metrics","component":"api","request_id":"","rule_id":"no-duplicate-node-ids","executions":1,"issues_emitted":0,"total_duration_ns":453}
{"time":"2026-03-03T22:10:45.785044828Z","level":"INFO","msg":"engine rule metrics","component":"api","request_id":"","rule_id":"max-depth","executions":1,"issues_emitted":0,"total_duration_ns":3679}
{"time":"2026-03-03T22:10:45.792599735Z","level":"INFO","msg":"engine rule metrics","component":"api","request_id":"","rule_id":"max-fanout","executions":1,"issues_emitted":0,"total_duration_ns":605}
{"time":"2026-03-03T22:10:45.792603973Z","level":"INFO","msg":"engine rule metrics","component":"api","request_id":"","rule_id":"no-cycles","executions":1,"issues_emitted":0,"total_duration_ns":9425}
{"time":"2026-03-03T22:10:45.792607513Z","level":"INFO","msg":"engine rule metrics","component":"api","request_id":"","rule_id":"no-disconnected-nodes","executions":1,"issues_emitted":0,"total_duration_ns":536}
{"time":"2026-03-03T22:10:45.792614282Z","level":"INFO","msg":"engine rule metrics","component":"api","request_id":"","rule_id":"no-duplicate-node-ids","executions":1,"issues_emitted":0,"total_duration_ns":648}
{"time":"2026-03-03T22:10:45.785089013Z","level":"INFO","msg":"engine rule metrics","component":"api","request_id":"","rule_id":"max-depth","executions":1,"issues_emitted":0,"total_duration_ns":5020}
{"time":"2026-03-03T22:10:45.792642729Z","level":"INFO","msg":"engine rule metrics","component":"api","request_id":"","rule_id":"max-fanout","executions":1,"issues_emitted":0,"total_duration_ns":806}
{"time":"2026-03-03T22:10:45.792646595Z","level":"INFO","msg":"engine rule metrics","component":"api","request_id":"","rule_id":"no-cycles","executions":1,"issues_emitted":0,"total_duration_ns":10485}
{"time":"2026-03-03T22:10:45.79265019Z","level":"INFO","msg":"engine rule metrics","component":"api","request_id":"","rule_id":"no-disconnected-nodes","executions":1,"issues_emitted":0,"total_duration_ns":501}
{"time":"2026-03-03T22:10:45.792653784Z","level":"INFO","msg":"engine rule metrics","component":"api","request_id":"","rule_id":"no-duplicate-node-ids","executions":1,"issues_emitted":0,"total_duration_ns":376}
{"time":"2026-03-03T22:10:45.785133659Z","level":"INFO","msg":"engine rule metrics","component":"api","request_id":"","rule_id":"max-depth","executions":1,"issues_emitted":0,"total_duration_ns":3553}
{"time":"2026-03-03T22:10:45.792685167Z","level":"INFO","msg":"engine rule metrics","component":"api","request_id":"","rule_id":"max-fanout","executions":1,"issues_emitted":0,"total_duration_ns":844}
{"time":"2026-03-03T22:10:45.792688723Z","level":"INFO","msg":"engine rule metrics","component":"api","request_id":"","rule_id":"no-cycles","executions":1,"issues_emitted":0,"total_duration_ns":10530}
{"time":"2026-03-03T22:10:45.792692387Z","level":"INFO","msg":"engine rule metrics","component":"api","request_id":"","rule_id":"no-disconnected-nodes","executions":1,"issues_emitted":0,"total_duration_ns":467}
{"time":"2026-03-03T22:10:45.792695741Z","level":"INFO","msg":"engine rule metrics","component":"api","request_id":"","rule_id":"no-duplicate-node-ids","executions":1,"issues_emitted":0,"total_duration_ns":411}
{"time":"2026-03-03T22:10:45.785196724Z","level":"INFO","msg":"engine rule metrics","component":"api","request_id":"","rule_id":"max-depth","executions":1,"issues_emitted":0,"total_duration_ns":27347}
{"time":"2026-03-03T22:10:45.792726498Z","level":"INFO","msg":"engine rule metrics","component":"api","request_id":"","rule_id":"max-fanout","executions":1,"issues_emitted":0,"total_duration_ns":758}
{"time":"2026-03-03T22:10:45.792730131Z","level":"INFO","msg":"engine rule metrics","component":"api","request_id":"","rule_id":"no-cycles","executions":1,"issues_emitted":0,"total_duration_ns":10932}
{"time":"2026-03-03T22:10:45.79273328Z","level":"INFO","msg":"engine rule metrics","component":"api","request_id":"","rule_id":"no-disconnected-nodes","executions":1,"issues_emitted":0,"total_duration_ns":507}
{"time":"2026-03-03T22:10:45.792736256Z","level":"INFO","msg":"engine rule metrics","component":"api","request_id":"","rule_id":"no-duplicate-node-ids","executions":1,"issues_emitted":0,"total_duration_ns":457}
{"time":"2026-03-03T22:10:45.785244459Z","level":"INFO","msg":"engine rule metrics","component":"api","request_id":"","rule_id":"max-depth","executions":1,"issues_emitted":0,"total_duration_ns":3988}
{"time":"2026-03-03T22:10:45.792763444Z","level":"INFO","msg":"engine rule metrics","component":"api","request_id":"","rule_id":"max-fanout","executions":1,"issues_emitted":0,"total_duration_ns":828}
{"time":"2026-03-03T22:10:45.792770606Z","level":"INFO","msg":"engine rule metrics","component":"api","request_id":"","rule_id":"no-cycles","executions":1,"issues_emitted":0,"total_duration_ns":10428}
{"time":"2026-03-03T22:10:45.792774077Z","level":"INFO","msg":"engine rule metrics","component":"api","request_id":"","rule_id":"no-disconnected-nodes","executions":1,"issues_emitted":0,"total_duration_ns":733}
{"time":"2026-03-03T22:10:45.792777087Z","level":"INFO","msg":"engine rule metrics","component":"api","request_id":"","rule_id":"no-duplicate-node-ids","executions":1,"issues_emitted":0,"total_duration_ns":513}
{"time":"2026-03-03T22:10:45.785284911Z","level":"INFO","msg":"engine rule metrics","component":"api","request_id":"","rule_id":"max-depth","executions":1,"issues_emitted":0,"total_duration_ns":5428}
{"time":"2026-03-03T22:10:45.792805198Z","level":"INFO","msg":"engine rule metrics","component":"api","request_id":"","rule_id":"max-fanout","executions":1,"issues_emitted":0,"total_duration_ns":1084}
{"time":"2026-03-03T22:10:45.792809095Z","level":"INFO","msg":"engine rule metrics","component":"api","request_id":"","rule_id":"no-cycles","executions":1,"issues_emitted":0,"total_duration_ns":10669}
{"time":"2026-03-03T22:10:45.792815985Z","level":"INFO","msg":"engine rule metrics","component":"api","request_id":"","rule_id":"no-disconnected-nodes","executions":1,"issues_emitted":0,"total_duration_ns":502}
{"time":"2026-03-03T22:10:45.792819292Z","level":"INFO","msg":"engine rule metrics","component":"api","request_id":"","rule_id":"no-duplicate-node-ids","executions":1,"issues_emitted":0,"total_duration_ns":445}
{"time":"2026-03-03T22:10:45.785325128Z","level":"INFO","msg":"engine rule metrics","component":"api","request_id":"","rule_id":"max-depth","executions":1,"issues_emitted":0,"total_duration_ns":3250}
{"time":"2026-03-03T22:10:45.792848102Z","level":"INFO","msg":"engine rule metrics","component":"api","request_id":"","rule_id":"max-fanout","executions":1,"issues_emitted":0,"total_duration_ns":836}
{"time":"2026-03-03T22:10:45.792852089Z","level":"INFO","msg":"engine rule metrics","component":"api","request_id":"","rule_id":"no-cycles","executions":1,"issues_emitted":0,"total_duration_ns":9923}
{"time":"2026-03-03T22:10:45.792855605Z","level":"INFO","msg":"engine rule metrics","component":"api","request_id":"","rule_id":"no-disconnected-nodes","executions":1,"issues_emitted":0,"total_duration_ns":529}
{"time":"2026-03-03T22:10:45.792861662Z","level":"INFO","msg":"engine rule metrics","component":"api","request_id":"","rule_id":"no-duplicate-node-ids","executions":1,"issues_emitted":0,"total_duration_ns":464}
{"time":"2026-03-03T22:10:45.78536804Z","level":"INFO","msg":"engine rule metrics","component":"api","request_id":"","rule_id":"max-depth","executions":1,"issues_emitted":0,"total_duration_ns":3976}
{"time":"2026-03-03T22:10:45.792890064Z","level":"INFO","msg":"engine rule metrics","component":"api","request_id":"","rule_id":"max-fanout","executions":1,"issues_emitted":0,"total_duration_ns":729}
{"time":"2026-03-03T22:10:45.792893718Z","level":"INFO","msg":"engine rule metrics","component":"api","request_id":"","rule_id":"no-cycles","executions":1,"issues_emitted":0,"total_duration_ns":11371}
{"time":"2026-03-03T22:10:45.792897213Z","level":"INFO","msg":"engine rule metrics","component":"api","request_id":"","rule_id":"no-disconnected-nodes","executions":1,"issues_emitted":0,"total_duration_ns":503}
{"time":"2026-03-03T22:10:45.792904718Z","level":"INFO","msg":"engine rule metrics","component":"api","request_id":"","rule_id":"no-duplicate-node-ids","executions":1,"issues_emitted":0,"total_duration_ns":530}
{"time":"2026-03-03T22:10:45.785409594Z","level":"INFO","msg":"engine rule metrics","component":"api","request_id":"","rule_id":"max-depth","executions":1,"issues_emitted":0,"total_duration_ns":3396}
{"time":"2026-03-03T22:10:45.792932484Z","level":"INFO","msg":"engine rule metrics","component":"api","request_id":"","rule_id":"max-fanout","executions":1,"issues_emitted":0,"total_duration_ns":813}
{"time":"2026-03-03T22:10:45.792937483Z","level":"INFO","msg":"engine rule metrics","component":"api","request_id":"","rule_id":"no-cycles","executions":1,"issues_emitted":0,"total_duration_ns":9844}
{"time":"2026-03-03T22:10:45.792940714Z","level":"INFO","msg":"engine rule metrics","component":"api","request_id":"","rule_id":"no-disconnected-nodes","executions":1,"issues_emitted":0,"total_duration_ns":549}
{"time":"2026-03-03T22:10:45.792943847Z","level":"INFO","msg":"engine rule metrics","component":"api","request_id":"","rule_id":"no-duplicate-node-ids","executions":1,"issues_emitted":0,"total_duration_ns":453}
{"time":"2026-03-03T22:10:45.785450048Z","level":"INFO","msg":"engine rule metrics","component":"api","request_id":"","rule_id":"max-depth","executions":1,"issues_emitted":0,"total_duration_ns":3658}
{"time":"2026-03-03T22:10:45.792978876Z","level":"INFO","msg":"engine rule metrics","component":"api","request_id":"","rule_id":"max-fanout","executions":1,"issues_emitted":0,"total_duration_ns":855}
{"time":"2026-03-03T22:10:45.792983086Z","level":"INFO","msg":"engine rule metrics","component":"api","request_id":"","rule_id":"no-cycles","executions":1,"issues_emitted":0,"total_duration_ns":11125}
{"time":"2026-03-03T22:10:45.792986782Z","level":"INFO","msg":"engine rule metrics","component":"api","request_id":"","rule_id":"no-disconnected-nodes","executions":1,"issues_emitted":0,"total_duration_ns":668}
{"time":"2026-03-03T22:10:45.792990423Z","level":"INFO","msg":"engine rule metrics","component":"api","request_id":"","rule_id":"no-duplicate-node-ids","executions":1,"issues_emitted":0,"total_duration_ns":507}
{"time":"2026-03-03T22:10:45.785483681Z","level":"INFO","msg":"engine rule metrics","component":"api","request_id":"","rule_id":"max-depth","executions":1,"issues_emitted":0,"total_duration_ns":3452}
{"time":"2026-03-03T22:10:45.793024643Z","level":"INFO","msg":"engine rule metrics","component":"api","request_id":"","rule_id":"max-fanout","executions":1,"issues_emitted":0,"total_duration_ns":712}
{"time":"2026-03-03T22:10:45.793028466Z","level":"INFO","msg":"engine rule metrics","component":"api","request_id":"","rule_id":"no-cycles","executions":1,"issues_emitted":0,"total_duration_ns":8752}
{"time":"2026-03-03T22:10:45.793031844Z","level":"INFO","msg":"engine rule metrics","component":"api","request_id":"","rule_id":"no-disconnected-nodes","executions":1,"issues_emitted":0,"total_duration_ns":666}
{"time":"2026-03-03T22:10:45.793035196Z","level":"INFO","msg":"engine rule metrics","component":"api","request_id":"","rule_id":"no-duplicate-node-ids","executions":1,"issues_emitted":0,"total_duration_ns":383}
{"time":"2026-03-03T22:10:45.785522124Z","level":"INFO","msg":"engine rule metrics","component":"api","request_id":"","rule_id":"max-depth","executions":1,"issues_emitted":0,"total_duration_ns":3277}
{"time":"2026-03-03T22:10:45.793066306Z","level":"INFO","msg":"engine rule metrics","component":"api","request_id":"","rule_id":"max-fanout","executions":1,"issues_emitted":0,"total_duration_ns":874}
{"time":"2026-03-03T22:10:45.793073866Z","level":"INFO","msg":"engine rule metrics","component":"api","request_id":"","rule_id":"no-cycles","executions":1,"issues_emitted":0,"total_duration_ns":10333}
{"time":"2026-03-03T22:10:45.793077027Z","level":"INFO","msg":"engine rule metrics","component":"api","request_id":"","rule_id":"no-disconnected-nodes","executions":1,"issues_emitted":0,"total_duration_ns":535}
{"time":"2026-03-03T22:10:45.793080149Z","level":"INFO","msg":"engine rule metrics","component":"api","request_id":"","rule_id":"no-duplicate-node-ids","executions":1,"issues_emitted":0,"total_duration_ns":589}
{"time":"2026-03-03T22:10:45.785565291Z","level":"INFO","msg":"engine rule metrics","component":"api","request_id":"","rule_id":"max-depth","executions":1,"issues_emitted":0,"total_duration_ns":3703}
{"time":"2026-03-03T22:10:45.793110882Z","level":"INFO","msg":"engine rule metrics","component":"api","request_id":"","rule_id":"max-fanout","executions":1,"issues_emitted":0,"total_duration_ns":733}
{"time":"2026-03-03T22:10:45.793115947Z","level":"INFO","msg":"engine rule metrics","component":"api","request_id":"","rule_id":"no-cycles","executions":1,"issues_emitted":0,"total_duration_ns":9779}
{"time":"2026-03-03T22:10:45.793121862Z","level":"INFO","msg":"engine rule metrics","component":"api","request_id":"","rule_id":"no-disconnected-nodes","executions":1,"issues_emitted":0,"total_duration_ns":552}
{"time":"2026-03-03T22:10:45.793124909Z","level":"INFO","msg":"engine rule metrics","component":"api","request_id":"","rule_id":"no-duplicate-node-ids","executions":1,"issues_emitted":0,"total_duration_ns":487}
{"time":"2026-03-03T22:10:45.785605448Z","level":"INFO","msg":"engine rule metrics","component":"api","request_id":"","rule_id":"max-depth","executions":1,"issues_emitted":0,"total_duration_ns":4711}
{"time":"2026-03-03T22:10:45.793153898Z","level":"INFO","msg":"engine rule metrics","component":"api","request_id":"","rule_id":"max-fanout","executions":1,"issues_emitted":0,"total_duration_ns":860}
{"time":"2026-03-03T22:10:45.793158009Z","level":"INFO","msg":"engine rule metrics","component":"api","request_id":"","rule_id":"no-cycles","executions":1,"issues_emitted":0,"total_duration_ns":9907}
{"time":"2026-03-03T22:10:45.793161414Z","level":"INFO","msg":"engine rule metrics","component":"api","request_id":"","rule_id":"no-disconnected-nodes","executions":1,"issues_emitted":0,"total_duration_ns":563}
{"time":"2026-03-03T22:10:45.793466755Z","level":"INFO","msg":"engine rule metrics","component":"api","request_id":"","rule_id":"max-depth","executions":1,"issues_emitted":0,"total_duration_ns":4986}
{"time":"2026-03-03T22:10:45.793484423Z","level":"INFO","msg":"engine rule metrics","component":"api","request_id":"","rule_id":"max-fanout","executions":1,"issues_emitted":1,"total_duration_ns":4170}
{"time":"2026-03-03T22:10:45.793489308Z","level":"INFO","msg":"engine rule metrics","component":"api","request_id":"","rule_id":"no-cycles","executions":1,"issues_emitted":0,"total_duration_ns":8329}
{"time":"2026-03-03T22:10:45.793493064Z","level":"INFO","msg":"engine rule metrics","component":"api","request_id":"","rule_id":"no-disconnected-nodes","executions":1,"issues_emitted":0,"total_duration_ns":966}
{"time":"2026-03-03T22:10:45.793496676Z","level":"INFO","msg":"engine rule metrics","component":"api","request_id":"","rule_id":"no-duplicate-node-ids","executions":1,"issues_emitted":0,"total_duration_ns":719}
{"time":"2026-03-03T22:10:45.793650683Z","level":"INFO","msg":"engine rule metrics","component":"api","request_id":"","rule_id":"max-depth","executions":1,"issues_emitted":0,"total_duration_ns":4599}
{"time":"2026-03-03T22:10:45.793660928Z","level":"INFO","msg":"engine rule metrics","component":"api","request_id":"","rule_id":"max-fanout","executions":1,"issues_emitted":1,"total_duration_ns":3017}
{"time":"2026-03-03T22:10:45.793664647Z","level":"INFO","msg":"engine rule metrics","component":"api","request_id":"","rule_id":"no-cycles","executions":1,"issues_emitted":0,"total_duration_ns":7942}
{"time":"2026-03-03T22:10:45.793668139Z","level":"INFO","msg":"engine rule metrics","component":"api","request_id":"","rule_id":"no-disconnected-nodes","executions":1,"issues_emitted":0,"total_duration_ns":788}
{"time":"2026-03-03T22:10:45.793672232Z","level":"INFO","msg":"engine rule metrics","component":"api","request_id":"","rule_id":"no-duplicate-node-ids","executions":1,"issues_emitted":0,"total_duration_ns":616}
{"time":"2026-03-03T22:10:45.793834392Z","level":"INFO","msg":"engine rule metrics","component":"api","request_id":"","rule_id":"max-depth","executions":1,"issues_emitted":0,"total_duration_ns":8706}
{"time":"2026-03-03T22:10:45.793840896Z","level":"INFO","msg":"engine rule metrics","component":"api","request_id":"","rule_id":"max-fanout","executions":1,"issues_emitted":1,"total_duration_ns":2781}
{"time":"2026-03-03T22:10:45.793844258Z","level":"INFO","msg":"engine rule metrics","component":"api","request_id":"","rule_id":"no-cycles","executions":1,"issues_emitted":0,"total_duration_ns":17878}
{"time":"2026-03-03T22:10:45.793847466Z","level":"INFO","msg":"engine rule metrics","component":"api","request_id":"","rule_id":"no-disconnected-nodes","executions":1,"issues_emitted":0,"total_duration_ns":950}
{"time":"2026-03-03T22:10:45.793850998Z","level":"INFO","msg":"engine rule metrics","component":"api","request_id":"","rule_id":"no-duplicate-node-ids","executions":1,"issues_emitted":0,"total_duration_ns":728}
{"time":"2026-03-03T22:10:45.794020057Z","level":"INFO","msg":"engine rule metrics","component":"api","request_id":"","rule_id":"max-depth","executions":1,"issues_emitted":0,"total_duration_ns":4908}
{"time":"2026-03-03T22:10:45.794026014Z","level":"INFO","msg":"engine rule metrics","component":"api","request_id":"","rule_id":"max-fanout","executions":1,"issues_emitted":1,"total_duration_ns":2966}
{"time":"2026-03-03T22:10:45.794029887Z","level":"INFO","msg":"engine rule metrics","component":"api","request_id":"","rule_id":"no-cycles","executions":1,"issues_emitted":0,"total_duration_ns":8152}
{"time":"2026-03-03T22:10:45.794033543Z","level":"INFO","msg":"engine rule metrics","component":"api","request_id":"","rule_id":"no-disconnected-nodes","executions":1,"issues_emitted":0,"total_duration_ns":793}
{"time":"2026-03-03T22:10:45.79403732Z","level":"INFO","msg":"engine rule metrics","component":"api","request_id":"","rule_id":"no-duplicate-node-ids","executions":1,"issues_emitted":0,"total_duration_ns":610}
{"time":"2026-03-03T22:10:45.794203931Z","level":"INFO","msg":"engine rule metrics","component":"api","request_id":"","rule_id":"max-depth","executions":1,"issues_emitted":0,"total_duration_ns":4901}
{"time":"2026-03-03T22:10:45.794211818Z","level":"INFO","msg":"engine rule metrics","component":"api","request_id":"","rule_id":"max-fanout","executions":1,"issues_emitted":1,"total_duration_ns":18653}
{"time":"2026-03-03T22:10:45.794215798Z","level":"INFO","msg":"engine rule metrics","component":"api","request_id":"","rule_id":"no-cycles","executions":1,"issues_emitted":0,"total_duration_ns":4723}
{"time":"2026-03-03T22:10:45.794219426Z","level":"INFO","msg":"engine rule metrics","component":"api","request_id":"","rule_id":"no-disconnected-nodes","executions":1,"issues_emitted":0,"total_duration_ns":837}
{"time":"2026-03-03T22:10:45.794222973Z","level":"INFO","msg":"engine rule metrics","component":"api","request_id":"","rule_id":"no-duplicate-node-ids","executions":1,"issues_emitted":0,"total_duration_ns":635}
{"time":"2026-03-03T22:10:45.79437714Z","level":"INFO","msg":"engine rule metrics","component":"api","request_id":"","rule_id":"max-depth","executions":1,"issues_emitted":0,"total_duration_ns":5350}
{"time":"2026-03-03T22:10:45.794382826Z","level":"INFO","msg":"engine rule metrics","component":"api","request_id":"","rule_id":"max-fanout","executions":1,"issues_emitted":1,"total_duration_ns":6125}
{"time":"2026-03-03T22:10:45.794386817Z","level":"INFO","msg":"engine rule metrics","component":"api","request_id":"","rule_id":"no-cycles","executions":1,"issues_emitted":0,"total_duration_ns":4476}
{"time":"2026-03-03T22:10:45.794390595Z","level":"INFO","msg":"engine rule metrics","component":"api","request_id":"","rule_id":"no-disconnected-nodes","executions":1,"issues_emitted":0,"total_duration_ns":832}
{"time":"2026-03-03T22:10:45.794394378Z","level":"INFO","msg":"engine rule metrics","component":"api","request_id":"","rule_id":"no-duplicate-node-ids","executions":1,"issues_emitted":0,"total_duration_ns":648}
{"time":"2026-03-03T22:10:45.794533523Z","level":"INFO","msg":"engine rule metrics","component":"api","request_id":"","rule_id":"max-depth","executions":1,"issues_emitted":0,"total_duration_ns":4705}
{"time":"2026-03-03T22:10:45.794539099Z","level":"INFO","msg":"engine rule metrics","component":"api","request_id":"","rule_id":"max-fanout","executions":1,"issues_emitted":1,"total_duration_ns":5927}
{"time":"2026-03-03T22:10:45.794542955Z","level":"INFO","msg":"engine rule metrics","component":"api","request_id":"","rule_id":"no-cycles","executions":1,"issues_emitted":0,"total_duration_ns":4617}
{"time":"2026-03-03T22:10:45.794546579Z","level":"INFO","msg":"engine rule metrics","component":"api","request_id":"","rule_id":"no-disconnected-nodes","executions":1,"issues_emitted":0,"total_duration_ns":891}
{"time":"2026-03-03T22:10:45.794550087Z","level":"INFO","msg":"engine rule metrics","component":"api","request_id":"","rule_id":"no-duplicate-node-ids","executions":1,"issues_emitted":0,"total_duration_ns":600}
{"time":"2026-03-03T22:10:45.794683674Z","level":"INFO","msg":"engine rule metrics","component":"api","request_id":"","rule_id":"max-depth","executions":1,"issues_emitted":0,"total_duration_ns":4714}
{"time":"2026-03-03T22:10:45.794689524Z","level":"INFO","msg":"engine rule metrics","component":"api","request_id":"","rule_id":"max-fanout","executions":1,"issues_emitted":1,"total_duration_ns":2255}
{"time":"2026-03-03T22:10:45.794693351Z","level":"INFO","msg":"engine rule metrics","component":"api","request_id":"","rule_id":"no-cycles","executions":1,"issues_emitted":0,"total_duration_ns":3782}
{"time":"2026-03-03T22:10:45.794696838Z","level":"INFO","msg":"engine rule metrics","component":"api","request_id":"","rule_id":"no-disconnected-nodes","executions":1,"issues_emitted":0,"total_duration_ns":3889}
{"time":"2026-03-03T22:10:45.79470483Z","level":"INFO","msg":"engine rule metrics","component":"api","request_id":"","rule_id":"no-duplicate-node-ids","executions":1,"issues_emitted":0,"total_duration_ns":454}
{"time":"2026-03-03T22:10:45.794854898Z","level":"INFO","msg":"engine rule metrics","component":"api","request_id":"","rule_id":"max-depth","executions":1,"issues_emitted":0,"total_duration_ns":8740}
{"time":"2026-03-03T22:10:45.79486321Z","level":"INFO","msg":"engine rule metrics","component":"api","request_id":"","rule_id":"max-fanout","executions":1,"issues_emitted":1,"total_duration_ns":2650}
{"time":"2026-03-03T22:10:45.794867368Z","level":"INFO","msg":"engine rule metrics","component":"api","request_id":"","rule_id":"no-cycles","executions":1,"issues_emitted":0,"total_duration_ns":4196}
{"time":"2026-03-03T22:10:45.794871092Z","level":"INFO","msg":"engine rule metrics","component":"api","request_id":"","rule_id":"no-disconnected-nodes","executions":1,"issues_emitted":0,"total_duration_ns":844}
{"time":"2026-03-03T22:10:45.794878848Z","level":"INFO","msg":"engine rule metrics","component":"api","request_id":"","rule_id":"no-duplicate-node-ids","executions":1,"issues_emitted":0,"total_duration_ns":535}
{"time":"2026-03-03T22:10:45.795013849Z","level":"INFO","msg":"engine rule metrics","component":"api","request_id":"","rule_id":"max-depth","executions":1,"issues_emitted":0,"total_duration_ns":7665}
{"time":"2026-03-03T22:10:45.795019785Z","level":"INFO","msg":"engine rule metrics","component":"api","request_id":"","rule_id":"max-fanout","executions":1,"issues_emitted":1,"total_duration_ns":2585}
{"time":"2026-03-03T22:10:45.795023672Z","level":"INFO","msg":"engine rule metrics","component":"api","request_id":"","rule_id":"no-cycles","executions":1,"issues_emitted":0,"total_duration_ns":8106}
{"time":"2026-03-03T22:10:45.795031306Z","level":"INFO","msg":"engine rule metrics","component":"api","request_id":"","rule_id":"no-disconnected-nodes","executions":1,"issues_emitted":0,"total_duration_ns":606}
{"time":"2026-03-03T22:10:45.79503509Z","level":"INFO","msg":"engine rule metrics","component":"api","request_id":"","rule_id":"no-duplicate-node-ids","executions":1,"issues_emitted":0,"total_duration_ns":693}
{"time":"2026-03-03T22:10:45.795387515Z","level":"INFO","msg":"engine rule metrics","component":"api","request_id":"","rule_id":"no-duplicate-node-ids","executions":1,"issues_emitted":0,"total_duration_ns":462}
{"time":"2026-03-03T22:10:45.795471356Z","level":"INFO","msg":"engine rule metrics","component":"api","request_id":"","rule_id":"max-depth","executions":1,"issues_emitted":0,"total_duration_ns":4143}
{"time":"2026-03-03T22:10:45.795478267Z","level":"INFO","msg":"engine rule metrics","component":"api","request_id":"","rule_id":"max-fanout","executions":1,"issues_emitted":1,"total_duration_ns":4544}
{"time":"2026-03-03T22:10:45.795481882Z","level":"INFO","msg":"engine rule metrics","component":"api","request_id":"","rule_id":"no-cycles","executions":1,"issues_emitted":0,"total_duration_ns":9657}
{"time":"2026-03-03T22:10:45.795485339Z","level":"INFO","msg":"engine rule metrics","component":"api","request_id":"","rule_id":"no-disconnected-nodes","executions":1,"issues_emitted":0,"total_duration_ns":963}
{"time":"2026-03-03T22:10:45.795488854Z","level":"INFO","msg":"engine rule metrics","component":"api","request_id":"","rule_id":"no-duplicate-node-ids","executions":1,"issues_emitted":0,"total_duration_ns":658}
{"time":"2026-03-03T22:10:45.785643993Z","level":"INFO","msg":"engine rule metrics","component":"api","request_id":"","rule_id":"max-depth","executions":1,"issues_emitted":0,"total_duration_ns":3576}
{"time":"2026-03-03T22:10:45.795539979Z","level":"INFO","msg":"engine rule metrics","component":"api","request_id":"","rule_id":"max-fanout","executions":1,"issues_emitted":0,"total_duration_ns":728}
{"time":"2026-03-03T22:10:45.795544382Z","level":"INFO","msg":"engine rule metrics","component":"api","request_id":"","rule_id":"no-cycles","executions":1,"issues_emitted":0,"total_duration_ns":10427}
{"time":"2026-03-03T22:10:45.795547355Z","level":"INFO","msg":"engine rule metrics","component":"api","request_id":"","rule_id":"no-disconnected-nodes","executions":1,"issues_emitted":0,"total_duration_ns":541}
{"time":"2026-03-03T22:10:45.79555054Z","level":"INFO","msg":"engine rule metrics","component":"api","request_id":"","rule_id":"no-duplicate-node-ids","executions":1,"issues_emitted":0,"total_duration_ns":481}
{"time":"2026-03-03T22:10:45.785681953Z","level":"INFO","msg":"engine rule metrics","component":"api","request_id":"","rule_id":"max-depth","executions":1,"issues_emitted":0,"total_duration_ns":3274}
{"time":"2026-03-03T22:10:45.795581849Z","level":"INFO","msg":"engine rule metrics","component":"api","request_id":"","rule_id":"max-fanout","executions":1,"issues_emitted":0,"total_duration_ns":1121}
{"time":"2026-03-03T22:10:45.795585357Z","level":"INFO","msg":"engine rule metrics","component":"api","request_id":"","rule_id":"no-cycles","executions":1,"issues_emitted":0,"total_duration_ns":10323}
{"time":"2026-03-03T22:10:45.795588416Z","level":"INFO","msg":"engine rule metrics","component":"api","request_id":"","rule_id":"no-disconnected-nodes","executions":1,"issues_emitted":0,"total_duration_ns":591}
{"time":"2026-03-03T22:10:45.795591511Z","level":"INFO","msg":"engine rule metrics","component":"api","request_id":"","rule_id":"no-duplicate-node-ids","executions":1,"issues_emitted":0,"total_duration_ns":377}
{"time":"2026-03-03T22:10:45.785721144Z","level":"INFO","msg":"engine rule metrics","component":"api","request_id":"","rule_id":"max-depth","executions":1,"issues_emitted":0,"total_duration_ns":3336}
{"time":"2026-03-03T22:10:45.795614019Z","level":"INFO","msg":"engine rule metrics","component":"api","request_id":"","rule_id":"max-fanout","executions":1,"issues_emitted":0,"total_duration_ns":839}
{"time":"2026-03-03T22:10:45.795618062Z","level":"INFO","msg":"engine rule metrics","component":"api","request_id":"","rule_id":"no-cycles","executions":1,"issues_emitted":0,"total_duration_ns":10124}
{"time":"2026-03-03T22:10:45.795621086Z","level":"INFO","msg":"engine rule metrics","component":"api","request_id":"","rule_id":"no-disconnected-nodes","executions":1,"issues_emitted":0,"total_duration_ns":419}
{"time":"2026-03-03T22:10:45.795623864Z","level":"INFO","msg":"engine rule metrics","component":"api","request_id":"","rule_id":"no-duplicate-node-ids","executions":1,"issues_emitted":0,"total_duration_ns":597}
{"time":"2026-03-03T22:10:45.785758796Z","level":"INFO","msg":"engine rule metrics","component":"api","request_id":"","rule_id":"max-depth","executions":1,"issues_emitted":0,"total_duration_ns":3642}
{"time":"2026-03-03T22:10:45.795648747Z","level":"INFO","msg":"engine rule metrics","component":"api","request_id":"","rule_id":"max-fanout","executions":1,"issues_emitted":0,"total_duration_ns":836}
{"time":"2026-03-03T22:10:45.795652342Z","level":"INFO","msg":"engine rule metrics","component":"api","request_id":"","rule_id":"no-cycles","executions":1,"issues_emitted":0,"total_duration_ns":11124}
{"time":"2026-03-03T22:10:45.795655128Z","level":"INFO","msg":"engine rule metrics","component":"api","request_id":"","rule_id":"no-disconnected-nodes","executions":1,"issues_emitted":0,"total_duration_ns":526}
{"time":"2026-03-03T22:10:45.795658065Z","level":"INFO","msg":"engine rule metrics","component":"api","request_id":"","rule_id":"no-duplicate-node-ids","executions":1,"issues_emitted":0,"total_duration_ns":515}
{"time":"2026-03-03T22:10:45.785800655Z","level":"INFO","msg":"engine rule metrics","component":"api","request_id":"","rule_id":"max-depth","executions":1,"issues_emitted":0,"total_duration_ns":4153}
{"time":"2026-03-03T22:10:45.795678253Z","level":"INFO","msg":"engine rule metrics","component":"api","request_id":"","rule_id":"max-fanout","executions":1,"issues_emitted":0,"total_duration_ns":827}
{"time":"2026-03-03T22:10:45.7956818Z","level":"INFO","msg":"engine rule metrics","component":"api","request_id":"","rule_id":"no-cycles","executions":1,"issues_emitted":0,"total_duration_ns":9860}
{"time":"2026-03-03T22:10:45.7956847Z","level":"INFO","msg":"engine rule metrics","component":"api","request_id":"","rule_id":"no-disconnected-nodes","executions":1,"issues_emitted":0,"total_duration_ns":579}
{"time":"2026-03-03T22:10:45.795688029Z","level":"INFO","msg":"engine rule metrics","component":"api","request_id":"","rule_id":"no-duplicate-node-ids","executions":1,"issues_emitted":0,"total_duration_ns":441}
{"time":"2026-03-03T22:10:45.7858418Z","level":"INFO","msg":"engine rule metrics","component":"api","request_id":"","rule_id":"max-depth","executions":1,"issues_emitted":0,"total_duration_ns":3642}
{"time":"2026-03-03T22:10:45.795710212Z","level":"INFO","msg":"engine rule metrics","component":"api","request_id":"","rule_id":"max-fanout","executions":1,"issues_emitted":0,"total_duration_ns":854}
{"time":"2026-03-03T22:10:45.79571354Z","level":"INFO","msg":"engine rule metrics","component":"api","request_id":"","rule_id":"no-cycles","executions":1,"issues_emitted":0,"total_duration_ns":12951}
{"time":"2026-03-03T22:10:45.795716447Z","level":"INFO","msg":"engine rule metrics","component":"api","request_id":"","rule_id":"no-disconnected-nodes","executions":1,"issues_emitted":0,"total_duration_ns":578}
{"time":"2026-03-03T22:10:45.795719313Z","level":"INFO","msg":"engine rule metrics","component":"api","request_id":"","rule_id":"no-duplicate-node-ids","executions":1,"issues_emitted":0,"total_duration_ns":429}
{"time":"2026-03-03T22:10:45.785880076Z","level":"INFO","msg":"engine rule metrics","component":"api","request_id":"","rule_id":"max-depth","executions":1,"issues_emitted":0,"total_duration_ns":5246}
{"time":"2026-03-03T22:10:45.795741749Z","level":"INFO","msg":"engine rule metrics","component":"api","request_id":"","rule_id":"max-fanout","executions":1,"issues_emitted":0,"total_duration_ns":902}
{"time":"2026-03-03T22:10:45.795747532Z","level":"INFO","msg":"engine rule metrics","component":"api","request_id":"","rule_id":"no-cycles","executions":1,"issues_emitted":0,"total_duration_ns":8368}
{"time":"2026-03-03T22:10:45.795750863Z","level":"INFO","msg":"engine rule metrics","component":"api","request_id":"","rule_id":"no-disconnected-nodes","executions":1,"issues_emitted":0,"total_duration_ns":531}
{"time":"2026-03-03T22:10:45.79575434Z","level":"INFO","msg":"engine rule metrics","component":"api","request_id":"","rule_id":"no-duplicate-node-ids","executions":1,"issues_emitted":0,"total_duration_ns":481}
{"time":"2026-03-03T22:10:45.785923047Z","level":"INFO","msg":"engine rule metrics","component":"api","request_id":"","rule_id":"max-depth","executions":1,"issues_emitted":0,"total_duration_ns":3913}
{"time":"2026-03-03T22:10:45.795777941Z","level":"INFO","msg":"engine rule metrics","component":"api","request_id":"","rule_id":"max-fanout","executions":1,"issues_emitted":0,"total_duration_ns":830}
{"time":"2026-03-03T22:10:45.795781547Z","level":"INFO","msg":"engine rule metrics","component":"api","request_id":"","rule_id":"no-cycles","executions":1,"issues_emitted":0,"total_duration_ns":11737}
{"time":"2026-03-03T22:10:45.795785263Z","level":"INFO","msg":"engine rule metrics","component":"api","request_id":"","rule_id":"no-disconnected-nodes","executions":1,"issues_emitted":0,"total_duration_ns":618}
{"time":"2026-03-03T22:10:45.795788273Z","level":"INFO","msg":"engine rule metrics","component":"api","request_id":"","rule_id":"no-duplicate-node-ids","executions":1,"issues_emitted":0,"total_duration_ns":507}
{"time":"2026-03-03T22:10:45.785960534Z","level":"INFO","msg":"engine rule metrics","component":"api","request_id":"","rule_id":"max-depth","executions":1,"issues_emitted":0,"total_duration_ns":3541}
{"time":"2026-03-03T22:10:45.795816091Z","level":"INFO","msg":"engine rule metrics","component":"api","request_id":"","rule_id":"max-fanout","executions":1,"issues_emitted":0,"total_duration_ns":839}
{"time":"2026-03-03T22:10:45.795819859Z","level":"INFO","msg":"engine rule metrics","component":"api","request_id":"","rule_id":"no-cycles","executions":1,"issues_emitted":0,"total_duration_ns":10001}
{"time":"2026-03-03T22:10:45.795823305Z","level":"INFO","msg":"engine rule metrics","component":"api","request_id":"","rule_id":"no-disconnected-nodes","executions":1,"issues_emitted":0,"total_duration_ns":539}
{"time":"2026-03-03T22:10:45.795826518Z","level":"INFO","msg":"engine rule metrics","component":"api","request_id":"","rule_id":"no-duplicate-node-ids","executions":1,"issues_emitted":0,"total_duration_ns":464}
{"time":"2026-03-03T22:10:45.786001656Z","level":"INFO","msg":"engine rule metrics","component":"api","request_id":"","rule_id":"max-depth","executions":1,"issues_emitted":0,"total_duration_ns":3771}
{"time":"2026-03-03T22:10:45.795848301Z","level":"INFO","msg":"engine rule metrics","component":"api","request_id":"","rule_id":"max-fanout","executions":1,"issues_emitted":0,"total_duration_ns":786}
{"time":"2026-03-03T22:10:45.795851732Z","level":"INFO","msg":"engine rule metrics","component":"api","request_id":"","rule_id":"no-cycles","executions":1,"issues_emitted":0,"total_duration_ns":11312}
{"time":"2026-03-03T22:10:45.795854989Z","level":"INFO","msg":"engine rule metrics","component":"api","request_id":"","rule_id":"no-disconnected-nodes","executions":1,"issues_emitted":0,"total_duration_ns":582}
{"time":"2026-03-03T22:10:45.795858304Z","level":"INFO","msg":"engine rule metrics","component":"api","request_id":"","rule_id":"no-duplicate-node-ids","executions":1,"issues_emitted":0,"total_duration_ns":459}
{"time":"2026-03-03T22:10:45.786040989Z","level":"INFO","msg":"engine rule metrics","component":"api","request_id":"","rule_id":"max-depth","executions":1,"issues_emitted":0,"total_duration_ns":3344}
{"time":"2026-03-03T22:10:45.795884367Z","level":"INFO","msg":"engine rule metrics","component":"api","request_id":"","rule_id":"max-fanout","executions":1,"issues_emitted":0,"total_duration_ns":798}
{"time":"2026-03-03T22:10:45.795888509Z","level":"INFO","msg":"engine rule metrics","component":"api","request_id":"","rule_id":"no-cycles","executions":1,"issues_emitted":0,"total_duration_ns":9558}
{"time":"2026-03-03T22:10:45.795891864Z","level":"INFO","msg":"engine rule metrics","component":"api","request_id":"","rule_id":"no-disconnected-nodes","executions":1,"issues_emitted":0,"total_duration_ns":548}
{"time":"2026-03-03T22:10:45.79589535Z","level":"INFO","msg":"engine rule metrics","component":"api","request_id":"","rule_id":"no-duplicate-node-ids","executions":1,"issues_emitted":0,"total_duration_ns":444}
{"time":"2026-03-03T22:10:45.786078834Z","level":"INFO","msg":"engine rule metrics","component":"api","request_id":"","rule_id":"max-depth","executions":1,"issues_emitted":0,"total_duration_ns":3308}
{"time":"2026-03-03T22:10:45.795918683Z","level":"INFO","msg":"engine rule metrics","component":"api","request_id":"","rule_id":"max-fanout","executions":1,"issues_emitted":0,"total_duration_ns":998}
{"time":"2026-03-03T22:10:45.795922766Z","level":"INFO","msg":"engine rule metrics","component":"api","request_id":"","rule_id":"no-cycles","executions":1,"issues_emitted":0,"total_duration_ns":10768}
{"time":"2026-03-03T22:10:45.795925756Z","level":"INFO","msg":"engine rule metrics","component":"api","request_id":"","rule_id":"no-disconnected-nodes","executions":1,"issues_emitted":0,"total_duration_ns":570}
{"time":"2026-03-03T22:10:45.795929029Z","level":"INFO","msg":"engine rule metrics","component":"api","request_id":"","rule_id":"no-duplicate-node-ids","executions":1,"issues_emitted":0,"total_duration_ns":434}
{"time":"2026-03-03T22:10:45.786115492Z","level":"INFO","msg":"engine rule metrics","component":"api","request_id":"","rule_id":"max-depth","executions":1,"issues_emitted":0,"total_duration_ns":3531}
{"time":"2026-03-03T22:10:45.795950239Z","level":"INFO","msg":"engine rule metrics","component":"api","request_id":"","rule_id":"max-fanout","executions":1,"issues_emitted":0,"total_duration_ns":813}
{"time":"2026-03-03T22:10:45.795953473Z","level":"INFO","msg":"engine rule metrics","component":"api","request_id":"","rule_id":"no-cycles","executions":1,"issues_emitted":0,"total_duration_ns":9965}
{"time":"2026-03-03T22:10:45.795956524Z","level":"INFO","msg":"engine rule metrics","component":"api","request_id":"","rule_id":"no-disconnected-nodes","executions":1,"issues_emitted":0,"total_duration_ns":757}
{"time":"2026-03-03T22:10:45.795959427Z","level":"INFO","msg":"engine rule metrics","component":"api","request_id":"","rule_id":"no-duplicate-node-ids","executions":1,"issues_emitted":0,"total_duration_ns":464}
{"time":"2026-03-03T22:10:45.786153899Z","level":"INFO","msg":"engine rule metrics","component":"api","request_id":"","rule_id":"max-depth","executions":1,"issues_emitted":0,"total_duration_ns":3404}
{"time":"2026-03-03T22:10:45.7959795Z","level":"INFO","msg":"engine rule metrics","component":"api","request_id":"","rule_id":"max-fanout","executions":1,"issues_emitted":0,"total_duration_ns":804}
{"time":"2026-03-03T22:10:45.795983398Z","level":"INFO","msg":"engine rule metrics","component":"api","request_id":"","rule_id":"no-cycles","executions":1,"issues_emitted":0,"total_duration_ns":11708}
{"time":"2026-03-03T22:10:45.795986877Z","level":"INFO","msg":"engine rule metrics","component":"api","request_id":"","rule_id":"no-disconnected-nodes","executions":1,"issues_emitted":0,"total_duration_ns":527}
{"time":"2026-03-03T22:10:45.795990008Z","level":"INFO","msg":"engine rule metrics","component":"api","request_id":"","rule_id":"no-duplicate-node-ids","executions":1,"issues_emitted":0,"total_duration_ns":423}
{"time":"2026-03-03T22:10:45.786788934Z","level":"INFO","msg":"engine rule metrics","component":"api","request_id":"","rule_id":"max-depth","executions":1,"issues_emitted":0,"total_duration_ns":3150}
{"time":"2026-03-03T22:10:45.796015433Z","level":"INFO","msg":"engine rule metrics","component":"api","request_id":"","rule_id":"max-fanout","executions":1,"issues_emitted":1,"total_duration_ns":2192}
{"time":"2026-03-03T22:10:45.796018924Z","level":"INFO","msg":"engine rule metrics","component":"api","request_id":"","rule_id":"no-cycles","executions":1,"issues_emitted":0,"total_duration_ns":10443}
{"time":"2026-03-03T22:10:45.796022126Z","level":"INFO","msg":"engine rule metrics","component":"api","request_id":"","rule_id":"no-disconnected-nodes","executions":1,"issues_emitted":0,"total_duration_ns":765}
{"time":"2026-03-03T22:10:45.796024845Z","level":"INFO","msg":"engine rule metrics","component":"api","request_id":"","rule_id":"no-duplicate-node-ids","executions":1,"issues_emitted":0,"total_duration_ns":656}
{"time":"2026-03-03T22:10:45.786957699Z","level":"INFO","msg":"engine rule metrics","component":"api","request_id":"","rule_id":"max-depth","executions":1,"issues_emitted":0,"total_duration_ns":3413}
{"time":"2026-03-03T22:10:45.796053525Z","level":"INFO","msg":"engine rule metrics","component":"api","request_id":"","rule_id":"max-fanout","executions":1,"issues_emitted":1,"total_duration_ns":1816}
{"time":"2026-03-03T22:10:45.796057039Z","level":"INFO","msg":"engine rule metrics","component":"api","request_id":"","rule_id":"no-cycles","executions":1,"issues_emitted":0,"total_duration_ns":2519}
{"time":"2026-03-03T22:10:45.79605995Z","level":"INFO","msg":"engine rule metrics","component":"api","request_id":"","rule_id":"no-disconnected-nodes","executions":1,"issues_emitted":0,"total_duration_ns":713}
{"time":"2026-03-03T22:10:45.796062935Z","level":"INFO","msg":"engine rule metrics","component":"api","request_id":"","rule_id":"no-duplicate-node-ids","executions":1,"issues_emitted":0,"total_duration_ns":598}
{"time":"2026-03-03T22:10:45.787023626Z","level":"INFO","msg":"engine rule metrics","component":"api","request_id":"","rule_id":"max-depth","executions":1,"issues_emitted":0,"total_duration_ns":3141}
{"time":"2026-03-03T22:10:45.796089352Z","level":"INFO","msg":"engine rule metrics","component":"api","request_id":"","rule_id":"max-fanout","executions":1,"issues_emitted":1,"total_duration_ns":1598}
{"time":"2026-03-03T22:10:45.796092973Z","level":"INFO","msg":"engine rule metrics","component":"api","request_id":"","rule_id":"no-cycles","executions":1,"issues_emitted":0,"total_duration_ns":2315}
{"time":"2026-03-03T22:10:45.796095678Z","level":"INFO","msg":"engine rule metrics","component":"api","request_id":"","rule_id":"no-disconnected-nodes","executions":1,"issues_emitted":0,"total_duration_ns":773}
{"time":"2026-03-03T22:10:45.796098605Z","level":"INFO","msg":"engine rule metrics","component":"api","request_id":"","rule_id":"no-duplicate-node-ids","executions":1,"issues_emitted":0,"total_duration_ns":461}
{"time":"2026-03-03T22:10:45.787083396Z","level":"INFO","msg":"engine rule metrics","component":"api","request_id":"","rule_id":"max-depth","executions":1,"issues_emitted":0,"total_duration_ns":3392}
{"time":"2026-03-03T22:10:45.796131564Z","level":"INFO","msg":"engine rule metrics","component":"api","request_id":"","rule_id":"max-fanout","executions":1,"issues_emitted":1,"total_duration_ns":1779}
{"time":"2026-03-03T22:10:45.796135036Z","level":"INFO","msg":"engine rule metrics","component":"api","request_id":"","rule_id":"no-cycles","executions":1,"issues_emitted":0,"total_duration_ns":2402}
{"time":"2026-03-03T22:10:45.796137792Z","level":"INFO","msg":"engine rule metrics","component":"api","request_id":"","rule_id":"no-disconnected-nodes","executions":1,"issues_emitted":0,"total_duration_ns":653}
{"time":"2026-03-03T22:10:45.796140623Z","level":"INFO","msg":"engine rule metrics","component":"api","request_id":"","rule_id":"no-duplicate-node-ids","executions":1,"issues_emitted":0,"total_duration_ns":534}
{"time":"2026-03-03T22:10:45.787152476Z","level":"INFO","msg":"engine rule metrics","component":"api","request_id":"","rule_id":"max-depth","executions":1,"issues_emitted":0,"total_duration_ns":3409}
{"time":"2026-03-03T22:10:45.79619227Z","level":"INFO","msg":"engine rule metrics","component":"api","request_id":"","rule_id":"max-fanout","executions":1,"issues_emitted":1,"total_duration_ns":1647}
{"time":"2026-03-03T22:10:45.796196262Z","level":"INFO","msg":"engine rule metrics","component":"api","request_id":"","rule_id":"no-cycles","executions":1,"issues_emitted":0,"total_duration_ns":2312}
{"time":"2026-03-03T22:10:45.796199352Z","level":"INFO","msg":"engine rule metrics","component":"api","request_id":"","rule_id":"no-disconnected-nodes","executions":1,"issues_emitted":0,"total_duration_ns":633}
{"time":"2026-03-03T22:10:45.796202671Z","level":"INFO","msg":"engine rule metrics","component":"api","request_id":"","rule_id":"no-duplicate-node-ids","executions":1,"issues_emitted":0,"total_duration_ns":435}
{"time":"2026-03-03T22:10:45.787237225Z","level":"INFO","msg":"engine rule metrics","component":"api","request_id":"","rule_id":"max-depth","executions":1,"issues_emitted":0,"total_duration_ns":3106}
{"time":"2026-03-03T22:10:45.796234356Z","level":"INFO","msg":"engine rule metrics","component":"api","request_id":"","rule_id":"max-fanout","executions":1,"issues_emitted":1,"total_duration_ns":1820}
{"time":"2026-03-03T22:10:45.79623853Z","level":"INFO","msg":"engine rule metrics","component":"api","request_id":"","rule_id":"no-cycles","executions":1,"issues_emitted":0,"total_duration_ns":2103}
{"time":"2026-03-03T22:10:45.796241916Z","level":"INFO","msg":"engine rule metrics","component":"api","request_id":"","rule_id":"no-disconnected-nodes","executions":1,"issues_emitted":0,"total_duration_ns":738}
{"time":"2026-03-03T22:10:45.796245142Z","level":"INFO","msg":"engine rule metrics","component":"api","request_id":"","rule_id":"no-duplicate-node-ids","executions":1,"issues_emitted":0,"total_duration_ns":497}
{"time":"2026-03-03T22:10:45.787302868Z","level":"INFO","msg":"engine rule metrics","component":"api","request_id":"","rule_id":"max-depth","executions":1,"issues_emitted":0,"total_duration_ns":3565}
{"time":"2026-03-03T22:10:45.796279808Z","level":"INFO","msg":"engine rule metrics","component":"api","request_id":"","rule_id":"max-fanout","executions":1,"issues_emitted":1,"total_duration_ns":1579}
{"time":"2026-03-03T22:10:45.796284008Z","level":"INFO","msg":"engine rule metrics","component":"api","request_id":"","rule_id":"no-cycles","executions":1,"issues_emitted":0,"total_duration_ns":2545}
{"time":"2026-03-03T22:10:45.796287666Z","level":"INFO","msg":"engine rule metrics","component":"api","request_id":"","rule_id":"no-disconnected-nodes","executions":1,"issues_emitted":0,"total_duration_ns":578}
{"time":"2026-03-03T22:10:45.79629101Z","level":"INFO","msg":"engine rule metrics","component":"api","request_id":"","rule_id":"no-duplicate-node-ids","executions":1,"issues_emitted":0,"total_duration_ns":593}
{"time":"2026-03-03T22:10:45.787360994Z","level":"INFO","msg":"engine rule metrics","component":"api","request_id":"","rule_id":"max-depth","executions":1,"issues_emitted":0,"total_duration_ns":3391}
{"time":"2026-03-03T22:10:45.796322568Z","level":"INFO","msg":"engine rule metrics","component":"api","request_id":"","rule_id":"max-fanout","executions":1,"issues_emitted":1,"total_duration_ns":1554}
{"time":"2026-03-03T22:10:45.796326668Z","level":"INFO","msg":"engine rule metrics","component":"api","request_id":"","rule_id":"no-cycles","executions":1,"issues_emitted":0,"total_duration_ns":2539}
{"time":"2026-03-03T22:10:45.796330261Z","level":"INFO","msg":"engine rule metrics","component":"api","request_id":"","rule_id":"no-disconnected-nodes","executions":1,"issues_emitted":0,"total_duration_ns":660}
{"time":"2026-03-03T22:10:45.796333634Z","level":"INFO","msg":"engine rule metrics","component":"api","request_id":"","rule_id":"no-duplicate-node-ids","executions":1,"issues_emitted":0,"total_duration_ns":681}
{"time":"2026-03-03T22:10:45.787416855Z","level":"INFO","msg":"engine rule metrics","component":"api","request_id":"","rule_id":"max-depth","executions":1,"issues_emitted":0,"total_duration_ns":3993}
{"time":"2026-03-03T22:10:45.796362301Z","level":"INFO","msg":"engine rule metrics","component":"api","request_id":"","rule_id":"max-fanout","executions":1,"issues_emitted":1,"total_duration_ns":1515}
{"time":"2026-03-03T22:10:45.796366441Z","level":"INFO","msg":"engine rule metrics","component":"api","request_id":"","rule_id":"no-cycles","executions":1,"issues_emitted":0,"total_duration_ns":2452}
{"time":"2026-03-03T22:10:45.796369849Z","level":"INFO","msg":"engine rule metrics","component":"api","request_id":"","rule_id":"no-disconnected-nodes","executions":1,"issues_emitted":0,"total_duration_ns":558}
{"time":"2026-03-03T22:10:45.796373488Z","level":"INFO","msg":"engine rule metrics","component":"api","request_id":"","rule_id":"no-duplicate-node-ids","executions":1,"issues_emitted":0,"total_duration_ns":520}
{"time":"2026-03-03T22:10:45.787478187Z","level":"INFO","msg":"engine rule metrics","component":"api","request_id":"","rule_id":"max-depth","executions":1,"issues_emitted":0,"total_duration_ns":2418}
{"time":"2026-03-03T22:10:45.796404712Z","level":"INFO","msg":"engine rule metrics","component":"api","request_id":"","rule_id":"max-fanout","executions":1,"issues_emitted":1,"total_duration_ns":1428}
{"time":"2026-03-03T22:10:45.796408677Z","level":"INFO","msg":"engine rule metrics","component":"api","request_id":"","rule_id":"no-cycles","executions":1,"issues_emitted":0,"total_duration_ns":1738}
{"time":"2026-03-03T22:10:45.796412009Z","level":"INFO","msg":"engine rule metrics","component":"api","request_id":"","rule_id":"no-disconnected-nodes","executions":1,"issues_emitted":0,"total_duration_ns":606}
{"time":"2026-03-03T22:10:45.796415005Z","level":"INFO","msg":"engine rule metrics","component":"api","request_id":"","rule_id":"no-duplicate-node-ids","executions":1,"issues_emitted":0,"total_duration_ns":532}
{"time":"2026-03-03T22:10:45.787531581Z","level":"INFO","msg":"engine rule metrics","component":"api","request_id":"","rule_id":"max-depth","executions":1,"issues_emitted":0,"total_duration_ns":3534}
{"time":"2026-03-03T22:10:45.796443482Z","level":"INFO","msg":"engine rule metrics","component":"api","request_id":"","rule_id":"max-fanout","executions":1,"issues_emitted":1,"total_duration_ns":1660}
{"time":"2026-03-03T22:10:45.796447542Z","level":"INFO","msg":"engine rule metrics","component":"api","request_id":"","rule_id":"no-cycles","executions":1,"issues_emitted":0,"total_duration_ns":2703}
{"time":"2026-03-03T22:10:45.796450979Z","level":"INFO","msg":"engine rule metrics","component":"api","request_id":"","rule_id":"no-disconnected-nodes","executions":1,"issues_emitted":0,"total_duration_ns":565}
{"time":"2026-03-03T22:10:45.796454092Z","level":"INFO","msg":"engine rule metrics","component":"api","request_id":"","rule_id":"no-duplicate-node-ids","executions":1,"issues_emitted":0,"total_duration_ns":503}
{"time":"2026-03-03T22:10:45.787585914Z","level":"INFO","msg":"engine rule metrics","component":"api","request_id":"","rule_id":"max-depth","executions":1,"issues_emitted":0,"total_duration_ns":3255}
{"time":"2026-03-03T22:10:45.796484138Z","level":"INFO","msg":"engine rule metrics","component":"api","request_id":"","rule_id":"max-fanout","executions":1,"issues_emitted":1,"total_duration_ns":1607}
{"time":"2026-03-03T22:10:45.796487617Z","level":"INFO","msg":"engine rule metrics","component":"api","request_id":"","rule_id":"no-cycles","executions":1,"issues_emitted":0,"total_duration_ns":2545}
{"time":"2026-03-03T22:10:45.796490481Z","level":"INFO","msg":"engine rule metrics","component":"api","request_id":"","rule_id":"no-disconnected-nodes","executions":1,"issues_emitted":0,"total_duration_ns":814}
{"time":"2026-03-03T22:10:45.796493236Z","level":"INFO","msg":"engine rule metrics","component":"api","request_id":"","rule_id":"no-duplicate-node-ids","executions":1,"issues_emitted":0,"total_duration_ns":739}
{"time":"2026-03-03T22:10:45.787640491Z","level":"INFO","msg":"engine rule metrics","component":"api","request_id":"","rule_id":"max-depth","executions":1,"issues_emitted":0,"total_duration_ns":3691}
{"time":"2026-03-03T22:10:45.796519893Z","level":"INFO","msg":"engine rule metrics","component":"api","request_id":"","rule_id":"max-fanout","executions":1,"issues_emitted":1,"total_duration_ns":1563}
{"time":"2026-03-03T22:10:45.796523845Z","level":"INFO","msg":"engine rule metrics","component":"api","request_id":"","rule_id":"no-cycles","executions":1,"issues_emitted":0,"total_duration_ns":2448}
{"time":"2026-03-03T22:10:45.796527111Z","level":"INFO","msg":"engine rule metrics","component":"api","request_id":"","rule_id":"no-disconnected-nodes","executions":1,"issues_emitted":0,"total_duration_ns":634}
{"time":"2026-03-03T22:10:45.796530252Z","level":"INFO","msg":"engine rule metrics","component":"api","request_id":"","rule_id":"no-duplicate-node-ids","executions":1,"issues_emitted":0,"total_duration_ns":573}
{"time":"2026-03-03T22:10:45.787693632Z","level":"INFO","msg":"engine rule metrics","component":"api","request_id":"","rule_id":"max-depth","executions":1,"issues_emitted":0,"total_duration_ns":3578}
{"time":"2026-03-03T22:10:45.796560238Z","level":"INFO","msg":"engine rule metrics","component":"api","request_id":"","rule_id":"max-fanout","executions":1,"issues_emitted":1,"total_duration_ns":1504}
{"time":"2026-03-03T22:10:45.796563568Z","level":"INFO","msg":"engine rule metrics","component":"api","request_id":"","rule_id":"no-cycles","executions":1,"issues_emitted":0,"total_duration_ns":2369}
{"time":"2026-03-03T22:10:45.79656648Z","level":"INFO","msg":"engine rule metrics","component":"api","request_id":"","rule_id":"no-disconnected-nodes","executions":1,"issues_emitted":0,"total_duration_ns":713}
{"time":"2026-03-03T22:10:45.796569482Z","level":"INFO","msg":"engine rule metrics","component":"api","request_id":"","rule_id":"no-duplicate-node-ids","executions":1,"issues_emitted":0,"total_duration_ns":537}
{"time":"2026-03-03T22:10:45.787745014Z","level":"INFO","msg":"engine rule metrics","component":"api","request_id":"","rule_id":"max-depth","executions":1,"issues_emitted":0,"total_duration_ns":2666}
{"time":"2026-03-03T22:10:45.796595764Z","level":"INFO","msg":"engine rule metrics","component":"api","request_id":"","rule_id":"max-fanout","executions":1,"issues_emitted":1,"total_duration_ns":1580}
{"time":"2026-03-03T22:10:45.796599265Z","level":"INFO","msg":"engine rule metrics","component":"api","request_id":"","rule_id":"no-cycles","executions":1,"issues_emitted":0,"total_duration_ns":2514}
{"time":"2026-03-03T22:10:45.796602389Z","level":"INFO","msg":"engine rule metrics","component":"api","request_id":"","rule_id":"no-disconnected-nodes","executions":1,"issues_emitted":0,"total_duration_ns":642}
{"time":"2026-03-03T22:10:45.796605489Z","level":"INFO","msg":"engine rule metrics","component":"api","request_id":"","rule_id":"no-duplicate-node-ids","executions":1,"issues_emitted":0,"total_duration_ns":455}
{"time":"2026-03-03T22:10:45.787806831Z","level":"INFO","msg":"engine rule metrics","component":"api","request_id":"","rule_id":"max-depth","executions":1,"issues_emitted":0,"total_duration_ns":3421}
{"time":"2026-03-03T22:10:45.796632181Z","level":"INFO","msg":"engine rule metrics","component":"api","request_id":"","rule_id":"max-fanout","executions":1,"issues_emitted":1,"total_duration_ns":1477}
{"time":"2026-03-03T22:10:45.796635943Z","level":"INFO","msg":"engine rule metrics","component":"api","request_id":"","rule_id":"no-cycles","executions":1,"issues_emitted":0,"total_duration_ns":6080}
{"time":"2026-03-03T22:10:45.796641044Z","level":"INFO","msg":"engine rule metrics","component":"api","request_id":"","rule_id":"no-disconnected-nodes","executions":1,"issues_emitted":0,"total_duration_ns":692}
{"time":"2026-03-03T22:10:45.796644508Z","level":"INFO","msg":"engine rule metrics","component":"api","request_id":"","rule_id":"no-duplicate-node-ids","executions":1,"issues_emitted":0,"total_duration_ns":588}
{"time":"2026-03-03T22:10:45.787882066Z","level":"INFO","msg":"engine rule metrics","component":"api","request_id":"","rule_id":"max-depth","executions":1,"issues_emitted":0,"total_duration_ns":4376}
{"time":"2026-03-03T22:10:45.796674433Z","level":"INFO","msg":"engine rule metrics","component":"api","request_id":"","rule_id":"max-fanout","executions":1,"issues_emitted":1,"total_duration_ns":1705}
{"time":"2026-03-03T22:10:45.796678082Z","level":"INFO","msg":"engine rule metrics","component":"api","request_id":"","rule_id":"no-cycles","executions":1,"issues_emitted":0,"total_duration_ns":3123}
{"time":"2026-03-03T22:10:45.79668111Z","level":"INFO","msg":"engine rule metrics","component":"api","request_id":"","rule_id":"no-disconnected-nodes","executions":1,"issues_emitted":0,"total_duration_ns":731}
{"time":"2026-03-03T22:10:45.7966842Z","level":"INFO","msg":"engine rule metrics","component":"api","request_id":"","rule_id":"no-duplicate-node-ids","executions":1,"issues_emitted":0,"total_duration_ns":547}
{"time":"2026-03-03T22:10:45.787937977Z","level":"INFO","msg":"engine rule metrics","component":"api","request_id":"","rule_id":"max-depth","executions":1,"issues_emitted":0,"total_duration_ns":3196}
{"time":"2026-03-03T22:10:45.796724926Z","level":"INFO","msg":"engine rule metrics","component":"api","request_id":"","rule_id":"max-fanout","executions":1,"issues_emitted":1,"total_duration_ns":1637}
{"time":"2026-03-03T22:10:45.796728949Z","level":"INFO","msg":"engine rule metrics","component":"api","request_id":"","rule_id":"no-cycles","executions":1,"issues_emitted":0,"total_duration_ns":2515}
{"time":"2026-03-03T22:10:45.796732131Z","level":"INFO","msg":"engine rule metrics","component":"api","request_id":"","rule_id":"no-disconnected-nodes","executions":1,"issues_emitted":0,"total_duration_ns":654}
{"time":"2026-03-03T22:10:45.796735056Z","level":"INFO","msg":"engine rule metrics","component":"api","request_id":"","rule_id":"no-duplicate-node-ids","executions":1,"issues_emitted":0,"total_duration_ns":525}
{"time":"2026-03-03T22:10:45.787992442Z","level":"INFO","msg":"engine rule metrics","component":"api","request_id":"","rule_id":"max-depth","executions":1,"issues_emitted":0,"total_duration_ns":3235}
{"time":"2026-03-03T22:10:45.796771369Z","level":"INFO","msg":"engine rule metrics","component":"api","request_id":"","rule_id":"max-fanout","executions":1,"issues_emitted":1,"total_duration_ns":1453}
{"time":"2026-03-03T22:10:45.796774935Z","level":"INFO","msg":"engine rule metrics","component":"api","request_id":"","rule_id":"no-cycles","executions":1,"issues_emitted":0,"total_duration_ns":2713}
{"time":"2026-03-03T22:10:45.796778367Z","level":"INFO","msg":"engine rule metrics","component":"api","request_id":"","rule_id":"no-disconnected-nodes","executions":1,"issues_emitted":0,"total_duration_ns":658}
{"time":"2026-03-03T22:10:45.796781927Z","level":"INFO","msg":"engine rule metrics","component":"api","request_id":"","rule_id":"no-duplicate-node-ids","executions":1,"issues_emitted":0,"total_duration_ns":499}
{"time":"2026-03-03T22:10:45.788045867Z","level":"INFO","msg":"engine rule metrics","component":"api","request_id":"","rule_id":"max-depth","executions":1,"issues_emitted":0,"total_duration_ns":3465}
{"time":"2026-03-03T22:10:45.796809366Z","level":"INFO","msg":"engine rule metrics","component":"api","request_id":"","rule_id":"max-fanout","executions":1,"issues_emitted":1,"total_duration_ns":1384}
{"time":"2026-03-03T22:10:45.796813326Z","level":"INFO","msg":"engine rule metrics","component":"api","request_id":"","rule_id":"no-cycles","executions":1,"issues_emitted":0,"total_duration_ns":2366}
{"time":"2026-03-03T22:10:45.796816494Z","level":"INFO","msg":"engine rule metrics","component":"api","request_id":"","rule_id":"no-disconnected-nodes","executions":1,"issues_emitted":0,"total_duration_ns":660}
{"time":"2026-03-03T22:10:45.796819798Z","level":"INFO","msg":"engine rule metrics","component":"api","request_id":"","rule_id":"no-duplicate-node-ids","executions":1,"issues_emitted":0,"total_duration_ns":524}
{"time":"2026-03-03T22:10:45.788103958Z","level":"INFO","msg":"engine rule metrics","component":"api","request_id":"","rule_id":"max-depth","executions":1,"issues_emitted":0,"total_duration_ns":3190}
{"time":"2026-03-03T22:10:45.796848843Z","level":"INFO","msg":"engine rule metrics","component":"api","request_id":"","rule_id":"max-fanout","executions":1,"issues_emitted":1,"total_duration_ns":1687}
{"time":"2026-03-03T22:10:45.796852742Z","level":"INFO","msg":"engine rule metrics","component":"api","request_id":"","rule_id":"no-cycles","executions":1,"issues_emitted":0,"total_duration_ns":2545}
{"time":"2026-03-03T22:10:45.79685847Z","level":"INFO","msg":"engine rule metrics","component":"api","request_id":"","rule_id":"no-disconnected-nodes","executions":1,"issues_emitted":0,"total_duration_ns":634}
{"time":"2026-03-03T22:10:45.796861651Z","level":"INFO","msg":"engine rule metrics","component":"api","request_id":"","rule_id":"no-duplicate-node-ids","executions":1,"issues_emitted":0,"total_duration_ns":575}
{"time":"2026-03-03T22:10:45.788161781Z","level":"INFO","msg":"engine rule metrics","component":"api","request_id":"","rule_id":"max-depth","executions":1,"issues_emitted":0,"total_duration_ns":3396}
{"time":"2026-03-03T22:10:45.796896012Z","level":"INFO","msg":"engine rule metrics","component":"api","request_id":"","rule_id":"max-fanout","executions":1,"issues_emitted":1,"total_duration_ns":1621}
{"time":"2026-03-03T22:10:45.796900427Z","level":"INFO","msg":"engine rule metrics","component":"api","request_id":"","rule_id":"no-cycles","executions":1,"issues_emitted":0,"total_duration_ns":2434}
{"time":"2026-03-03T22:10:45.796902945Z","level":"INFO","msg":"engine rule metrics","component":"api","request_id":"","rule_id":"no-disconnected-nodes","executions":1,"issues_emitted":0,"total_duration_ns":725}
{"time":"2026-03-03T22:10:45.796905471Z","level":"INFO","msg":"engine rule metrics","component":"api","request_id":"","rule_id":"no-duplicate-node-ids","executions":1,"issues_emitted":0,"total_duration_ns":416}
{"time":"2026-03-03T22:10:45.78823232Z","level":"INFO","msg":"engine rule metrics","component":"api","request_id":"","rule_id":"max-depth","executions":1,"issues_emitted":0,"total_duration_ns":3339}
{"time":"2026-03-03T22:10:45.796932779Z","level":"INFO","msg":"engine rule metrics","component":"api","request_id":"","rule_id":"max-fanout","executions":1,"issues_emitted":1,"total_duration_ns":1800}
{"time":"2026-03-03T22:10:45.796936644Z","level":"INFO","msg":"engine rule metrics","component":"api","request_id":"","rule_id":"no-cycles","executions":1,"issues_emitted":0,"total_duration_ns":2771}
{"time":"2026-03-03T22:10:45.796940203Z","level":"INFO","msg":"engine rule metrics","component":"api","request_id":"","rule_id":"no-disconnected-nodes","executions":1,"issues_emitted":0,"total_duration_ns":652}
{"time":"2026-03-03T22:10:45.796943353Z","level":"INFO","msg":"engine rule metrics","component":"api","request_id":"","rule_id":"no-duplicate-node-ids","executions":1,"issues_emitted":0,"total_duration_ns":480}
{"time":"2026-03-03T22:10:45.788286966Z","level":"INFO","msg":"engine rule metrics","component":"api","request_id":"","rule_id":"max-depth","executions":1,"issues_emitted":0,"total_duration_ns":2830}
{"time":"2026-03-03T22:10:45.79696966Z","level":"INFO","msg":"engine rule metrics","component":"api","request_id":"","rule_id":"max-fanout","executions":1,"issues_emitted":1,"total_duration_ns":1556}
{"time":"2026-03-03T22:10:45.796973444Z","level":"INFO","msg":"engine rule metrics","component":"api","request_id":"","rule_id":"no-cycles","executions":1,"issues_emitted":0,"total_duration_ns":2517}
{"time":"2026-03-03T22:10:45.796976866Z","level":"INFO","msg":"engine rule metrics","component":"api","request_id":"","rule_id":"no-disconnected-nodes","executions":1,"issues_emitted":0,"total_duration_ns":636}
{"time":"2026-03-03T22:10:45.796980033Z","level":"INFO","msg":"engine rule metrics","component":"api","request_id":"","rule_id":"no-duplicate-node-ids","executions":1,"issues_emitted":0,"total_duration_ns":599}
{"time":"2026-03-03T22:10:45.788341488Z","level":"INFO","msg":"engine rule metrics","component":"api","request_id":"","rule_id":"max-depth","executions":1,"issues_emitted":0,"total_duration_ns":2918}
{"time":"2026-03-03T22:10:45.797009736Z","level":"INFO","msg":"engine rule metrics","component":"api","request_id":"","rule_id":"max-fanout","executions":1,"issues_emitted":1,"total_duration_ns":1667}
{"time":"2026-03-03T22:10:45.7970139Z","level":"INFO","msg":"engine rule metrics","component":"api","request_id":"","rule_id":"no-cycles","executions":1,"issues_emitted":0,"total_duration_ns":2205}
{"time":"2026-03-03T22:10:45.797017312Z","level":"INFO","msg":"engine rule metrics","component":"api","request_id":"","rule_id":"no-disconnected-nodes","executions":1,"issues_emitted":0,"total_duration_ns":650}
{"time":"2026-03-03T22:10:45.797020756Z","level":"INFO","msg":"engine rule metrics","component":"api","request_id":"","rule_id":"no-duplicate-node-ids","executions":1,"issues_emitted":0,"total_duration_ns":626}
{"time":"2026-03-03T22:10:45.788393998Z","level":"INFO","msg":"engine rule metrics","component":"api","request_id":"","rule_id":"max-depth","executions":1,"issues_emitted":0,"total_duration_ns":3172}
{"time":"2026-03-03T22:10:45.797055806Z","level":"INFO","msg":"engine rule metrics","component":"api","request_id":"","rule_id":"max-fanout","executions":1,"issues_emitted":1,"total_duration_ns":1621}
{"time":"2026-03-03T22:10:45.797059873Z","level":"INFO","msg":"engine rule metrics","component":"api","request_id":"","rule_id":"no-cycles","executions":1,"issues_emitted":0,"total_duration_ns":2397}
{"time":"2026-03-03T22:10:45.797063454Z","level":"INFO","msg":"engine rule metrics","component":"api","request_id":"","rule_id":"no-disconnected-nodes","executions":1,"issues_emitted":0,"total_duration_ns":556}
{"time":"2026-03-03T22:10:45.797066803Z","level":"INFO","msg":"engine rule metrics","component":"api","request_id":"","rule_id":"no-duplicate-node-ids","executions":1,"issues_emitted":0,"total_duration_ns":475}
{"time":"2026-03-03T22:10:45.788449701Z","level":"INFO","msg":"engine rule metrics","component":"api","request_id":"","rule_id":"max-depth","executions":1,"issues_emitted":0,"total_duration_ns":3269}
{"time":"2026-03-03T22:10:45.797099958Z","level":"INFO","msg":"engine rule metrics","component":"api","request_id":"","rule_id":"max-fanout","executions":1,"issues_emitted":1,"total_duration_ns":1682}
{"time":"2026-03-03T22:10:45.797103967Z","level":"INFO","msg":"engine rule metrics","component":"api","request_id":"","rule_id":"no-cycles","executions":1,"issues_emitted":0,"total_duration_ns":2449}
{"time":"2026-03-03T22:10:45.797107422Z","level":"INFO","msg":"engine rule metrics","component":"api","request_id":"","rule_id":"no-disconnected-nodes","executions":1,"issues_emitted":0,"total_duration_ns":565}
{"time":"2026-03-03T22:10:45.797110862Z","level":"INFO","msg":"engine rule metrics","component":"api","request_id":"","rule_id":"no-duplicate-node-ids","executions":1,"issues_emitted":0,"total_duration_ns":488}
{"time":"2026-03-03T22:10:45.788501249Z","level":"INFO","msg":"engine rule metrics","component":"api","request_id":"","rule_id":"max-depth","executions":1,"issues_emitted":0,"total_duration_ns":3169}
{"time":"2026-03-03T22:10:45.797139082Z","level":"INFO","msg":"engine rule metrics","component":"api","request_id":"","rule_id":"max-fanout","executions":1,"issues_emitted":1,"total_duration_ns":1293}
{"time":"2026-03-03T22:10:45.797142819Z","level":"INFO","msg":"engine rule metrics","component":"api","request_id":"","rule_id":"no-cycles","executions":1,"issues_emitted":0,"total_duration_ns":2356}
{"time":"2026-03-03T22:10:45.797146368Z","level":"INFO","msg":"engine rule metrics","component":"api","request_id":"","rule_id":"no-disconnected-nodes","executions":1,"issues_emitted":0,"total_duration_ns":724}
{"time":"2026-03-03T22:10:45.797149472Z","level":"INFO","msg":"engine rule metrics","component":"api","request_id":"","rule_id":"no-duplicate-node-ids","executions":1,"issues_emitted":0,"total_duration_ns":455}
{"time":"2026-03-03T22:10:45.79738397Z","level":"INFO","msg":"engine rule metrics","component":"api","request_id":"","rule_id":"max-depth","executions":1,"issues_emitted":0,"total_duration_ns":4650}
{"time":"2026-03-03T22:10:45.797394975Z","level":"INFO","msg":"engine rule metrics","component":"api","request_id":"","rule_id":"max-fanout","executions":1,"issues_emitted":1,"total_duration_ns":4065}
{"time":"2026-03-03T22:10:45.797398694Z","level":"INFO","msg":"engine rule metrics","component":"api","request_id":"","rule_id":"no-cycles","executions":1,"issues_emitted":0,"total_duration_ns":7173}
{"time":"2026-03-03T22:10:45.79740225Z","level":"INFO","msg":"engine rule metrics","component":"api","request_id":"","rule_id":"no-disconnected-nodes","executions":1,"issues_emitted":0,"total_duration_ns":1010}
{"time":"2026-03-03T22:10:45.797405269Z","level":"INFO","msg":"engine rule metrics","component":"api","request_id":"","rule_id":"no-duplicate-node-ids","executions":1,"issues_emitted":0,"total_duration_ns":783}
{"time":"2026-03-03T22:10:45.797516561Z","level":"INFO","msg":"engine rule metrics","component":"api","request_id":"","rule_id":"max-depth","executions":1,"issues_emitted":0,"total_duration_ns":4337}
{"time":"2026-03-03T22:10:45.797521914Z","level":"INFO","msg":"engine rule metrics","component":"api","request_id":"","rule_id":"max-fanout","executions":1,"issues_emitted":1,"total_duration_ns":2600}
{"time":"2026-03-03T22:10:45.797525282Z","level":"INFO","msg":"engine rule metrics","component":"api","request_id":"","rule_id":"no-cycles","executions":1,"issues_emitted":0,"total_duration_ns":3410}
{"time":"2026-03-03T22:10:45.797528644Z","level":"INFO","msg":"engine rule metrics","component":"api","request_id":"","rule_id":"no-disconnected-nodes","executions":1,"issues_emitted":0,"total_duration_ns":893}
{"time":"2026-03-03T22:10:45.797532198Z","level":"INFO","msg":"engine rule metrics","component":"api","request_id":"","rule_id":"no-duplicate-node-ids","executions":1,"issues_emitted":0,"total_duration_ns":593}
{"time":"2026-03-03T22:10:45.797628869Z","level":"INFO","msg":"engine rule metrics","component":"api","request_id":"","rule_id":"max-depth","executions":1,"issues_emitted":0,"total_duration_ns":3538}
{"time":"2026-03-03T22:10:45.797634466Z","level":"INFO","msg":"engine rule metrics","component":"api","request_id":"","rule_id":"max-fanout","executions":1,"issues_emitted":1,"total_duration_ns":2016}
{"time":"2026-03-03T22:10:45.797637971Z","level":"INFO","msg":"engine rule metrics","component":"api","request_id":"","rule_id":"no-cycles","executions":1,"issues_emitted":0,"total_duration_ns":2625}
{"time":"2026-03-03T22:10:45.797640842Z","level":"INFO","msg":"engine rule metrics","component":"api","request_id":"","rule_id":"no-disconnected-nodes","executions":1,"issues_emitted":0,"total_duration_ns":768}
{"time":"2026-03-03T22:10:45.797644497Z","level":"INFO","msg":"engine rule metrics","component":"api","request_id":"","rule_id":"no-duplicate-node-ids","executions":1,"issues_emitted":0,"total_duration_ns":617}
{"time":"2026-03-03T22:10:45.797737372Z","level":"INFO","msg":"engine rule metrics","component":"api","request_id":"","rule_id":"max-depth","executions":1,"issues_emitted":0,"total_duration_ns":3508}
{"time":"2026-03-03T22:10:45.797742508Z","level":"INFO","msg":"engine rule metrics","component":"api","request_id":"","rule_id":"max-fanout","executions":1,"issues_emitted":1,"total_duration_ns":2140}
{"time":"2026-03-03T22:10:45.797745552Z","level":"INFO","msg":"engine rule metrics","component":"api","request_id":"","rule_id":"no-cycles","executions":1,"issues_emitted":0,"total_duration_ns":2533}
{"time":"2026-03-03T22:10:45.797748544Z","level":"INFO","msg":"engine rule metrics","component":"api","request_id":"","rule_id":"no-disconnected-nodes","executions":1,"issues_emitted":0,"total_duration_ns":713}
{"time":"2026-03-03T22:10:45.797751684Z","level":"INFO","msg":"engine rule metrics","component":"api","request_id":"","rule_id":"no-duplicate-node-ids","executions":1,"issues_emitted":0,"total_duration_ns":734}
{"time":"2026-03-03T22:10:45.797832004Z","level":"INFO","msg":"engine rule metrics","component":"api","request_id":"","rule_id":"max-depth","executions":1,"issues_emitted":0,"total_duration_ns":2993}
{"time":"2026-03-03T22:10:45.79783759Z","level":"INFO","msg":"engine rule metrics","component":"api","request_id":"","rule_id":"max-fanout","executions":1,"issues_emitted":1,"total_duration_ns":1578}
{"time":"2026-03-03T22:10:45.797842623Z","level":"INFO","msg":"engine rule metrics","component":"api","request_id":"","rule_id":"no-cycles","executions":1,"issues_emitted":0,"total_duration_ns":2068}
{"time":"2026-03-03T22:10:45.797845297Z","level":"INFO","msg":"engine rule metrics","component":"api","request_id":"","rule_id":"no-disconnected-nodes","executions":1,"issues_emitted":0,"total_duration_ns":472}
{"time":"2026-03-03T22:10:45.797847848Z","level":"INFO","msg":"engine rule metrics","component":"api","request_id":"","rule_id":"no-duplicate-node-ids","executions":1,"issues_emitted":0,"total_duration_ns":620}
{"time":"2026-03-03T22:10:45.797931264Z","level":"INFO","msg":"engine rule metrics","component":"api","request_id":"","rule_id":"max-depth","executions":1,"issues_emitted":0,"total_duration_ns":3331}
{"time":"2026-03-03T22:10:45.797935784Z","level":"INFO","msg":"engine rule metrics","component":"api","request_id":"","rule_id":"max-fanout","executions":1,"issues_emitted":1,"total_duration_ns":1829}
{"time":"2026-03-03T22:10:45.797938518Z","level":"INFO","msg":"engine rule metrics","component":"api","request_id":"","rule_id":"no-cycles","executions":1,"issues_emitted":0,"total_duration_ns":2409}
{"time":"2026-03-03T22:10:45.797941138Z","level":"INFO","msg":"engine rule metrics","component":"api","request_id":"","rule_id":"no-disconnected-nodes","executions":1,"issues_emitted":0,"total_duration_ns":675}
{"time":"2026-03-03T22:10:45.797944415Z","level":"INFO","msg":"engine rule metrics","component":"api","request_id":"","rule_id":"no-duplicate-node-ids","executions":1,"issues_emitted":0,"total_duration_ns":517}
{"time":"2026-03-03T22:10:45.798019791Z","level":"INFO","msg":"engine rule metrics","component":"api","request_id":"","rule_id":"max-depth","executions":1,"issues_emitted":0,"total_duration_ns":3465}
{"time":"2026-03-03T22:10:45.798024001Z","level":"INFO","msg":"engine rule metrics","component":"api","request_id":"","rule_id":"max-fanout","executions":1,"issues_emitted":1,"total_duration_ns":1426}
{"time":"2026-03-03T22:10:45.798027384Z","level":"INFO","msg":"engine rule metrics","component":"api","request_id":"","rule_id":"no-cycles","executions":1,"issues_emitted":0,"total_duration_ns":2263}
{"time":"2026-03-03T22:10:45.798030527Z","level":"INFO","msg":"engine rule metrics","component":"api","request_id":"","rule_id":"no-disconnected-nodes","executions":1,"issues_emitted":0,"total_duration_ns":509}
{"time":"2026-03-03T22:10:45.798033653Z","level":"INFO","msg":"engine rule metrics","component":"api","request_id":"","rule_id":"no-duplicate-node-ids","executions":1,"issues_emitted":0,"total_duration_ns":426}
{"time":"2026-03-03T22:10:45.798115513Z","level":"INFO","msg":"engine rule metrics","component":"api","request_id":"","rule_id":"max-depth","executions":1,"issues_emitted":0,"total_duration_ns":3420}
{"time":"2026-03-03T22:10:45.798119729Z","level":"INFO","msg":"engine rule metrics","component":"api","request_id":"","rule_id":"max-fanout","executions":1,"issues_emitted":1,"total_duration_ns":1681}
{"time":"2026-03-03T22:10:45.798123134Z","level":"INFO","msg":"engine rule metrics","component":"api","request_id":"","rule_id":"no-cycles","executions":1,"issues_emitted":0,"total_duration_ns":6314}
{"time":"2026-03-03T22:10:45.798126007Z","level":"INFO","msg":"engine rule metrics","component":"api","request_id":"","rule_id":"no-disconnected-nodes","executions":1,"issues_emitted":0,"total_duration_ns":653}
{"time":"2026-03-03T22:10:45.798129131Z","level":"INFO","msg":"engine rule metrics","component":"api","request_id":"","rule_id":"no-duplicate-node-ids","executions":1,"issues_emitted":0,"total_duration_ns":525}
{"time":"2026-03-03T22:10:45.798230541Z","level":"INFO","msg":"engine rule metrics","component":"api","request_id":"","rule_id":"max-depth","executions":1,"issues_emitted":0,"total_duration_ns":3342}
{"time":"2026-03-03T22:10:45.798236668Z","level":"INFO","msg":"engine rule metrics","component":"api","request_id":"","rule_id":"max-fanout","executions":1,"issues_emitted":1,"total_duration_ns":1938}
{"time":"2026-03-03T22:10:45.798239837Z","level":"INFO","msg":"engine rule metrics","component":"api","request_id":"","rule_id":"no-cycles","executions":1,"issues_emitted":0,"total_duration_ns":2734}
{"time":"2026-03-03T22:10:45.79824283Z","level":"INFO","msg":"engine rule metrics","component":"api","request_id":"","rule_id":"no-disconnected-nodes","executions":1,"issues_emitted":0,"total_duration_ns":615}
{"time":"2026-03-03T22:10:45.798245548Z","level":"INFO","msg":"engine rule metrics","component":"api","request_id":"","rule_id":"no-duplicate-node-ids","executions":1,"issues_emitted":0,"total_duration_ns":507}
{"time":"2026-03-03T22:10:45.798322576Z","level":"INFO","msg":"engine rule metrics","component":"api","request_id":"","rule_id":"max-depth","executions":1,"issues_emitted":0,"total_duration_ns":3279}
{"time":"2026-03-03T22:10:45.798326818Z","level":"INFO","msg":"engine rule metrics","component":"api","request_id":"","rule_id":"max-fanout","executions":1,"issues_emitted":1,"total_duration_ns":1596}
{"time":"2026-03-03T22:10:45.798329742Z","level":"INFO","msg":"engine rule metrics","component":"api","request_id":"","rule_id":"no-cycles","executions":1,"issues_emitted":0,"total_duration_ns":2576}
{"time":"2026-03-03T22:10:45.798332938Z","level":"INFO","msg":"engine rule metrics","component":"api","request_id":"","rule_id":"no-disconnected-nodes","executions":1,"issues_emitted":0,"total_duration_ns":622}
{"time":"2026-03-03T22:10:45.79833626Z","level":"INFO","msg":"engine rule metrics","component":"api","request_id":"","rule_id":"no-duplicate-node-ids","executions":1,"issues_emitted":0,"total_duration_ns":510}
{"time":"2026-03-03T22:10:45.79841084Z","level":"INFO","msg":"engine rule metrics","component":"api","request_id":"","rule_id":"max-depth","executions":1,"issues_emitted":0,"total_duration_ns":2899}
{"time":"2026-03-03T22:10:45.798415298Z","level":"INFO","msg":"engine rule metrics","component":"api","request_id":"","rule_id":"max-fanout","executions":1,"issues_emitted":1,"total_duration_ns":1738}
{"time":"2026-03-03T22:10:45.798418785Z","level":"INFO","msg":"engine rule metrics","component":"api","request_id":"","rule_id":"no-cycles","executions":1,"issues_emitted":0,"total_duration_ns":3188}
{"time":"2026-03-03T22:10:45.798421829Z","level":"INFO","msg":"engine rule metrics","component":"api","request_id":"","rule_id":"no-disconnected-nodes","executions":1,"issues_emitted":0,"total_duration_ns":654}
{"time":"2026-03-03T22:10:45.798424684Z","level":"INFO","msg":"engine rule metrics","component":"api","request_id":"","rule_id":"no-duplicate-node-ids","executions":1,"issues_emitted":0,"total_duration_ns":506}
{"time":"2026-03-03T22:10:45.798497899Z","level":"INFO","msg":"engine rule metrics","component":"api","request_id":"","rule_id":"max-depth","executions":1,"issues_emitted":0,"total_duration_ns":3696}
{"time":"2026-03-03T22:10:45.798502058Z","level":"INFO","msg":"engine rule metrics","component":"api","request_id":"","rule_id":"max-fanout","executions":1,"issues_emitted":1,"total_duration_ns":1583}
{"time":"2026-03-03T22:10:45.79850537Z","level":"INFO","msg":"engine rule metrics","component":"api","request_id":"","rule_id":"no-cycles","executions":1,"issues_emitted":0,"total_duration_ns":3086}
{"time":"2026-03-03T22:10:45.798508564Z","level":"INFO","msg":"engine rule metrics","component":"api","request_id":"","rule_id":"no-disconnected-nodes","executions":1,"issues_emitted":0,"total_duration_ns":626}
{"time":"2026-03-03T22:10:45.798511545Z","level":"INFO","msg":"engine rule metrics","component":"api","request_id":"","rule_id":"no-duplicate-node-ids","executions":1,"issues_emitted":0,"total_duration_ns":503}
{"time":"2026-03-03T22:10:45.798582383Z","level":"INFO","msg":"engine rule metrics","component":"api","request_id":"","rule_id":"max-depth","executions":1,"issues_emitted":0,"total_duration_ns":2883}
{"time":"2026-03-03T22:10:45.798587738Z","level":"INFO","msg":"engine rule metrics","component":"api","request_id":"","rule_id":"max-fanout","executions":1,"issues_emitted":1,"total_duration_ns":1379}
{"time":"2026-03-03T22:10:45.798590912Z","level":"INFO","msg":"engine rule metrics","component":"api","request_id":"","rule_id":"no-cycles","executions":1,"issues_emitted":0,"total_duration_ns":2138}
{"time":"2026-03-03T22:10:45.798593882Z","level":"INFO","msg":"engine rule metrics","component":"api","request_id":"","rule_id":"no-disconnected-nodes","executions":1,"issues_emitted":0,"total_duration_ns":600}
{"time":"2026-03-03T22:10:45.798597098Z","level":"INFO","msg":"engine rule metrics","component":"api","request_id":"","rule_id":"no-duplicate-node-ids","executions":1,"issues_emitted":0,"total_duration_ns":588}
{"time":"2026-03-03T22:10:45.798671377Z","level":"INFO","msg":"engine rule metrics","component":"api","request_id":"","rule_id":"max-depth","executions":1,"issues_emitted":0,"total_duration_ns":3565}
{"time":"2026-03-03T22:10:45.798675343Z","level":"INFO","msg":"engine rule metrics","component":"api","request_id":"","rule_id":"max-fanout","executions":1,"issues_emitted":1,"total_duration_ns":1658}
{"time":"2026-03-03T22:10:45.798678304Z","level":"INFO","msg":"engine rule metrics","component":"api","request_id":"","rule_id":"no-cycles","executions":1,"issues_emitted":0,"total_duration_ns":2417}
{"time":"2026-03-03T22:10:45.798681386Z","level":"INFO","msg":"engine rule metrics","component":"api","request_id":"","rule_id":"no-disconnected-nodes","executions":1,"issues_emitted":0,"total_duration_ns":551}
{"time":"2026-03-03T22:10:45.798684453Z","level":"INFO","msg":"engine rule metrics","component":"api","request_id":"","rule_id":"no-duplicate-node-ids","executions":1,"issues_emitted":0,"total_duration_ns":481}
{"time":"2026-03-03T22:10:45.798761646Z","level":"INFO","msg":"engine rule metrics","component":"api","request_id":"","rule_id":"max-depth","executions":1,"issues_emitted":0,"total_duration_ns":2951}
{"time":"2026-03-03T22:10:45.79876666Z","level":"INFO","msg":"engine rule metrics","component":"api","request_id":"","rule_id":"max-fanout","executions":1,"issues_emitted":1,"total_duration_ns":1714}
{"time":"2026-03-03T22:10:45.798769828Z","level":"INFO","msg":"engine rule metrics","component":"api","request_id":"","rule_id":"no-cycles","executions":1,"issues_emitted":0,"total_duration_ns":2413}
{"time":"2026-03-03T22:10:45.798772635Z","level":"INFO","msg":"engine rule metrics","component":"api","request_id":"","rule_id":"no-disconnected-nodes","executions":1,"issues_emitted":0,"total_duration_ns":565}
{"time":"2026-03-03T22:10:45.798776312Z","level":"INFO","msg":"engine rule metrics","component":"api","request_id":"","rule_id":"no-duplicate-node-ids","executions":1,"issues_emitted":0,"total_duration_ns":464}
{"time":"2026-03-03T22:10:45.798872486Z","level":"INFO","msg":"engine rule metrics","component":"api","request_id":"","rule_id":"max-depth","executions":1,"issues_emitted":0,"total_duration_ns":3546}
{"time":"2026-03-03T22:10:45.798878159Z","level":"INFO","msg":"engine rule metrics","component":"api","request_id":"","rule_id":"max-fanout","executions":1,"issues_emitted":1,"total_duration_ns":2238}
{"time":"2026-03-03T22:10:45.798881358Z","level":"INFO","msg":"engine rule metrics","component":"api","request_id":"","rule_id":"no-cycles","executions":1,"issues_emitted":0,"total_duration_ns":2782}
{"time":"2026-03-03T22:10:45.798884369Z","level":"INFO","msg":"engine rule metrics","component":"api","request_id":"","rule_id":"no-disconnected-nodes","executions":1,"issues_emitted":0,"total_duration_ns":796}
{"time":"2026-03-03T22:10:45.798887131Z","level":"INFO","msg":"engine rule metrics","component":"api","request_id":"","rule_id":"no-duplicate-node-ids","executions":1,"issues_emitted":0,"total_duration_ns":463}
{"time":"2026-03-03T22:10:45.798963573Z","level":"INFO","msg":"engine rule metrics","component":"api","request_id":"","rule_id":"max-depth","executions":1,"issues_emitted":0,"total_duration_ns":3239}
{"time":"2026-03-03T22:10:45.798968788Z","level":"INFO","msg":"engine rule metrics","component":"api","request_id":"","rule_id":"max-fanout","executions":1,"issues_emitted":1,"total_duration_ns":1664}
{"time":"2026-03-03T22:10:45.798972128Z","level":"INFO","msg":"engine rule metrics","component":"api","request_id":"","rule_id":"no-cycles","executions":1,"issues_emitted":0,"total_duration_ns":2974}
{"time":"2026-03-03T22:10:45.798975192Z","level":"INFO","msg":"engine rule metrics","component":"api","request_id":"","rule_id":"no-disconnected-nodes","executions":1,"issues_emitted":0,"total_duration_ns":559}
{"time":"2026-03-03T22:10:45.798978086Z","level":"INFO","msg":"engine rule metrics","component":"api","request_id":"","rule_id":"no-duplicate-node-ids","executions":1,"issues_emitted":0,"total_duration_ns":558}
{"time":"2026-03-03T22:10:45.799052691Z","level":"INFO","msg":"engine rule metrics","component":"api","request_id":"","rule_id":"max-depth","executions":1,"issues_emitted":0,"total_duration_ns":3345}
{"time":"2026-03-03T22:10:45.799056255Z","level":"INFO","msg":"engine rule metrics","component":"api","request_id":"","rule_id":"max-fanout","executions":1,"issues_emitted":1,"total_duration_ns":1442}
{"time":"2026-03-03T22:10:45.799059497Z","level":"INFO","msg":"engine rule metrics","component":"api","request_id":"","rule_id":"no-cycles","executions":1,"issues_emitted":0,"total_duration_ns":2269}
{"time":"2026-03-03T22:10:45.799062694Z","level":"INFO","msg":"engine rule metrics","component":"api","request_id":"","rule_id":"no-disconnected-nodes","executions":1,"issues_emitted":0,"total_duration_ns":627}
{"time":"2026-03-03T22:10:45.799065842Z","level":"INFO","msg":"engine rule metrics","component":"api","request_id":"","rule_id":"no-duplicate-node-ids","executions":1,"issues_emitted":0,"total_duration_ns":462}
{"time":"2026-03-03T22:10:45.799136626Z","level":"INFO","msg":"engine rule metrics","component":"api","request_id":"","rule_id":"max-depth","executions":1,"issues_emitted":0,"total_duration_ns":3096}
{"time":"2026-03-03T22:10:45.799140159Z","level":"INFO","msg":"engine rule metrics","component":"api","request_id":"","rule_id":"max-fanout","executions":1,"issues_emitted":1,"total_duration_ns":1289}
{"time":"2026-03-03T22:10:45.799143144Z","level":"INFO","msg":"engine rule metrics","component":"api","request_id":"","rule_id":"no-cycles","executions":1,"issues_emitted":0,"total_duration_ns":2193}
{"time":"2026-03-03T22:10:45.799146027Z","level":"INFO","msg":"engine rule metrics","component":"api","request_id":"","rule_id":"no-disconnected-nodes","executions":1,"issues_emitted":0,"total_duration_ns":602}
{"time":"2026-03-03T22:10:45.799148895Z","level":"INFO","msg":"engine rule metrics","component":"api","request_id":"","rule_id":"no-duplicate-node-ids","executions":1,"issues_emitted":0,"total_duration_ns":433}
{"time":"2026-03-03T22:10:45.788555678Z","level":"INFO","msg":"engine rule metrics","component":"api","request_id":"","rule_id":"max-depth","executions":1,"issues_emitted":0,"total_duration_ns":3234}
{"time":"2026-03-03T22:10:45.7992706Z","level":"INFO","msg":"engine rule metrics","component":"api","request_id":"","rule_id":"max-fanout","executions":1,"issues_emitted":1,"total_duration_ns":1761}
{"time":"2026-03-03T22:10:45.799274741Z","level":"INFO","msg":"engine rule metrics","component":"api","request_id":"","rule_id":"no-cycles","executions":1,"issues_emitted":0,"total_duration_ns":2551}
{"time":"2026-03-03T22:10:45.799277684Z","level":"INFO","msg":"engine rule metrics","component":"api","request_id":"","rule_id":"no-disconnected-nodes","executions":1,"issues_emitted":0,"total_duration_ns":694}
{"time":"2026-03-03T22:10:45.799280565Z","level":"INFO","msg":"engine rule metrics","component":"api","request_id":"","rule_id":"no-duplicate-node-ids","executions":1,"issues_emitted":0,"total_duration_ns":520}
{"time":"2026-03-03T22:10:45.788609835Z","level":"INFO","msg":"engine rule metrics","component":"api","request_id":"","rule_id":"max-depth","executions":1,"issues_emitted":0,"total_duration_ns":2936}
{"time":"2026-03-03T22:10:45.799314355Z","level":"INFO","msg":"engine rule metrics","component":"api","request_id":"","rule_id":"max-fanout","executions":1,"issues_emitted":1,"total_duration_ns":1400}
{"time":"2026-03-03T22:10:45.799358501Z","level":"INFO","msg":"engine rule metrics","component":"api","request_id":"","rule_id":"no-cycles","executions":1,"issues_emitted":0,"total_duration_ns":2059}
{"time":"2026-03-03T22:10:45.799368861Z","level":"INFO","msg":"engine rule metrics","component":"api","request_id":"","rule_id":"no-disconnected-nodes","executions":1,"issues_emitted":0,"total_duration_ns":644}
{"time":"2026-03-03T22:10:45.799379471Z","level":"INFO","msg":"engine rule metrics","component":"api","request_id":"","rule_id":"no-duplicate-node-ids","executions":1,"issues_emitted":0,"total_duration_ns":569}
{"time":"2026-03-03T22:10:45.788668106Z","level":"INFO","msg":"engine rule metrics","component":"api","request_id":"","rule_id":"max-depth","executions":1,"issues_emitted":0,"total_duration_ns":3231}
{"time":"2026-03-03T22:10:45.799449733Z","level":"INFO","msg":"engine rule metrics","component":"api","request_id":"","rule_id":"max-fanout","executions":1,"issues_emitted":1,"total_duration_ns":1931}
{"time":"2026-03-03T22:10:45.799461642Z","level":"INFO","msg":"engine rule metrics","component":"api","request_id":"","rule_id":"no-cycles","executions":1,"issues_emitted":0,"total_duration_ns":3968}
{"time":"2026-03-03T22:10:45.799483529Z","level":"INFO","msg":"engine rule metrics","component":"api","request_id":"","rule_id":"no-disconnected-nodes","executions":1,"issues_emitted":0,"total_duration_ns":710}
{"time":"2026-03-03T22:10:45.799494598Z","level":"INFO","msg":"engine rule metrics","component":"api","request_id":"","rule_id":"no-duplicate-node-ids","executions":1,"issues_emitted":0,"total_duration_ns":523}
{"time":"2026-03-03T22:10:45.78872623Z","level":"INFO","msg":"engine rule metrics","component":"api","request_id":"","rule_id":"max-depth","executions":1,"issues_emitted":0,"total_duration_ns":3713}
{"time":"2026-03-03T22:10:45.799574662Z","level":"INFO","msg":"engine rule metrics","component":"api","request_id":"","rule_id":"max-fanout","executions":1,"issues_emitted":1,"total_duration_ns":1689}
{"time":"2026-03-03T22:10:45.799586227Z","level":"INFO","msg":"engine rule metrics","component":"api","request_id":"","rule_id":"no-cycles","executions":1,"issues_emitted":0,"total_duration_ns":2832}
{"time":"2026-03-03T22:10:45.799596612Z","level":"INFO","msg":"engine rule metrics","component":"api","request_id":"","rule_id":"no-disconnected-nodes","executions":1,"issues_emitted":0,"total_duration_ns":627}
{"time":"2026-03-03T22:10:45.79960714Z","level":"INFO","msg":"engine rule metrics","component":"api","request_id":"","rule_id":"no-duplicate-node-ids","executions":1,"issues_emitted":0,"total_duration_ns":442}
{"time":"2026-03-03T22:10:45.788783276Z","level":"INFO","msg":"engine rule metrics","component":"api","request_id":"","rule_id":"max-depth","executions":1,"issues_emitted":0,"total_duration_ns":3211}
{"time":"2026-03-03T22:10:45.799675517Z","level":"INFO","msg":"engine rule metrics","component":"api","request_id":"","rule_id":"max-fanout","executions":1,"issues_emitted":1,"total_duration_ns":1704}
{"time":"2026-03-03T22:10:45.799686557Z","level":"INFO","msg":"engine rule metrics","component":"api","request_id":"","rule_id":"no-cycles","executions":1,"issues_emitted":0,"total_duration_ns":2382}
{"time":"2026-03-03T22:10:45.799697119Z","level":"INFO","msg":"engine rule metrics","component":"api","request_id":"","rule_id":"no-disconnected-nodes","executions":1,"issues_emitted":0,"total_duration_ns":695}
{"time":"2026-03-03T22:10:45.799707452Z","level":"INFO","msg":"engine rule metrics","component":"api","request_id":"","rule_id":"no-duplicate-node-ids","executions":1,"issues_emitted":0,"total_duration_ns":460}
{"time":"2026-03-03T22:10:45.788814381Z","level":"INFO","msg":"engine rule metrics","component":"api","request_id":"","rule_id":"max-depth","executions":1,"issues_emitted":0,"total_duration_ns":2117454}
{"time":"2026-03-03T22:10:45.79977257Z","level":"INFO","msg":"engine rule metrics","component":"api","request_id":"","rule_id":"max-fanout","executions":1,"issues_emitted":1,"total_duration_ns":3491}
{"time":"2026-03-03T22:10:45.799783527Z","level":"INFO","msg":"engine rule metrics","component":"api","request_id":"","rule_id":"no-cycles","executions":1,"issues_emitted":0,"total_duration_ns":3886}
{"time":"2026-03-03T22:10:45.799794428Z","level":"INFO","msg":"engine rule metrics","component":"api","request_id":"","rule_id":"no-disconnected-nodes","executions":1,"issues_emitted":0,"total_duration_ns":787}
{"time":"2026-03-03T22:10:45.799804659Z","level":"INFO","msg":"engine rule metrics","component":"api","request_id":"","rule_id":"no-duplicate-node-ids","executions":1,"issues_emitted":0,"total_duration_ns":713}
{"time":"2026-03-03T22:10:45.789766546Z","level":"INFO","msg":"engine rule metrics","component":"api","request_id":"","rule_id":"max-depth","executions":1,"issues_emitted":0,"total_duration_ns":5203}
{"time":"2026-03-03T22:10:45.799870878Z","level":"INFO","msg":"engine rule metrics","component":"api","request_id":"","rule_id":"max-fanout","executions":1,"issues_emitted":1,"total_duration_ns":3399}
{"time":"2026-03-03T22:10:45.799882024Z","level":"INFO","msg":"engine rule metrics","component":"api","request_id":"","rule_id":"no-cycles","executions":1,"issues_emitted":0,"total_duration_ns":9282}
{"time":"2026-03-03T22:10:45.799892145Z","level":"INFO","msg":"engine rule metrics","component":"api","request_id":"","rule_id":"no-disconnected-nodes","executions":1,"issues_emitted":0,"total_duration_ns":996}
{"time":"2026-03-03T22:10:45.799902368Z","level":"INFO","msg":"engine rule metrics","component":"api","request_id":"","rule_id":"no-duplicate-node-ids","executions":1,"issues_emitted":0,"total_duration_ns":664}
{"time":"2026-03-03T22:10:45.789942923Z","level":"INFO","msg":"engine rule metrics","component":"api","request_id":"","rule_id":"max-depth","executions":1,"issues_emitted":0,"total_duration_ns":4757}
{"time":"2026-03-03T22:10:45.799971568Z","level":"INFO","msg":"engine rule metrics","component":"api","request_id":"","rule_id":"max-fanout","executions":1,"issues_emitted":1,"total_duration_ns":2698}
{"time":"2026-03-03T22:10:45.799982307Z","level":"INFO","msg":"engine rule metrics","component":"api","request_id":"","rule_id":"no-cycles","executions":1,"issues_emitted":0,"total_duration_ns":9452}
{"time":"2026-03-03T22:10:45.799992341Z","level":"INFO","msg":"engine rule metrics","component":"api","request_id":"","rule_id":"no-disconnected-nodes","executions":1,"issues_emitted":0,"total_duration_ns":886}
{"time":"2026-03-03T22:10:45.800001981Z","level":"INFO","msg":"engine rule metrics","component":"api","request_id":"","rule_id":"no-duplicate-node-ids","executions":1,"issues_emitted":0,"total_duration_ns":685}
{"time":"2026-03-03T22:10:45.790041137Z","level":"INFO","msg":"engine rule metrics","component":"api","request_id":"","rule_id":"max-depth","executions":1,"issues_emitted":0,"total_duration_ns":4179}
{"time":"2026-03-03T22:10:45.800076397Z","level":"INFO","msg":"engine rule metrics","component":"api","request_id":"","rule_id":"max-fanout","executions":1,"issues_emitted":1,"total_duration_ns":2565}
{"time":"2026-03-03T22:10:45.800087612Z","level":"INFO","msg":"engine rule metrics","component":"api","request_id":"","rule_id":"no-cycles","executions":1,"issues_emitted":0,"total_duration_ns":7474}
{"time":"2026-03-03T22:10:45.800098133Z","level":"INFO","msg":"engine rule metrics","component":"api","request_id":"","rule_id":"no-disconnected-nodes","executions":1,"issues_emitted":0,"total_duration_ns":753}
{"time":"2026-03-03T22:10:45.800108588Z","level":"INFO","msg":"engine rule metrics","component":"api","request_id":"","rule_id":"no-duplicate-node-ids","executions":1,"issues_emitted":0,"total_duration_ns":578}
{"time":"2026-03-03T22:10:45.790249335Z","level":"INFO","msg":"engine rule metrics","component":"api","request_id":"","rule_id":"max-depth","executions":1,"issues_emitted":0,"total_duration_ns":5752}
{"time":"2026-03-03T22:10:45.800189595Z","level":"INFO","msg":"engine rule metrics","component":"api","request_id":"","rule_id":"max-fanout","executions":1,"issues_emitted":1,"total_duration_ns":2598}
{"time":"2026-03-03T22:10:45.800200418Z","level":"INFO","msg":"engine rule metrics","component":"api","request_id":"","rule_id":"no-cycles","executions":1,"issues_emitted":0,"total_duration_ns":8495}
{"time":"2026-03-03T22:10:45.800209809Z","level":"INFO","msg":"engine rule metrics","component":"api","request_id":"","rule_id":"no-disconnected-nodes","executions":1,"issues_emitted":0,"total_duration_ns":837}
{"time":"2026-03-03T22:10:45.80022Z","level":"INFO","msg":"engine rule metrics","component":"api","request_id":"","rule_id":"no-duplicate-node-ids","executions":1,"issues_emitted":0,"total_duration_ns":689}
{"time":"2026-03-03T22:10:45.790344795Z","level":"INFO","msg":"engine rule metrics","component":"api","request_id":"","rule_id":"max-depth","executions":1,"issues_emitted":0,"total_duration_ns":4475}
{"time":"2026-03-03T22:10:45.800286833Z","level":"INFO","msg":"engine rule metrics","component":"api","request_id":"","rule_id":"max-fanout","executions":1,"issues_emitted":1,"total_duration_ns":2291}
{"time":"2026-03-03T22:10:45.800297988Z","level":"INFO","msg":"engine rule metrics","component":"api","request_id":"","rule_id":"no-cycles","executions":1,"issues_emitted":0,"total_duration_ns":7653}
{"time":"2026-03-03T22:10:45.800307498Z","level":"INFO","msg":"engine rule metrics","component":"api","request_id":"","rule_id":"no-disconnected-nodes","executions":1,"issues_emitted":0,"total_duration_ns":843}
{"time":"2026-03-03T22:10:45.800317451Z","level":"INFO","msg":"engine rule metrics","component":"api","request_id":"","rule_id":"no-duplicate-node-ids","executions":1,"issues_emitted":0,"total_duration_ns":494}
{"time":"2026-03-03T22:10:45.790436589Z","level":"INFO","msg":"engine rule metrics","component":"api","request_id":"","rule_id":"max-depth","executions":1,"issues_emitted":0,"total_duration_ns":4536}
{"time":"2026-03-03T22:10:45.800481737Z","level":"INFO","msg":"engine rule metrics","component":"api","request_id":"","rule_id":"max-fanout","executions":1,"issues_emitted":1,"total_duration_ns":5884}
{"time":"2026-03-03T22:10:45.800506928Z","level":"INFO","msg":"engine rule metrics","component":"api","request_id":"","rule_id":"no-cycles","executions":1,"issues_emitted":0,"total_duration_ns":3856}
{"time":"2026-03-03T22:10:45.800517085Z","level":"INFO","msg":"engine rule metrics","component":"api","request_id":"","rule_id":"no-disconnected-nodes","executions":1,"issues_emitted":0,"total_duration_ns":784}
{"time":"2026-03-03T22:10:45.800527105Z","level":"INFO","msg":"engine rule metrics","component":"api","request_id":"","rule_id":"no-duplicate-node-ids","executions":1,"issues_emitted":0,"total_duration_ns":473}
{"time":"2026-03-03T22:10:45.790662692Z","level":"INFO","msg":"engine rule metrics","component":"api","request_id":"","rule_id":"max-depth","executions":1,"issues_emitted":0,"total_duration_ns":4337}
{"time":"2026-03-03T22:10:45.800598449Z","level":"INFO","msg":"engine rule metrics","component":"api","request_id":"","rule_id":"max-fanout","executions":1,"issues_emitted":1,"total_duration_ns":5610}
{"time":"2026-03-03T22:10:45.800671031Z","level":"INFO","msg":"engine rule metrics","component":"api","request_id":"","rule_id":"no-cycles","executions":1,"issues_emitted":0,"total_duration_ns":3644}
{"time":"2026-03-03T22:10:45.800695618Z","level":"INFO","msg":"engine rule metrics","component":"api","request_id":"","rule_id":"no-disconnected-nodes","executions":1,"issues_emitted":0,"total_duration_ns":688}
{"time":"2026-03-03T22:10:45.800775758Z","level":"INFO","msg":"engine rule metrics","component":"api","request_id":"","rule_id":"no-duplicate-node-ids","executions":1,"issues_emitted":0,"total_duration_ns":629}
{"time":"2026-03-03T22:10:45.800615741Z","level":"INFO","msg":"engine rule metrics","component":"api","request_id":"","rule_id":"max-depth","executions":1,"issues_emitted":0,"total_duration_ns":3491}
{"time":"2026-03-03T22:10:45.800872042Z","level":"INFO","msg":"engine rule metrics","component":"api","request_id":"","rule_id":"max-fanout","executions":1,"issues_emitted":1,"total_duration_ns":2943}
{"time":"2026-03-03T22:10:45.800883534Z","level":"INFO","msg":"engine rule metrics","component":"api","request_id":"","rule_id":"no-cycles","executions":1,"issues_emitted":0,"total_duration_ns":2461}
{"time":"2026-03-03T22:10:45.800957102Z","level":"INFO","msg":"engine rule metrics","component":"api","request_id":"","rule_id":"no-disconnected-nodes","executions":1,"issues_emitted":0,"total_duration_ns":636}
{"time":"2026-03-03T22:10:45.800986055Z","level":"INFO","msg":"engine rule metrics","component":"api","request_id":"","rule_id":"no-duplicate-node-ids","executions":1,"issues_emitted":0,"total_duration_ns":493}
{"time":"2026-03-03T22:10:45.800917829Z","level":"INFO","msg":"engine rule metrics","component":"api","request_id":"","rule_id":"max-depth","executions":1,"issues_emitted":0,"total_duration_ns":4249}
{"time":"2026-03-03T22:10:45.80114556Z","level":"INFO","msg":"engine rule metrics","component":"api","request_id":"","rule_id":"max-fanout","executions":1,"issues_emitted":1,"total_duration_ns":2531}
{"time":"2026-03-03T22:10:45.801157994Z","level":"INFO","msg":"engine rule metrics","component":"api","request_id":"","rule_id":"no-cycles","executions":1,"issues_emitted":0,"total_duration_ns":2766}
{"time":"2026-03-03T22:10:45.801187664Z","level":"INFO","msg":"engine rule metrics","component":"api","request_id":"","rule_id":"no-disconnected-nodes","executions":1,"issues_emitted":0,"total_duration_ns":615}
{"time":"2026-03-03T22:10:45.801192646Z","level":"INFO","msg":"engine rule metrics","component":"api","request_id":"","rule_id":"no-duplicate-node-ids","executions":1,"issues_emitted":0,"total_duration_ns":568}
{"time":"2026-03-03T22:10:45.791021064Z","level":"INFO","msg":"engine rule metrics","component":"api","request_id":"","rule_id":"max-depth","executions":1,"issues_emitted":0,"total_duration_ns":8064}
{"time":"2026-03-03T22:10:45.801223857Z","level":"INFO","msg":"engine rule metrics","component":"api","request_id":"","rule_id":"max-fanout","executions":1,"issues_emitted":1,"total_duration_ns":2642}
{"time":"2026-03-03T22:10:45.801227794Z","level":"INFO","msg":"engine rule metrics","component":"api","request_id":"","rule_id":"no-cycles","executions":1,"issues_emitted":0,"total_duration_ns":3681}
{"time":"2026-03-03T22:10:45.80123103Z","level":"INFO","msg":"engine rule metrics","component":"api","request_id":"","rule_id":"no-disconnected-nodes","executions":1,"issues_emitted":0,"total_duration_ns":703}
{"time":"2026-03-03T22:10:45.801234177Z","level":"INFO","msg":"engine rule metrics","component":"api","request_id":"","rule_id":"no-duplicate-node-ids","executions":1,"issues_emitted":0,"total_duration_ns":488}
{"time":"2026-03-03T22:10:45.791866905Z","level":"INFO","msg":"engine rule metrics","component":"api","request_id":"","rule_id":"max-depth","executions":1,"issues_emitted":0,"total_duration_ns":5641}
{"time":"2026-03-03T22:10:45.801281196Z","level":"INFO","msg":"engine rule metrics","component":"api","request_id":"","rule_id":"max-fanout","executions":1,"issues_emitted":1,"total_duration_ns":4008}
{"time":"2026-03-03T22:10:45.801284817Z","level":"INFO","msg":"engine rule metrics","component":"api","request_id":"","rule_id":"no-cycles","executions":1,"issues_emitted":0,"total_duration_ns":8841}
{"time":"2026-03-03T22:10:45.801288082Z","level":"INFO","msg":"engine rule metrics","component":"api","request_id":"","rule_id":"no-disconnected-nodes","executions":1,"issues_emitted":0,"total_duration_ns":1034}
{"time":"2026-03-03T22:10:45.801291308Z","level":"INFO","msg":"engine rule metrics","component":"api","request_id":"","rule_id":"no-duplicate-node-ids","executions":1,"issues_emitted":0,"total_duration_ns":712}
{"time":"2026-03-03T22:10:45.790758114Z","level":"INFO","msg":"engine rule metrics","component":"api","request_id":"","rule_id":"max-depth","executions":1,"issues_emitted":0,"total_duration_ns":4095}
{"time":"2026-03-03T22:10:45.801321249Z","level":"INFO","msg":"engine rule metrics","component":"api","request_id":"","rule_id":"max-fanout","executions":1,"issues_emitted":1,"total_duration_ns":2386}
{"time":"2026-03-03T22:10:45.801324619Z","level":"INFO","msg":"engine rule metrics","component":"api","request_id":"","rule_id":"no-cycles","executions":1,"issues_emitted":0,"total_duration_ns":3256}
{"time":"2026-03-03T22:10:45.801327434Z","level":"INFO","msg":"engine rule metrics","component":"api","request_id":"","rule_id":"no-disconnected-nodes","executions":1,"issues_emitted":0,"total_duration_ns":843}
{"time":"2026-03-03T22:10:45.801330422Z","level":"INFO","msg":"engine rule metrics","component":"api","request_id":"","rule_id":"no-duplicate-node-ids","executions":1,"issues_emitted":0,"total_duration_ns":499}
{"time":"2026-03-03T22:10:45.79084922Z","level":"INFO","msg":"engine rule metrics","component":"api","request_id":"","rule_id":"max-depth","executions":1,"issues_emitted":0,"total_duration_ns":7098}
{"time":"2026-03-03T22:10:45.801373652Z","level":"INFO","msg":"engine rule metrics","component":"api","request_id":"","rule_id":"max-fanout","executions":1,"issues_emitted":1,"total_duration_ns":2372}
{"time":"2026-03-03T22:10:45.801377195Z","level":"INFO","msg":"engine rule metrics","component":"api","request_id":"","rule_id":"no-cycles","executions":1,"issues_emitted":0,"total_duration_ns":3833}
{"time":"2026-03-03T22:10:45.801380225Z","level":"INFO","msg":"engine rule metrics","component":"api","request_id":"","rule_id":"no-disconnected-nodes","executions":1,"issues_emitted":0,"total_duration_ns":589}
{"time":"2026-03-03T22:10:45.801384212Z","level":"INFO","msg":"engine rule metrics","component":"api","request_id":"","rule_id":"no-duplicate-node-ids","executions":1,"issues_emitted":0,"total_duration_ns":509}
{"time":"2026-03-03T22:10:45.801519332Z","level":"INFO","msg":"engine rule metrics","component":"api","request_id":"","rule_id":"max-depth","executions":1,"issues_emitted":0,"total_duration_ns":3863}
{"time":"2026-03-03T22:10:45.80152556Z","level":"INFO","msg":"engine rule metrics","component":"api","request_id":"","rule_id":"max-fanout","executions":1,"issues_emitted":1,"total_duration_ns":2747}
{"time":"2026-03-03T22:10:45.80152877Z","level":"INFO","msg":"engine rule metrics","component":"api","request_id":"","rule_id":"no-cycles","executions":1,"issues_emitted":0,"total_duration_ns":3371}
{"time":"2026-03-03T22:10:45.801531575Z","level":"INFO","msg":"engine rule metrics","component":"api","request_id":"","rule_id":"no-disconnected-nodes","executions":1,"issues_emitted":0,"total_duration_ns":774}
{"time":"2026-03-03T22:10:45.80153412Z","level":"INFO","msg":"engine rule metrics","component":"api","request_id":"","rule_id":"no-duplicate-node-ids","executions":1,"issues_emitted":0,"total_duration_ns":786}
{"time":"2026-03-03T22:10:45.801621356Z","level":"INFO","msg":"engine rule metrics","component":"api","request_id":"","rule_id":"max-depth","executions":1,"issues_emitted":0,"total_duration_ns":3797}
{"time":"2026-03-03T22:10:45.801626285Z","level":"INFO","msg":"engine rule metrics","component":"api","request_id":"","rule_id":"max-fanout","executions":1,"issues_emitted":1,"total_duration_ns":1950}
{"time":"2026-03-03T22:10:45.801629352Z","level":"INFO","msg":"engine rule metrics","component":"api","request_id":"","rule_id":"no-cycles","executions":1,"issues_emitted":0,"total_duration_ns":3080}
{"time":"2026-03-03T22:10:45.80163226Z","level":"INFO","msg":"engine rule metrics","component":"api","request_id":"","rule_id":"no-disconnected-nodes","executions":1,"issues_emitted":0,"total_duration_ns":748}
{"time":"2026-03-03T22:10:45.801635185Z","level":"INFO","msg":"engine rule metrics","component":"api","request_id":"","rule_id":"no-duplicate-node-ids","executions":1,"issues_emitted":0,"total_duration_ns":487}
{"time":"2026-03-03T22:10:45.801727754Z","level":"INFO","msg":"engine rule metrics","component":"api","request_id":"","rule_id":"max-depth","executions":1,"issues_emitted":0,"total_duration_ns":3698}
{"time":"2026-03-03T22:10:45.801732972Z","level":"INFO","msg":"engine rule metrics","component":"api","request_id":"","rule_id":"max-fanout","executions":1,"issues_emitted":1,"total_duration_ns":2991}
{"time":"2026-03-03T22:10:45.801736426Z","level":"INFO","msg":"engine rule metrics","component":"api","request_id":"","rule_id":"no-cycles","executions":1,"issues_emitted":0,"total_duration_ns":2736}
{"time":"2026-03-03T22:10:45.801739687Z","level":"INFO","msg":"engine rule metrics","component":"api","request_id":"","rule_id":"no-disconnected-nodes","executions":1,"issues_emitted":0,"total_duration_ns":717}
{"time":"2026-03-03T22:10:45.801742866Z","level":"INFO","msg":"engine rule metrics","component":"api","request_id":"","rule_id":"no-duplicate-node-ids","executions":1,"issues_emitted":0,"total_duration_ns":794}
{"time":"2026-03-03T22:10:45.801849327Z","level":"INFO","msg":"engine rule metrics","component":"api","request_id":"","rule_id":"max-depth","executions":1,"issues_emitted":0,"total_duration_ns":3940}
{"time":"2026-03-03T22:10:45.801855238Z","level":"INFO","msg":"engine rule metrics","component":"api","request_id":"","rule_id":"max-fanout","executions":1,"issues_emitted":1,"total_duration_ns":2278}
{"time":"2026-03-03T22:10:45.801858786Z","level":"INFO","msg":"engine rule metrics","component":"api","request_id":"","rule_id":"no-cycles","executions":1,"issues_emitted":0,"total_duration_ns":2667}
{"time":"2026-03-03T22:10:45.801861997Z","level":"INFO","msg":"engine rule metrics","component":"api","request_id":"","rule_id":"no-disconnected-nodes","executions":1,"issues_emitted":0,"total_duration_ns":748}
{"time":"2026-03-03T22:10:45.801866065Z","level":"INFO","msg":"engine rule metrics","component":"api","request_id":"","rule_id":"no-duplicate-node-ids","executions":1,"issues_emitted":0,"total_duration_ns":575}
{"time":"2026-03-03T22:10:45.801961585Z","level":"INFO","msg":"engine rule metrics","component":"api","request_id":"","rule_id":"max-depth","executions":1,"issues_emitted":0,"total_duration_ns":3226}
{"time":"2026-03-03T22:10:45.801967006Z","level":"INFO","msg":"engine rule metrics","component":"api","request_id":"","rule_id":"max-fanout","executions":1,"issues_emitted":1,"total_duration_ns":2236}
{"time":"2026-03-03T22:10:45.801970222Z","level":"INFO","msg":"engine rule metrics","component":"api","request_id":"","rule_id":"no-cycles","executions":1,"issues_emitted":0,"total_duration_ns":2658}
{"time":"2026-03-03T22:10:45.801973455Z","level":"INFO","msg":"engine rule metrics","component":"api","request_id":"","rule_id":"no-disconnected-nodes","executions":1,"issues_emitted":0,"total_duration_ns":656}
{"time":"2026-03-03T22:10:45.801976705Z","level":"INFO","msg":"engine rule metrics","component":"api","request_id":"","rule_id":"no-duplicate-node-ids","executions":1,"issues_emitted":0,"total_duration_ns":518}
{"time":"2026-03-03T22:10:45.802061297Z","level":"INFO","msg":"engine rule metrics","component":"api","request_id":"","rule_id":"max-depth","executions":1,"issues_emitted":0,"total_duration_ns":3711}
{"time":"2026-03-03T22:10:45.802065867Z","level":"INFO","msg":"engine rule metrics","component":"api","request_id":"","rule_id":"max-fanout","executions":1,"issues_emitted":1,"total_duration_ns":1979}
{"time":"2026-03-03T22:10:45.80206927Z","level":"INFO","msg":"engine rule metrics","component":"api","request_id":"","rule_id":"no-cycles","executions":1,"issues_emitted":0,"total_duration_ns":2841}
{"time":"2026-03-03T22:10:45.802072888Z","level":"INFO","msg":"engine rule metrics","component":"api","request_id":"","rule_id":"no-disconnected-nodes","executions":1,"issues_emitted":0,"total_duration_ns":599}
{"time":"2026-03-03T22:10:45.802075931Z","level":"INFO","msg":"engine rule metrics","component":"api","request_id":"","rule_id":"no-duplicate-node-ids","executions":1,"issues_emitted":0,"total_duration_ns":508}
{"time":"2026-03-03T22:10:45.80219977Z","level":"INFO","msg":"engine rule metrics","component":"api","request_id":"","rule_id":"max-depth","executions":1,"issues_emitted":0,"total_duration_ns":3806}
{"time":"2026-03-03T22:10:45.802205786Z","level":"INFO","msg":"engine rule metrics","component":"api","request_id":"","rule_id":"max-fanout","executions":1,"issues_emitted":1,"total_duration_ns":2009}
{"time":"2026-03-03T22:10:45.802208587Z","level":"INFO","msg":"engine rule metrics","component":"api","request_id":"","rule_id":"no-cycles","executions":1,"issues_emitted":0,"total_duration_ns":23973}
{"time":"2026-03-03T22:10:45.802211444Z","level":"INFO","msg":"engine rule metrics","component":"api","request_id":"","rule_id":"no-disconnected-nodes","executions":1,"issues_emitted":0,"total_duration_ns":619}
{"time":"2026-03-03T22:10:45.802214407Z","level":"INFO","msg":"engine rule metrics","component":"api","request_id":"","rule_id":"no-duplicate-node-ids","executions":1,"issues_emitted":0,"total_duration_ns":657}
{"time":"2026-03-03T22:10:45.802309411Z","level":"INFO","msg":"engine rule metrics","component":"api","request_id":"","rule_id":"max-depth","executions":1,"issues_emitted":0,"total_duration_ns":3686}
{"time":"2026-03-03T22:10:45.802314664Z","level":"INFO","msg":"engine rule metrics","component":"api","request_id":"","rule_id":"max-fanout","executions":1,"issues_emitted":1,"total_duration_ns":2032}
{"time":"2026-03-03T22:10:45.802318088Z","level":"INFO","msg":"engine rule metrics","component":"api","request_id":"","rule_id":"no-cycles","executions":1,"issues_emitted":0,"total_duration_ns":2806}
{"time":"2026-03-03T22:10:45.802321444Z","level":"INFO","msg":"engine rule metrics","component":"api","request_id":"","rule_id":"no-disconnected-nodes","executions":1,"issues_emitted":0,"total_duration_ns":721}
{"time":"2026-03-03T22:10:45.802326232Z","level":"INFO","msg":"engine rule metrics","component":"api","request_id":"","rule_id":"no-duplicate-node-ids","executions":1,"issues_emitted":0,"total_duration_ns":588}
{"time":"2026-03-03T22:10:45.802426507Z","level":"INFO","msg":"engine rule metrics","component":"api","request_id":"","rule_id":"max-depth","executions":1,"issues_emitted":0,"total_duration_ns":3529}
{"time":"2026-03-03T22:10:45.802431641Z","level":"INFO","msg":"engine rule metrics","component":"api","request_id":"","rule_id":"max-fanout","executions":1,"issues_emitted":1,"total_duration_ns":1935}
{"time":"2026-03-03T22:10:45.802434943Z","level":"INFO","msg":"engine rule metrics","component":"api","request_id":"","rule_id":"no-cycles","executions":1,"issues_emitted":0,"total_duration_ns":2599}
{"time":"2026-03-03T22:10:45.802438168Z","level":"INFO","msg":"engine rule metrics","component":"api","request_id":"","rule_id":"no-disconnected-nodes","executions":1,"issues_emitted":0,"total_duration_ns":720}
{"time":"2026-03-03T22:10:45.802441205Z","level":"INFO","msg":"engine rule metrics","component":"api","request_id":"","rule_id":"no-duplicate-node-ids","executions":1,"issues_emitted":0,"total_duration_ns":667}
{"time":"2026-03-03T22:10:45.802527525Z","level":"INFO","msg":"engine rule metrics","component":"api","request_id":"","rule_id":"max-depth","executions":1,"issues_emitted":0,"total_duration_ns":3765}
{"time":"2026-03-03T22:10:45.802532346Z","level":"INFO","msg":"engine rule metrics","component":"api","request_id":"","rule_id":"max-fanout","executions":1,"issues_emitted":1,"total_duration_ns":1714}
{"time":"2026-03-03T22:10:45.802535736Z","level":"INFO","msg":"engine rule metrics","component":"api","request_id":"","rule_id":"no-cycles","executions":1,"issues_emitted":0,"total_duration_ns":2634}
{"time":"2026-03-03T22:10:45.802539007Z","level":"INFO","msg":"engine rule metrics","component":"api","request_id":"","rule_id":"no-disconnected-nodes","executions":1,"issues_emitted":0,"total_duration_ns":601}
{"time":"2026-03-03T22:10:45.802542019Z","level":"INFO","msg":"engine rule metrics","component":"api","request_id":"","rule_id":"no-duplicate-node-ids","executions":1,"issues_emitted":0,"total_duration_ns":679}
{"time":"2026-03-03T22:10:45.802624037Z","level":"INFO","msg":"engine rule metrics","component":"api","request_id":"","rule_id":"max-depth","executions":1,"issues_emitted":0,"total_duration_ns":3250}
{"time":"2026-03-03T22:10:45.80262883Z","level":"INFO","msg":"engine rule metrics","component":"api","request_id":"","rule_id":"max-fanout","executions":1,"issues_emitted":1,"total_duration_ns":1599}
{"time":"2026-03-03T22:10:45.802631898Z","level":"INFO","msg":"engine rule metrics","component":"api","request_id":"","rule_id":"no-cycles","executions":1,"issues_emitted":0,"total_duration_ns":2641}
{"time":"2026-03-03T22:10:45.802634828Z","level":"INFO","msg":"engine rule metrics","component":"api","request_id":"","rule_id":"no-disconnected-nodes","executions":1,"issues_emitted":0,"total_duration_ns":532}
{"time":"2026-03-03T22:10:45.802637899Z","level":"INFO","msg":"engine rule metrics","component":"api","request_id":"","rule_id":"no-duplicate-node-ids","executions":1,"issues_emitted":0,"total_duration_ns":408}
{"time":"2026-03-03T22:10:45.802734551Z","level":"INFO","msg":"engine rule metrics","component":"api","request_id":"","rule_id":"max-depth","executions":1,"issues_emitted":0,"total_duration_ns":3387}
{"time":"2026-03-03T22:10:45.802739424Z","level":"INFO","msg":"engine rule metrics","component":"api","request_id":"","rule_id":"max-fanout","executions":1,"issues_emitted":1,"total_duration_ns":2015}
{"time":"2026-03-03T22:10:45.802743059Z","level":"INFO","msg":"engine rule metrics","component":"api","request_id":"","rule_id":"no-cycles","executions":1,"issues_emitted":0,"total_duration_ns":7346}
{"time":"2026-03-03T22:10:45.802746265Z","level":"INFO","msg":"engine rule metrics","component":"api","request_id":"","rule_id":"no-disconnected-nodes","executions":1,"issues_emitted":0,"total_duration_ns":781}
{"time":"2026-03-03T22:10:45.802750203Z","level":"INFO","msg":"engine rule metrics","component":"api","request_id":"","rule_id":"no-duplicate-node-ids","executions":1,"issues_emitted":0,"total_duration_ns":485}
{"time":"2026-03-03T22:10:45.80284744Z","level":"INFO","msg":"engine rule metrics","component":"api","request_id":"","rule_id":"max-depth","executions":1,"issues_emitted":0,"total_duration_ns":3605}
{"time":"2026-03-03T22:10:45.802852674Z","level":"INFO","msg":"engine rule metrics","component":"api","request_id":"","rule_id":"max-fanout","executions":1,"issues_emitted":1,"total_duration_ns":1982}
{"time":"2026-03-03T22:10:45.802856818Z","level":"INFO","msg":"engine rule metrics","component":"api","request_id":"","rule_id":"no-cycles","executions":1,"issues_emitted":0,"total_duration_ns":2359}
{"time":"2026-03-03T22:10:45.802860372Z","level":"INFO","msg":"engine rule metrics","component":"api","request_id":"","rule_id":"no-disconnected-nodes","executions":1,"issues_emitted":0,"total_duration_ns":739}
{"time":"2026-03-03T22:10:45.802863659Z","level":"INFO","msg":"engine rule metrics","component":"api","request_id":"","rule_id":"no-duplicate-node-ids","executions":1,"issues_emitted":0,"total_duration_ns":601}
{"time":"2026-03-03T22:10:45.802954396Z","level":"INFO","msg":"engine rule metrics","component":"api","request_id":"","rule_id":"max-depth","executions":1,"issues_emitted":0,"total_duration_ns":3610}
{"time":"2026-03-03T22:10:45.802959145Z","level":"INFO","msg":"engine rule metrics","component":"api","request_id":"","rule_id":"max-fanout","executions":1,"issues_emitted":1,"total_duration_ns":1818}
{"time":"2026-03-03T22:10:45.802962704Z","level":"INFO","msg":"engine rule metrics","component":"api","request_id":"","rule_id":"no-cycles","executions":1,"issues_emitted":0,"total_duration_ns":2582}
{"time":"2026-03-03T22:10:45.802965936Z","level":"INFO","msg":"engine rule metrics","component":"api","request_id":"","rule_id":"no-disconnected-nodes","executions":1,"issues_emitted":0,"total_duration_ns":639}
{"time":"2026-03-03T22:10:45.802969238Z","level":"INFO","msg":"engine rule metrics","component":"api","request_id":"","rule_id":"no-duplicate-node-ids","executions":1,"issues_emitted":0,"total_duration_ns":587}
{"time":"2026-03-03T22:10:45.803056176Z","level":"INFO","msg":"engine rule metrics","component":"api","request_id":"","rule_id":"max-depth","executions":1,"issues_emitted":0,"total_duration_ns":3138}
{"time":"2026-03-03T22:10:45.803060389Z","level":"INFO","msg":"engine rule metrics","component":"api","request_id":"","rule_id":"max-fanout","executions":1,"issues_emitted":1,"total_duration_ns":1805}
{"time":"2026-03-03T22:10:45.803063679Z","level":"INFO","msg":"engine rule metrics","component":"api","request_id":"","rule_id":"no-cycles","executions":1,"issues_emitted":0,"total_duration_ns":2787}
{"time":"2026-03-03T22:10:45.803066743Z","level":"INFO","msg":"engine rule metrics","component":"api","request_id":"","rule_id":"no-disconnected-nodes","executions":1,"issues_emitted":0,"total_duration_ns":800}
{"time":"2026-03-03T22:10:45.803069673Z","level":"INFO","msg":"engine rule metrics","component":"api","request_id":"","rule_id":"no-duplicate-node-ids","executions":1,"issues_emitted":0,"total_duration_ns":510}
{"time":"2026-03-03T22:10:45.803153811Z","level":"INFO","msg":"engine rule metrics","component":"api","request_id":"","rule_id":"max-depth","executions":1,"issues_emitted":0,"total_duration_ns":2918}
{"time":"2026-03-03T22:10:45.803157978Z","level":"INFO","msg":"engine rule metrics","component":"api","request_id":"","rule_id":"max-fanout","executions":1,"issues_emitted":1,"total_duration_ns":2398}
{"time":"2026-03-03T22:10:45.803161185Z","level":"INFO","msg":"engine rule metrics","component":"api","request_id":"","rule_id":"no-cycles","executions":1,"issues_emitted":0,"total_duration_ns":2158}
{"time":"2026-03-03T22:10:45.803200711Z","level":"INFO","msg":"engine rule metrics","component":"api","request_id":"","rule_id":"max-depth","executions":1,"issues_emitted":0,"total_duration_ns":3297}
{"time":"2026-03-03T22:10:45.803206089Z","level":"INFO","msg":"engine rule metrics","component":"api","request_id":"","rule_id":"max-fanout","executions":1,"issues_emitted":1,"total_duration_ns":2166}
{"time":"2026-03-03T22:10:45.803209172Z","level":"INFO","msg":"engine rule metrics","component":"api","request_id":"","rule_id":"no-cycles","executions":1,"issues_emitted":0,"total_duration_ns":2518}
{"time":"2026-03-03T22:10:45.80321207Z","level":"INFO","msg":"engine rule metrics","component":"api","request_id":"","rule_id":"no-disconnected-nodes","executions":1,"issues_emitted":0,"total_duration_ns":737}
{"time":"2026-03-03T22:10:45.803215142Z","level":"INFO","msg":"engine rule metrics","component":"api","request_id":"","rule_id":"no-duplicate-node-ids","executions":1,"issues_emitted":0,"total_duration_ns":536}
{"time":"2026-03-03T22:10:45.803336786Z","level":"INFO","msg":"engine rule metrics","component":"api","request_id":"","rule_id":"max-depth","executions":1,"issues_emitted":0,"total_duration_ns":3373}
{"time":"2026-03-03T22:10:45.803350403Z","level":"INFO","msg":"engine rule metrics","component":"api","request_id":"","rule_id":"max-fanout","executions":1,"issues_emitted":1,"total_duration_ns":1689}
{"time":"2026-03-03T22:10:45.803353525Z","level":"INFO","msg":"engine rule metrics","component":"api","request_id":"","rule_id":"no-cycles","executions":1,"issues_emitted":0,"total_duration_ns":2550}
{"time":"2026-03-03T22:10:45.803356337Z","level":"INFO","msg":"engine rule metrics","component":"api","request_id":"","rule_id":"no-disconnected-nodes","executions":1,"issues_emitted":0,"total_duration_ns":441}
{"time":"2026-03-03T22:10:45.803359994Z","level":"INFO","msg":"engine rule metrics","component":"api","request_id":"","rule_id":"no-duplicate-node-ids","executions":1,"issues_emitted":0,"total_duration_ns":454}
{"time":"2026-03-03T22:10:45.803957404Z","level":"INFO","msg":"engine rule metrics","component":"api","request_id":"","rule_id":"max-depth","executions":1,"issues_emitted":0,"total_duration_ns":5004}
{"time":"2026-03-03T22:10:45.803968664Z","level":"INFO","msg":"engine rule metrics","component":"api","request_id":"","rule_id":"max-fanout","executions":1,"issues_emitted":1,"total_duration_ns":7256}
{"time":"2026-03-03T22:10:45.803972406Z","level":"INFO","msg":"engine rule metrics","component":"api","request_id":"","rule_id":"no-cycles","executions":1,"issues_emitted":0,"total_duration_ns":5458}
{"time":"2026-03-03T22:10:45.803975429Z","level":"INFO","msg":"engine rule metrics","component":"api","request_id":"","rule_id":"no-disconnected-nodes","executions":1,"issues_emitted":0,"total_duration_ns":867}
{"time":"2026-03-03T22:10:45.80397881Z","level":"INFO","msg":"engine rule metrics","component":"api","request_id":"","rule_id":"no-duplicate-node-ids","executions":1,"issues_emitted":0,"total_duration_ns":701}
{"time":"2026-03-03T22:10:45.80475461Z","level":"INFO","msg":"engine rule metrics","component":"api","request_id":"","rule_id":"max-depth","executions":1,"issues_emitted":0,"total_duration_ns":4989}
{"time":"2026-03-03T22:10:45.804765418Z","level":"INFO","msg":"engine rule metrics","component":"api","request_id":"","rule_id":"max-fanout","executions":1,"issues_emitted":1,"total_duration_ns":2924}
{"time":"2026-03-03T22:10:45.804769381Z","level":"INFO","msg":"engine rule metrics","component":"api","request_id":"","rule_id":"no-cycles","executions":1,"issues_emitted":0,"total_duration_ns":4525}
{"time":"2026-03-03T22:10:45.804773067Z","level":"INFO","msg":"engine rule metrics","component":"api","request_id":"","rule_id":"no-disconnected-nodes","executions":1,"issues_emitted":0,"total_duration_ns":4620}
{"time":"2026-03-03T22:10:45.804781549Z","level":"INFO","msg":"engine rule metrics","component":"api","request_id":"","rule_id":"no-duplicate-node-ids","executions":1,"issues_emitted":0,"total_duration_ns":737}
{"time":"2026-03-03T22:10:45.804570981Z","level":"INFO","msg":"engine rule metrics","component":"api","request_id":"","rule_id":"no-disconnected-nodes","executions":1,"issues_emitted":0,"total_duration_ns":489}
{"time":"2026-03-03T22:10:45.805193636Z","level":"INFO","msg":"engine rule metrics","component":"api","request_id":"","rule_id":"no-duplicate-node-ids","executions":1,"issues_emitted":0,"total_duration_ns":524}
{"time":"2026-03-03T22:10:45.806110468Z","level":"INFO","msg":"engine rule metrics","component":"api","request_id":"","rule_id":"max-depth","executions":1,"issues_emitted":0,"total_duration_ns":4107}
{"time":"2026-03-03T22:10:45.806121798Z","level":"INFO","msg":"engine rule metrics","component":"api","request_id":"","rule_id":"max-fanout","executions":1,"issues_emitted":1,"total_duration_ns":10376}
{"time":"2026-03-03T22:10:45.806125612Z","level":"INFO","msg":"engine rule metrics","component":"api","request_id":"","rule_id":"no-cycles","executions":1,"issues_emitted":0,"total_duration_ns":3655}
{"time":"2026-03-03T22:10:45.806128813Z","level":"INFO","msg":"engine rule metrics","component":"api","request_id":"","rule_id":"no-disconnected-nodes","executions":1,"issues_emitted":0,"total_duration_ns":954}
{"time":"2026-03-03T22:10:45.806132255Z","level":"INFO","msg":"engine rule metrics","component":"api","request_id":"","rule_id":"no-duplicate-node-ids","executions":1,"issues_emitted":0,"total_duration_ns":722}
{"time":"2026-03-03T22:10:45.806250995Z","level":"INFO","msg":"engine rule metrics","component":"api","request_id":"","rule_id":"max-depth","executions":1,"issues_emitted":0,"total_duration_ns":3895}
{"time":"2026-03-03T22:10:45.806256473Z","level":"INFO","msg":"engine rule metrics","component":"api","request_id":"","rule_id":"max-fanout","executions":1,"issues_emitted":1,"total_duration_ns":2160}
{"time":"2026-03-03T22:10:45.806259575Z","level":"INFO","msg":"engine rule metrics","component":"api","request_id":"","rule_id":"no-cycles","executions":1,"issues_emitted":0,"total_duration_ns":2897}
{"time":"2026-03-03T22:10:45.806262514Z","level":"INFO","msg":"engine rule metrics","component":"api","request_id":"","rule_id":"no-disconnected-nodes","executions":1,"issues_emitted":0,"total_duration_ns":799}
{"time":"2026-03-03T22:10:45.806265583Z","level":"INFO","msg":"engine rule metrics","component":"api","request_id":"","rule_id":"no-duplicate-node-ids","executions":1,"issues_emitted":0,"total_duration_ns":703}
{"time":"2026-03-03T22:10:45.806350868Z","level":"INFO","msg":"engine rule metrics","component":"api","request_id":"","rule_id":"max-depth","executions":1,"issues_emitted":0,"total_duration_ns":3307}
{"time":"2026-03-03T22:10:45.806354912Z","level":"INFO","msg":"engine rule metrics","component":"api","request_id":"","rule_id":"max-fanout","executions":1,"issues_emitted":1,"total_duration_ns":1973}
{"time":"2026-03-03T22:10:45.806357928Z","level":"INFO","msg":"engine rule metrics","component":"api","request_id":"","rule_id":"no-cycles","executions":1,"issues_emitted":0,"total_duration_ns":2558}
{"time":"2026-03-03T22:10:45.806361027Z","level":"INFO","msg":"engine rule metrics","component":"api","request_id":"","rule_id":"no-disconnected-nodes","executions":1,"issues_emitted":0,"total_duration_ns":661}
{"time":"2026-03-03T22:10:45.806363917Z","level":"INFO","msg":"engine rule metrics","component":"api","request_id":"","rule_id":"no-duplicate-node-ids","executions":1,"issues_emitted":0,"total_duration_ns":523}
{"time":"2026-03-03T22:10:45.806442695Z","level":"INFO","msg":"engine rule metrics","component":"api","request_id":"","rule_id":"max-depth","executions":1,"issues_emitted":0,"total_duration_ns":3354}
{"time":"2026-03-03T22:10:45.806446977Z","level":"INFO","msg":"engine rule metrics","component":"api","request_id":"","rule_id":"max-fanout","executions":1,"issues_emitted":1,"total_duration_ns":1538}
{"time":"2026-03-03T22:10:45.80644997Z","level":"INFO","msg":"engine rule metrics","component":"api","request_id":"","rule_id":"no-cycles","executions":1,"issues_emitted":0,"total_duration_ns":2461}
{"time":"2026-03-03T22:10:45.806452983Z","level":"INFO","msg":"engine rule metrics","component":"api","request_id":"","rule_id":"no-disconnected-nodes","executions":1,"issues_emitted":0,"total_duration_ns":644}
{"time":"2026-03-03T22:10:45.806455978Z","level":"INFO","msg":"engine rule metrics","component":"api","request_id":"","rule_id":"no-duplicate-node-ids","executions":1,"issues_emitted":0,"total_duration_ns":536}
{"time":"2026-03-03T22:10:45.806532901Z","level":"INFO","msg":"engine rule metrics","component":"api","request_id":"","rule_id":"max-depth","executions":1,"issues_emitted":0,"total_duration_ns":3279}
{"time":"2026-03-03T22:10:45.806539631Z","level":"INFO","msg":"engine rule metrics","component":"api","request_id":"","rule_id":"max-fanout","executions":1,"issues_emitted":1,"total_duration_ns":1673}
{"time":"2026-03-03T22:10:45.806542817Z","level":"INFO","msg":"engine rule metrics","component":"api","request_id":"","rule_id":"no-cycles","executions":1,"issues_emitted":0,"total_duration_ns":2159}
{"time":"2026-03-03T22:10:45.806545699Z","level":"INFO","msg":"engine rule metrics","component":"api","request_id":"","rule_id":"no-disconnected-nodes","executions":1,"issues_emitted":0,"total_duration_ns":631}
{"time":"2026-03-03T22:10:45.806548648Z","level":"INFO","msg":"engine rule metrics","component":"api","request_id":"","rule_id":"no-duplicate-node-ids","executions":1,"issues_emitted":0,"total_duration_ns":565}
{"time":"2026-03-03T22:10:45.806622635Z","level":"INFO","msg":"engine rule metrics","component":"api","request_id":"","rule_id":"max-depth","executions":1,"issues_emitted":0,"total_duration_ns":2795}
{"time":"2026-03-03T22:10:45.806626845Z","level":"INFO","msg":"engine rule metrics","component":"api","request_id":"","rule_id":"max-fanout","executions":1,"issues_emitted":1,"total_duration_ns":1618}
{"time":"2026-03-03T22:10:45.806630005Z","level":"INFO","msg":"engine rule metrics","component":"api","request_id":"","rule_id":"no-cycles","executions":1,"issues_emitted":0,"total_duration_ns":2282}
{"time":"2026-03-03T22:10:45.806633101Z","level":"INFO","msg":"engine rule metrics","component":"api","request_id":"","rule_id":"no-disconnected-nodes","executions":1,"issues_emitted":0,"total_duration_ns":634}
{"time":"2026-03-03T22:10:45.806636221Z","level":"INFO","msg":"engine rule metrics","component":"api","request_id":"","rule_id":"no-duplicate-node-ids","executions":1,"issues_emitted":0,"total_duration_ns":495}
{"time":"2026-03-03T22:10:45.806713794Z","level":"INFO","msg":"engine rule metrics","component":"api","request_id":"","rule_id":"max-depth","executions":1,"issues_emitted":0,"total_duration_ns":3260}
{"time":"2026-03-03T22:10:45.80671807Z","level":"INFO","msg":"engine rule metrics","component":"api","request_id":"","rule_id":"max-fanout","executions":1,"issues_emitted":1,"total_duration_ns":1754}
{"time":"2026-03-03T22:10:45.806721338Z","level":"INFO","msg":"engine rule metrics","component":"api","request_id":"","rule_id":"no-cycles","executions":1,"issues_emitted":0,"total_duration_ns":2246}
{"time":"2026-03-03T22:10:45.806724254Z","level":"INFO","msg":"engine rule metrics","component":"api","request_id":"","rule_id":"no-disconnected-nodes","executions":1,"issues_emitted":0,"total_duration_ns":496}
{"time":"2026-03-03T22:10:45.80672708Z","level":"INFO","msg":"engine rule metrics","component":"api","request_id":"","rule_id":"no-duplicate-node-ids","executions":1,"issues_emitted":0,"total_duration_ns":535}
{"time":"2026-03-03T22:10:45.806798266Z","level":"INFO","msg":"engine rule metrics","component":"api","request_id":"","rule_id":"max-depth","executions":1,"issues_emitted":0,"total_duration_ns":3228}
{"time":"2026-03-03T22:10:45.806802567Z","level":"INFO","msg":"engine rule metrics","component":"api","request_id":"","rule_id":"max-fanout","executions":1,"issues_emitted":1,"total_duration_ns":1490}
{"time":"2026-03-03T22:10:45.806805861Z","level":"INFO","msg":"engine rule metrics","component":"api","request_id":"","rule_id":"no-cycles","executions":1,"issues_emitted":0,"total_duration_ns":2198}
{"time":"2026-03-03T22:10:45.806809125Z","level":"INFO","msg":"engine rule metrics","component":"api","request_id":"","rule_id":"no-disconnected-nodes","executions":1,"issues_emitted":0,"total_duration_ns":516}
{"time":"2026-03-03T22:10:45.80681233Z","level":"INFO","msg":"engine rule metrics","component":"api","request_id":"","rule_id":"no-duplicate-node-ids","executions":1,"issues_emitted":0,"total_duration_ns":467}
{"time":"2026-03-03T22:10:45.806892456Z","level":"INFO","msg":"engine rule metrics","component":"api","request_id":"","rule_id":"max-depth","executions":1,"issues_emitted":0,"total_duration_ns":4108}
{"time":"2026-03-03T22:10:45.806897876Z","level":"INFO","msg":"engine rule metrics","component":"api","request_id":"","rule_id":"max-fanout","executions":1,"issues_emitted":1,"total_duration_ns":1926}
{"time":"2026-03-03T22:10:45.806901143Z","level":"INFO","msg":"engine rule metrics","component":"api","request_id":"","rule_id":"no-cycles","executions":1,"issues_emitted":0,"total_duration_ns":2535}
{"time":"2026-03-03T22:10:45.806904359Z","level":"INFO","msg":"engine rule metrics","component":"api","request_id":"","rule_id":"no-disconnected-nodes","executions":1,"issues_emitted":0,"total_duration_ns":669}
{"time":"2026-03-03T22:10:45.806907568Z","level":"INFO","msg":"engine rule metrics","component":"api","request_id":"","rule_id":"no-duplicate-node-ids","executions":1,"issues_emitted":0,"total_duration_ns":545}
{"time":"2026-03-03T22:10:45.806985008Z","level":"INFO","msg":"engine rule metrics","component":"api","request_id":"","rule_id":"max-depth","executions":1,"issues_emitted":0,"total_duration_ns":3272}
{"time":"2026-03-03T22:10:45.806989097Z","level":"INFO","msg":"engine rule metrics","component":"api","request_id":"","rule_id":"max-fanout","executions":1,"issues_emitted":1,"total_duration_ns":1675}
{"time":"2026-03-03T22:10:45.806992339Z","level":"INFO","msg":"engine rule metrics","component":"api","request_id":"","rule_id":"no-cycles","executions":1,"issues_emitted":0,"total_duration_ns":2541}
{"time":"2026-03-03T22:10:45.806995475Z","level":"INFO","msg":"engine rule metrics","component":"api","request_id":"","rule_id":"no-disconnected-nodes","executions":1,"issues_emitted":0,"total_duration_ns":648}
{"time":"2026-03-03T22:10:45.806999355Z","level":"INFO","msg":"engine rule metrics","component":"api","request_id":"","rule_id":"no-duplicate-node-ids","executions":1,"issues_emitted":0,"total_duration_ns":618}
{"time":"2026-03-03T22:10:45.807077142Z","level":"INFO","msg":"engine rule metrics","component":"api","request_id":"","rule_id":"max-depth","executions":1,"issues_emitted":0,"total_duration_ns":3682}
{"time":"2026-03-03T22:10:45.807080929Z","level":"INFO","msg":"engine rule metrics","component":"api","request_id":"","rule_id":"max-fanout","executions":1,"issues_emitted":1,"total_duration_ns":1735}
{"time":"2026-03-03T22:10:45.807083843Z","level":"INFO","msg":"engine rule metrics","component":"api","request_id":"","rule_id":"no-cycles","executions":1,"issues_emitted":0,"total_duration_ns":2423}
{"time":"2026-03-03T22:10:45.807086786Z","level":"INFO","msg":"engine rule metrics","component":"api","request_id":"","rule_id":"no-disconnected-nodes","executions":1,"issues_emitted":0,"total_duration_ns":654}
{"time":"2026-03-03T22:10:45.807089382Z","level":"INFO","msg":"engine rule metrics","component":"api","request_id":"","rule_id":"no-duplicate-node-ids","executions":1,"issues_emitted":0,"total_duration_ns":548}
{"time":"2026-03-03T22:10:45.807163766Z","level":"INFO","msg":"engine rule metrics","component":"api","request_id":"","rule_id":"max-depth","executions":1,"issues_emitted":0,"total_duration_ns":3083}
{"time":"2026-03-03T22:10:45.807186695Z","level":"INFO","msg":"engine rule metrics","component":"api","request_id":"","rule_id":"max-fanout","executions":1,"issues_emitted":1,"total_duration_ns":1692}
{"time":"2026-03-03T22:10:45.807190223Z","level":"INFO","msg":"engine rule metrics","component":"api","request_id":"","rule_id":"no-cycles","executions":1,"issues_emitted":0,"total_duration_ns":2533}
{"time":"2026-03-03T22:10:45.807192907Z","level":"INFO","msg":"engine rule metrics","component":"api","request_id":"","rule_id":"no-disconnected-nodes","executions":1,"issues_emitted":0,"total_duration_ns":626}
{"time":"2026-03-03T22:10:45.807195693Z","level":"INFO","msg":"engine rule metrics","component":"api","request_id":"","rule_id":"no-duplicate-node-ids","executions":1,"issues_emitted":0,"total_duration_ns":432}
{"time":"2026-03-03T22:10:45.8072762Z","level":"INFO","msg":"engine rule metrics","component":"api","request_id":"","rule_id":"max-depth","executions":1,"issues_emitted":0,"total_duration_ns":3323}
{"time":"2026-03-03T22:10:45.807281486Z","level":"INFO","msg":"engine rule metrics","component":"api","request_id":"","rule_id":"max-fanout","executions":1,"issues_emitted":1,"total_duration_ns":1952}
{"time":"2026-03-03T22:10:45.807284724Z","level":"INFO","msg":"engine rule metrics","component":"api","request_id":"","rule_id":"no-cycles","executions":1,"issues_emitted":0,"total_duration_ns":2536}
{"time":"2026-03-03T22:10:45.807287828Z","level":"INFO","msg":"engine rule metrics","component":"api","request_id":"","rule_id":"no-disconnected-nodes","executions":1,"issues_emitted":0,"total_duration_ns":617}
{"time":"2026-03-03T22:10:45.807290983Z","level":"INFO","msg":"engine rule metrics","component":"api","request_id":"","rule_id":"no-duplicate-node-ids","executions":1,"issues_emitted":0,"total_duration_ns":582}
{"time":"2026-03-03T22:10:45.807369578Z","level":"INFO","msg":"engine rule metrics","component":"api","request_id":"","rule_id":"max-depth","executions":1,"issues_emitted":0,"total_duration_ns":3586}
{"time":"2026-03-03T22:10:45.807374108Z","level":"INFO","msg":"engine rule metrics","component":"api","request_id":"","rule_id":"max-fanout","executions":1,"issues_emitted":1,"total_duration_ns":1657}
{"time":"2026-03-03T22:10:45.80737737Z","level":"INFO","msg":"engine rule metrics","component":"api","request_id":"","rule_id":"no-cycles","executions":1,"issues_emitted":0,"total_duration_ns":3247}
{"time":"2026-03-03T22:10:45.80738067Z","level":"INFO","msg":"engine rule metrics","component":"api","request_id":"","rule_id":"no-disconnected-nodes","executions":1,"issues_emitted":0,"total_duration_ns":598}
{"time":"2026-03-03T22:10:45.807383721Z","level":"INFO","msg":"engine rule metrics","component":"api","request_id":"","rule_id":"no-duplicate-node-ids","executions":1,"issues_emitted":0,"total_duration_ns":568}
{"time":"2026-03-03T22:10:45.807457963Z","level":"INFO","msg":"engine rule metrics","component":"api","request_id":"","rule_id":"max-depth","executions":1,"issues_emitted":0,"total_duration_ns":3202}
{"time":"2026-03-03T22:10:45.807462378Z","level":"INFO","msg":"engine rule metrics","component":"api","request_id":"","rule_id":"max-fanout","executions":1,"issues_emitted":1,"total_duration_ns":1637}
{"time":"2026-03-03T22:10:45.807465702Z","level":"INFO","msg":"engine rule metrics","component":"api","request_id":"","rule_id":"no-cycles","executions":1,"issues_emitted":0,"total_duration_ns":2829}
{"time":"2026-03-03T22:10:45.807468681Z","level":"INFO","msg":"engine rule metrics","component":"api","request_id":"","rule_id":"no-disconnected-nodes","executions":1,"issues_emitted":0,"total_duration_ns":664}
{"time":"2026-03-03T22:10:45.807471877Z","level":"INFO","msg":"engine rule metrics","component":"api","request_id":"","rule_id":"no-duplicate-node-ids","executions":1,"issues_emitted":0,"total_duration_ns":523}
{"time":"2026-03-03T22:10:45.807556547Z","level":"INFO","msg":"engine rule metrics","component":"api","request_id":"","rule_id":"max-depth","executions":1,"issues_emitted":0,"total_duration_ns":3414}
{"time":"2026-03-03T22:10:45.807561544Z","level":"INFO","msg":"engine rule metrics","component":"api","request_id":"","rule_id":"max-fanout","executions":1,"issues_emitted":1,"total_duration_ns":1742}
{"time":"2026-03-03T22:10:45.807564939Z","level":"INFO","msg":"engine rule metrics","component":"api","request_id":"","rule_id":"no-cycles","executions":1,"issues_emitted":0,"total_duration_ns":2639}
{"time":"2026-03-03T22:10:45.807568146Z","level":"INFO","msg":"engine rule metrics","component":"api","request_id":"","rule_id":"no-disconnected-nodes","executions":1,"issues_emitted":0,"total_duration_ns":698}
{"time":"2026-03-03T22:10:45.80757119Z","level":"INFO","msg":"engine rule metrics","component":"api","request_id":"","rule_id":"no-duplicate-node-ids","executions":1,"issues_emitted":0,"total_duration_ns":725}
{"time":"2026-03-03T22:10:45.807648408Z","level":"INFO","msg":"engine rule metrics","component":"api","request_id":"","rule_id":"max-depth","executions":1,"issues_emitted":0,"total_duration_ns":3477}
{"time":"2026-03-03T22:10:45.807653335Z","level":"INFO","msg":"engine rule metrics","component":"api","request_id":"","rule_id":"max-fanout","executions":1,"issues_emitted":1,"total_duration_ns":1657}
{"time":"2026-03-03T22:10:45.807656599Z","level":"INFO","msg":"engine rule metrics","component":"api","request_id":"","rule_id":"no-cycles","executions":1,"issues_emitted":0,"total_duration_ns":2740}
{"time":"2026-03-03T22:10:45.807659946Z","level":"INFO","msg":"engine rule metrics","component":"api","request_id":"","rule_id":"no-disconnected-nodes","executions":1,"issues_emitted":0,"total_duration_ns":566}
{"time":"2026-03-03T22:10:45.807663115Z","level":"INFO","msg":"engine rule metrics","component":"api","request_id":"","rule_id":"no-duplicate-node-ids","executions":1,"issues_emitted":0,"total_duration_ns":578}
{"time":"2026-03-03T22:10:45.807739182Z","level":"INFO","msg":"engine rule metrics","component":"api","request_id":"","rule_id":"max-depth","executions":1,"issues_emitted":0,"total_duration_ns":3242}
{"time":"2026-03-03T22:10:45.807743446Z","level":"INFO","msg":"engine rule metrics","component":"api","request_id":"","rule_id":"max-fanout","executions":1,"issues_emitted":1,"total_duration_ns":1629}
{"time":"2026-03-03T22:10:45.807746633Z","level":"INFO","msg":"engine rule metrics","component":"api","request_id":"","rule_id":"no-cycles","executions":1,"issues_emitted":0,"total_duration_ns":2633}
{"time":"2026-03-03T22:10:45.807750064Z","level":"INFO","msg":"engine rule metrics","component":"api","request_id":"","rule_id":"no-disconnected-nodes","executions":1,"issues_emitted":0,"total_duration_ns":574}
{"time":"2026-03-03T22:10:45.807752994Z","level":"INFO","msg":"engine rule metrics","component":"api","request_id":"","rule_id":"no-duplicate-node-ids","executions":1,"issues_emitted":0,"total_duration_ns":565}
{"time":"2026-03-03T22:10:45.807825473Z","level":"INFO","msg":"engine rule metrics","component":"api","request_id":"","rule_id":"max-depth","executions":1,"issues_emitted":0,"total_duration_ns":2955}
{"time":"2026-03-03T22:10:45.807829442Z","level":"INFO","msg":"engine rule metrics","component":"api","request_id":"","rule_id":"max-fanout","executions":1,"issues_emitted":1,"total_duration_ns":1488}
{"time":"2026-03-03T22:10:45.807832356Z","level":"INFO","msg":"engine rule metrics","component":"api","request_id":"","rule_id":"no-cycles","executions":1,"issues_emitted":0,"total_duration_ns":2592}
{"time":"2026-03-03T22:10:45.807835273Z","level":"INFO","msg":"engine rule metrics","component":"api","request_id":"","rule_id":"no-disconnected-nodes","executions":1,"issues_emitted":0,"total_duration_ns":672}
{"time":"2026-03-03T22:10:45.807838207Z","level":"INFO","msg":"engine rule metrics","component":"api","request_id":"","rule_id":"no-duplicate-node-ids","executions":1,"issues_emitted":0,"total_duration_ns":403}
{"time":"2026-03-03T22:10:45.807911921Z","level":"INFO","msg":"engine rule metrics","component":"api","request_id":"","rule_id":"max-depth","executions":1,"issues_emitted":0,"total_duration_ns":3103}
{"time":"2026-03-03T22:10:45.807915803Z","level":"INFO","msg":"engine rule metrics","component":"api","request_id":"","rule_id":"max-fanout","executions":1,"issues_emitted":1,"total_duration_ns":1522}
{"time":"2026-03-03T22:10:45.807918895Z","level":"INFO","msg":"engine rule metrics","component":"api","request_id":"","rule_id":"no-cycles","executions":1,"issues_emitted":0,"total_duration_ns":2659}
{"time":"2026-03-03T22:10:45.807921964Z","level":"INFO","msg":"engine rule metrics","component":"api","request_id":"","rule_id":"no-disconnected-nodes","executions":1,"issues_emitted":0,"total_duration_ns":594}
{"time":"2026-03-03T22:10:45.807924743Z","level":"INFO","msg":"engine rule metrics","component":"api","request_id":"","rule_id":"no-duplicate-node-ids","executions":1,"issues_emitted":0,"total_duration_ns":517}
{"time":"2026-03-03T22:10:45.808005489Z","level":"INFO","msg":"engine rule metrics","component":"api","request_id":"","rule_id":"max-depth","executions":1,"issues_emitted":0,"total_duration_ns":3546}
{"time":"2026-03-03T22:10:45.808010615Z","level":"INFO","msg":"engine rule metrics","component":"api","request_id":"","rule_id":"max-fanout","executions":1,"issues_emitted":1,"total_duration_ns":1651}
{"time":"2026-03-03T22:10:45.808014364Z","level":"INFO","msg":"engine rule metrics","component":"api","request_id":"","rule_id":"no-cycles","executions":1,"issues_emitted":0,"total_duration_ns":2591}
{"time":"2026-03-03T22:10:45.808017456Z","level":"INFO","msg":"engine rule metrics","component":"api","request_id":"","rule_id":"no-disconnected-nodes","executions":1,"issues_emitted":0,"total_duration_ns":727}
{"time":"2026-03-03T22:10:45.808020649Z","level":"INFO","msg":"engine rule metrics","component":"api","request_id":"","rule_id":"no-duplicate-node-ids","executions":1,"issues_emitted":0,"total_duration_ns":648}
{"time":"2026-03-03T22:10:45.810035914Z","level":"INFO","msg":"engine rule metrics","component":"api","request_id":"","rule_id":"max-depth","executions":1,"issues_emitted":0,"total_duration_ns":4374}
{"time":"2026-03-03T22:10:45.810077937Z","level":"INFO","msg":"engine rule metrics","component":"api","request_id":"","rule_id":"max-fanout","executions":1,"issues_emitted":1,"total_duration_ns":3810}
{"time":"2026-03-03T22:10:45.81009025Z","level":"INFO","msg":"engine rule metrics","component":"api","request_id":"","rule_id":"no-cycles","executions":1,"issues_emitted":0,"total_duration_ns":4097}
{"time":"2026-03-03T22:10:45.810100457Z","level":"INFO","msg":"engine rule metrics","component":"api","request_id":"","rule_id":"no-disconnected-nodes","executions":1,"issues_emitted":0,"total_duration_ns":988}
{"time":"2026-03-03T22:10:45.810111488Z","level":"INFO","msg":"engine rule metrics","component":"api","request_id":"","rule_id":"no-duplicate-node-ids","executions":1,"issues_emitted":0,"total_duration_ns":764}
--- PASS: TestAnalyze_Stress_ConcurrentMixedPayloads (0.04s)
PASS
ok  	github.com/CyanAutomation/merm8/internal/api	8.546s
=== RUN   TestEngine_DiagramFamilies_FromRegisteredRules
--- PASS: TestEngine_DiagramFamilies_FromRegisteredRules (0.00s)
=== RUN   TestEngine_CleanDiagram
--- PASS: TestEngine_CleanDiagram (0.00s)
=== RUN   TestEngine_DuplicateAndDisconnected
--- PASS: TestEngine_DuplicateAndDisconnected (0.00s)
=== RUN   TestEngine_StableOrderingAcrossRuns
--- PASS: TestEngine_StableOrderingAcrossRuns (0.00s)
=== RUN   TestEngine_StableOrderingAcrossRuleRegistrationOrder
--- PASS: TestEngine_StableOrderingAcrossRuleRegistrationOrder (0.00s)
=== RUN   TestEngine_DeduplicatesEquivalentIssues
--- PASS: TestEngine_DeduplicatesEquivalentIssues (0.00s)
=== RUN   TestEngine_DisabledRuleIsSkipped
--- PASS: TestEngine_DisabledRuleIsSkipped (0.00s)
=== RUN   TestEngine_UnsupportedDiagramTypeReturnsFallbackIssueForDirectEngineUse
--- PASS: TestEngine_UnsupportedDiagramTypeReturnsFallbackIssueForDirectEngineUse (0.00s)
=== RUN   TestEngine_NextLineSuppressionSuppressesOnlyTargetedRule
--- PASS: TestEngine_NextLineSuppressionSuppressesOnlyTargetedRule (0.00s)
=== RUN   TestEngine_NextLineSuppressionWithRulePopulatedLocation
--- PASS: TestEngine_NextLineSuppressionWithRulePopulatedLocation (0.00s)
=== RUN   TestEngine_NextLineSuppressionNonMatchingRuleDoesNotHideIssue
--- PASS: TestEngine_NextLineSuppressionNonMatchingRuleDoesNotHideIssue (0.00s)
=== RUN   TestEngine_FingerprintStableAcrossRuns
--- PASS: TestEngine_FingerprintStableAcrossRuns (0.00s)
=== RUN   TestEngine_FingerprintDiffersForMateriallyDifferentIssues
--- PASS: TestEngine_FingerprintDiffersForMateriallyDifferentIssues (0.00s)
=== RUN   TestEngine_RunWithInstrumentation_RecordsEnabledAndSupportedRulesOnly
--- PASS: TestEngine_RunWithInstrumentation_RecordsEnabledAndSupportedRulesOnly (0.00s)
=== RUN   TestEngine_RunWithInstrumentation_SkipsDisabledRules
--- PASS: TestEngine_RunWithInstrumentation_SkipsDisabledRules (0.00s)
=== RUN   TestEngine_ConfigSuppressionSelectors_Node
--- PASS: TestEngine_ConfigSuppressionSelectors_Node (0.00s)
=== RUN   TestEngine_ConfigSuppressionSelectors_RuleAndSubgraph
--- PASS: TestEngine_ConfigSuppressionSelectors_RuleAndSubgraph (0.00s)
=== RUN   TestEngine_ConfigSuppressionSelectors_MalformedIgnored
--- PASS: TestEngine_ConfigSuppressionSelectors_MalformedIgnored (0.00s)
PASS
ok  	github.com/CyanAutomation/merm8/internal/engine	0.004s
?   	github.com/CyanAutomation/merm8/internal/model	[no test files]
=== RUN   TestTransform_MapsSeverityRuleAndLocation
--- PASS: TestTransform_MapsSeverityRuleAndLocation (0.00s)
=== RUN   TestTransform_OmitsArtifactsWhenNoResults
--- PASS: TestTransform_OmitsArtifactsWhenNoResults (0.00s)
PASS
ok  	github.com/CyanAutomation/merm8/internal/output/sarif	0.002s
=== RUN   TestReadMaxOldSpaceMB_DefaultOnMissing
--- PASS: TestReadMaxOldSpaceMB_DefaultOnMissing (0.00s)
=== RUN   TestReadMaxOldSpaceMB_DefaultOnInvalid
--- PASS: TestReadMaxOldSpaceMB_DefaultOnInvalid (0.00s)
=== RUN   TestReadMaxOldSpaceMB_UsesConfiguredValue
--- PASS: TestReadMaxOldSpaceMB_UsesConfiguredValue (0.00s)
=== RUN   TestReadMaxOldSpaceMB_DefaultOnOutOfRangeValue
--- PASS: TestReadMaxOldSpaceMB_DefaultOnOutOfRangeValue (0.00s)
=== RUN   TestParser_ValidFlowchart
--- PASS: TestParser_ValidFlowchart (0.09s)
=== RUN   TestParser_FlowchartIncludesNodeAndEdgeLocations
--- PASS: TestParser_FlowchartIncludesNodeAndEdgeLocations (0.07s)
=== RUN   TestParser_InvalidMermaid
    parser_test.go:193: syntax error: Diagram type could not be detected. Hint: start the diagram with a Mermaid type keyword like "flowchart", "graph", "sequenceDiagram", "classDiagram", "stateDiagram", or "erDiagram". (line 0, col 0)
--- PASS: TestParser_InvalidMermaid (0.07s)
=== RUN   TestParser_EmptyCode
--- PASS: TestParser_EmptyCode (0.07s)
=== RUN   TestParser_WithDirection
=== RUN   TestParser_WithDirection/Top-Down_(TD)
=== RUN   TestParser_WithDirection/Left-Right_(LR)
=== RUN   TestParser_WithDirection/Bottom-Up_(BT)
=== RUN   TestParser_WithDirection/Right-Left_(RL)
--- PASS: TestParser_WithDirection (0.28s)
    --- PASS: TestParser_WithDirection/Top-Down_(TD) (0.07s)
    --- PASS: TestParser_WithDirection/Left-Right_(LR) (0.07s)
    --- PASS: TestParser_WithDirection/Bottom-Up_(BT) (0.07s)
    --- PASS: TestParser_WithDirection/Right-Left_(RL) (0.07s)
=== RUN   TestParser_MultipleEdges
--- PASS: TestParser_MultipleEdges (0.07s)
=== RUN   TestParser_DiagramTypeMetadata
=== RUN   TestParser_DiagramTypeMetadata/flowchart
=== RUN   TestParser_DiagramTypeMetadata/sequence
=== RUN   TestParser_DiagramTypeMetadata/class
=== RUN   TestParser_DiagramTypeMetadata/er
=== RUN   TestParser_DiagramTypeMetadata/state
--- PASS: TestParser_DiagramTypeMetadata (0.43s)
    --- PASS: TestParser_DiagramTypeMetadata/flowchart (0.13s)
    --- PASS: TestParser_DiagramTypeMetadata/sequence (0.07s)
    --- PASS: TestParser_DiagramTypeMetadata/class (0.07s)
    --- PASS: TestParser_DiagramTypeMetadata/er (0.07s)
    --- PASS: TestParser_DiagramTypeMetadata/state (0.09s)
=== RUN   TestParser_SuppressionDirectiveAliasesAndNextLineTarget
--- PASS: TestParser_SuppressionDirectiveAliasesAndNextLineTarget (0.27s)
=== RUN   TestParser_ParsePrefersTopLevelDiagramType
--- PASS: TestParser_ParsePrefersTopLevelDiagramType (0.16s)
=== RUN   TestParser_ASTExtractionFailureAndContractMapping
=== RUN   TestParser_ASTExtractionFailureAndContractMapping/ast_extraction_style_syntax_failure
=== RUN   TestParser_ASTExtractionFailureAndContractMapping/malformed_json_payload
=== RUN   TestParser_ASTExtractionFailureAndContractMapping/valid_false_without_error_object
--- PASS: TestParser_ASTExtractionFailureAndContractMapping (0.39s)
    --- PASS: TestParser_ASTExtractionFailureAndContractMapping/ast_extraction_style_syntax_failure (0.09s)
    --- PASS: TestParser_ASTExtractionFailureAndContractMapping/malformed_json_payload (0.07s)
    --- PASS: TestParser_ASTExtractionFailureAndContractMapping/valid_false_without_error_object (0.22s)
=== RUN   TestParser_LargeGraph
    parser_test.go:552: parsed 20 nodes, 19 edges in 293.680005ms
--- PASS: TestParser_LargeGraph (0.29s)
=== RUN   TestParser_ValidWithoutASTReturnsInternalError
--- PASS: TestParser_ValidWithoutASTReturnsInternalError (0.27s)
=== RUN   TestParser_SubprocessInternalError
--- PASS: TestParser_SubprocessInternalError (0.18s)
=== RUN   TestParser_TimeoutCategory
--- PASS: TestParser_TimeoutCategory (5.01s)
=== RUN   TestParser_ConcurrentParsing
    parser_test.go:703: all 5 goroutines completed successfully
--- PASS: TestParser_ConcurrentParsing (0.31s)
=== RUN   TestParser_ReadyRejectsTraversalPath
--- PASS: TestParser_ReadyRejectsTraversalPath (0.00s)
=== RUN   TestParser_ReadyRejectsSymlinkPathOutsideWorkingDirectory
--- PASS: TestParser_ReadyRejectsSymlinkPathOutsideWorkingDirectory (0.00s)
=== RUN   TestParser_ParseRejectsPathOutsideWorkingDirectory
--- PASS: TestParser_ParseRejectsPathOutsideWorkingDirectory (0.00s)
=== RUN   TestParser_ReadyRejectsPathOutsideWorkingDirectory
--- PASS: TestParser_ReadyRejectsPathOutsideWorkingDirectory (0.00s)
=== RUN   TestParser_ReadyAcceptsPathInsideWorkingDirectory
--- PASS: TestParser_ReadyAcceptsPathInsideWorkingDirectory (0.03s)
=== RUN   TestParser_RepoRootCachedAcrossWorkingDirectoryChange
--- PASS: TestParser_RepoRootCachedAcrossWorkingDirectoryChange (0.10s)
=== RUN   TestParser_NewFailsWhenRepoRootMissing
--- PASS: TestParser_NewFailsWhenRepoRootMissing (0.00s)
=== RUN   TestParser_VersionInfo
--- PASS: TestParser_VersionInfo (0.05s)
PASS
ok  	github.com/CyanAutomation/merm8/internal/parser	8.161s
=== RUN   TestConfigJSONSchema_UsesMigrationOneOfWithFlatAndVersionedForms
--- PASS: TestConfigJSONSchema_UsesMigrationOneOfWithFlatAndVersionedForms (0.00s)
=== RUN   TestConfigJSONSchema_EncodesAllowedOptionsAndConstraints
--- PASS: TestConfigJSONSchema_EncodesAllowedOptionsAndConstraints (0.00s)
=== RUN   TestConfigJSONSchema_SeverityEnumDoesNotIncludeWarnAlias
--- PASS: TestConfigJSONSchema_SeverityEnumDoesNotIncludeWarnAlias (0.00s)
=== RUN   TestConfigJSONSchema_ValidationAcceptsFlatAndVersionedConfigs
=== RUN   TestConfigJSONSchema_ValidationAcceptsFlatAndVersionedConfigs/{"max-fanout":{"limit":1},"no-cycles":{"enabled":true}}
=== RUN   TestConfigJSONSchema_ValidationAcceptsFlatAndVersionedConfigs/{"schema-version":"v1","rules":{"max-fanout":{"limit":3},"no-cycles":{"enabled":false}}}
--- PASS: TestConfigJSONSchema_ValidationAcceptsFlatAndVersionedConfigs (0.00s)
    --- PASS: TestConfigJSONSchema_ValidationAcceptsFlatAndVersionedConfigs/{"max-fanout":{"limit":1},"no-cycles":{"enabled":true}} (0.00s)
    --- PASS: TestConfigJSONSchema_ValidationAcceptsFlatAndVersionedConfigs/{"schema-version":"v1","rules":{"max-fanout":{"limit":3},"no-cycles":{"enabled":false}}} (0.00s)
=== RUN   TestConfigJSONSchema_ValidationRejectsInvalidConfigs
=== RUN   TestConfigJSONSchema_ValidationRejectsInvalidConfigs/{"max-fanout":{"limit":-1}}
=== RUN   TestConfigJSONSchema_ValidationRejectsInvalidConfigs/{"schema-version":"v1","rules":{"max-fanout":{"limit":-1}}}
=== RUN   TestConfigJSONSchema_ValidationRejectsInvalidConfigs/{"max-fanout":{"limit":"3"}}
=== RUN   TestConfigJSONSchema_ValidationRejectsInvalidConfigs/{"schema-version":"v1","rules":{"max-fanout":{"limit":"3"}}}
=== RUN   TestConfigJSONSchema_ValidationRejectsInvalidConfigs/{"max-fanout":{"limit":0}}
--- PASS: TestConfigJSONSchema_ValidationRejectsInvalidConfigs (0.00s)
    --- PASS: TestConfigJSONSchema_ValidationRejectsInvalidConfigs/{"max-fanout":{"limit":-1}} (0.00s)
    --- PASS: TestConfigJSONSchema_ValidationRejectsInvalidConfigs/{"schema-version":"v1","rules":{"max-fanout":{"limit":-1}}} (0.00s)
    --- PASS: TestConfigJSONSchema_ValidationRejectsInvalidConfigs/{"max-fanout":{"limit":"3"}} (0.00s)
    --- PASS: TestConfigJSONSchema_ValidationRejectsInvalidConfigs/{"schema-version":"v1","rules":{"max-fanout":{"limit":"3"}}} (0.00s)
    --- PASS: TestConfigJSONSchema_ValidationRejectsInvalidConfigs/{"max-fanout":{"limit":0}} (0.00s)
=== RUN   TestConfigV1JSONSchema_MatchesVersionedArtifact
--- PASS: TestConfigV1JSONSchema_MatchesVersionedArtifact (0.00s)
=== RUN   TestNoDuplicateNodeIDs_Clean
--- PASS: TestNoDuplicateNodeIDs_Clean (0.00s)
=== RUN   TestNoDuplicateNodeIDs_Duplicate
--- PASS: TestNoDuplicateNodeIDs_Duplicate (0.00s)
=== RUN   TestNoDuplicateNodeIDs_MultiDuplicate
--- PASS: TestNoDuplicateNodeIDs_MultiDuplicate (0.00s)
=== RUN   TestNoDisconnectedNodes_AllConnected
--- PASS: TestNoDisconnectedNodes_AllConnected (0.00s)
=== RUN   TestNoDisconnectedNodes_Disconnected
--- PASS: TestNoDisconnectedNodes_Disconnected (0.00s)
=== RUN   TestNoDisconnectedNodes_NoEdgesExempt
--- PASS: TestNoDisconnectedNodes_NoEdgesExempt (0.00s)
=== RUN   TestNoDisconnectedNodes_NoEdgesMultipleNodes
--- PASS: TestNoDisconnectedNodes_NoEdgesMultipleNodes (0.00s)
=== RUN   TestMaxFanout_UnderLimit
--- PASS: TestMaxFanout_UnderLimit (0.00s)
=== RUN   TestMaxFanout_OverLimit
--- PASS: TestMaxFanout_OverLimit (0.00s)
=== RUN   TestMaxFanout_CustomLimit
--- PASS: TestMaxFanout_CustomLimit (0.00s)
=== RUN   TestMaxFanout_InvalidLimitsFallbackToDefault
=== RUN   TestMaxFanout_InvalidLimitsFallbackToDefault/zero
=== RUN   TestMaxFanout_InvalidLimitsFallbackToDefault/negative
=== RUN   TestMaxFanout_InvalidLimitsFallbackToDefault/fractional_float
=== RUN   TestMaxFanout_InvalidLimitsFallbackToDefault/string
--- PASS: TestMaxFanout_InvalidLimitsFallbackToDefault (0.00s)
    --- PASS: TestMaxFanout_InvalidLimitsFallbackToDefault/zero (0.00s)
    --- PASS: TestMaxFanout_InvalidLimitsFallbackToDefault/negative (0.00s)
    --- PASS: TestMaxFanout_InvalidLimitsFallbackToDefault/fractional_float (0.00s)
    --- PASS: TestMaxFanout_InvalidLimitsFallbackToDefault/string (0.00s)
=== RUN   TestMaxFanout_SeverityOverride
--- PASS: TestMaxFanout_SeverityOverride (0.00s)
=== RUN   TestNoDuplicateNodeIDs_SeverityOverride
--- PASS: TestNoDuplicateNodeIDs_SeverityOverride (0.00s)
=== RUN   TestSeverityOverride_NormalizesCaseAndWhitespace
=== RUN   TestSeverityOverride_NormalizesCaseAndWhitespace/upper_error
=== RUN   TestSeverityOverride_NormalizesCaseAndWhitespace/title_warning
=== RUN   TestSeverityOverride_NormalizesCaseAndWhitespace/title_info_with_spaces
--- PASS: TestSeverityOverride_NormalizesCaseAndWhitespace (0.00s)
    --- PASS: TestSeverityOverride_NormalizesCaseAndWhitespace/upper_error (0.00s)
    --- PASS: TestSeverityOverride_NormalizesCaseAndWhitespace/title_warning (0.00s)
    --- PASS: TestSeverityOverride_NormalizesCaseAndWhitespace/title_info_with_spaces (0.00s)
=== RUN   TestValidateConfig_RejectsWarnAlias
--- PASS: TestValidateConfig_RejectsWarnAlias (0.00s)
=== RUN   TestNoDuplicateNodeIDs_UsesDuplicateNodeLocation
--- PASS: TestNoDuplicateNodeIDs_UsesDuplicateNodeLocation (0.00s)
=== RUN   TestNoDisconnectedNodes_UsesNodeLocation
--- PASS: TestNoDisconnectedNodes_UsesNodeLocation (0.00s)
=== RUN   TestMaxFanout_UsesNodeLocation
--- PASS: TestMaxFanout_UsesNodeLocation (0.00s)
=== RUN   TestRuleEnabled_DefaultAndConfigured
--- PASS: TestRuleEnabled_DefaultAndConfigured (0.00s)
=== RUN   TestNormalizeConfig_KeyAliases
--- PASS: TestNormalizeConfig_KeyAliases (0.00s)
=== RUN   TestNormalizeConfig_LegacySnakeCaseAlias
--- PASS: TestNormalizeConfig_LegacySnakeCaseAlias (0.00s)
=== RUN   TestNormalizeConfig_UnknownRuleID
--- PASS: TestNormalizeConfig_UnknownRuleID (0.00s)
=== RUN   TestConfigRegistry_ContainsBuiltins
--- PASS: TestConfigRegistry_ContainsBuiltins (0.00s)
=== RUN   TestValidateOption_MaxFanoutLimit
--- PASS: TestValidateOption_MaxFanoutLimit (0.00s)
=== RUN   TestNoDuplicateNodeIDs_SubgraphContextUsesDuplicateOccurrence
--- PASS: TestNoDuplicateNodeIDs_SubgraphContextUsesDuplicateOccurrence (0.00s)
=== RUN   TestNoDuplicateNodeIDs_SubgraphContextAbsentWhenDuplicateOutsideSubgraph
--- PASS: TestNoDuplicateNodeIDs_SubgraphContextAbsentWhenDuplicateOutsideSubgraph (0.00s)
=== RUN   TestNoDisconnectedNodes_SubgraphContextPresentForMemberNode
--- PASS: TestNoDisconnectedNodes_SubgraphContextPresentForMemberNode (0.00s)
=== RUN   TestNoDisconnectedNodes_SubgraphContextAbsentForNonMemberNode
--- PASS: TestNoDisconnectedNodes_SubgraphContextAbsentForNonMemberNode (0.00s)
=== RUN   TestNoCycles_DetectsDirectedCycle
--- PASS: TestNoCycles_DetectsDirectedCycle (0.00s)
=== RUN   TestNoCycles_DeduplicatesRotations
--- PASS: TestNoCycles_DeduplicatesRotations (0.00s)
=== RUN   TestNoCycles_AllowSelfLoopOption
--- PASS: TestNoCycles_AllowSelfLoopOption (0.00s)
=== RUN   TestMaxDepth_OverLimit
--- PASS: TestMaxDepth_OverLimit (0.00s)
=== RUN   TestMaxDepth_NoRootsDoesNotDuplicateIssues
--- PASS: TestMaxDepth_NoRootsDoesNotDuplicateIssues (0.00s)
=== RUN   TestMaxDepth_UnderDefaultLimit
--- PASS: TestMaxDepth_UnderDefaultLimit (0.00s)
=== RUN   TestValidateOption_NewRules
--- PASS: TestValidateOption_NewRules (0.00s)
PASS
ok  	github.com/CyanAutomation/merm8/internal/rules	0.009s
?   	github.com/CyanAutomation/merm8/internal/telemetry	[no test files]
?   	github.com/CyanAutomation/merm8/scripts	[no test files]
